Component: ARM Compiler 5.06 update 6 (build 750) Tool: armlink [4d35ed]

==============================================================================

Section Cross References

    startup_stm32f103xb.o(STACK) refers (Special) to heapauxi.o(.text) for __use_two_region_memory
    startup_stm32f103xb.o(HEAP) refers (Special) to heapauxi.o(.text) for __use_two_region_memory
    startup_stm32f103xb.o(RESET) refers (Special) to heapauxi.o(.text) for __use_two_region_memory
    startup_stm32f103xb.o(RESET) refers to startup_stm32f103xb.o(STACK) for __initial_sp
    startup_stm32f103xb.o(RESET) refers to startup_stm32f103xb.o(.text) for Reset_Handler
    startup_stm32f103xb.o(RESET) refers to stm32f1xx_it.o(i.NMI_Handler) for NMI_Handler
    startup_stm32f103xb.o(RESET) refers to stm32f1xx_it.o(i.HardFault_Handler) for HardFault_Handler
    startup_stm32f103xb.o(RESET) refers to stm32f1xx_it.o(i.MemManage_Handler) for MemManage_Handler
    startup_stm32f103xb.o(RESET) refers to stm32f1xx_it.o(i.BusFault_Handler) for BusFault_Handler
    startup_stm32f103xb.o(RESET) refers to stm32f1xx_it.o(i.UsageFault_Handler) for UsageFault_Handler
    startup_stm32f103xb.o(RESET) refers to stm32f1xx_it.o(i.SVC_Handler) for SVC_Handler
    startup_stm32f103xb.o(RESET) refers to stm32f1xx_it.o(i.DebugMon_Handler) for DebugMon_Handler
    startup_stm32f103xb.o(RESET) refers to stm32f1xx_it.o(i.PendSV_Handler) for PendSV_Handler
    startup_stm32f103xb.o(RESET) refers to stm32f1xx_it.o(i.SysTick_Handler) for SysTick_Handler
    startup_stm32f103xb.o(RESET) refers to stm32f1xx_it.o(i.TIM2_IRQHandler) for TIM2_IRQHandler
    startup_stm32f103xb.o(RESET) refers to stm32f1xx_it.o(i.USART1_IRQHandler) for USART1_IRQHandler
    startup_stm32f103xb.o(.text) refers (Special) to heapauxi.o(.text) for __use_two_region_memory
    startup_stm32f103xb.o(.text) refers to system_stm32f1xx.o(i.SystemInit) for SystemInit
    startup_stm32f103xb.o(.text) refers to __main.o(!!!main) for __main
    startup_stm32f103xb.o(.text) refers to startup_stm32f103xb.o(HEAP) for Heap_Mem
    startup_stm32f103xb.o(.text) refers to startup_stm32f103xb.o(STACK) for Stack_Mem
    ina219.o(i.INA219_Init) refers to stm32f1xx_hal_i2c.o(i.HAL_I2C_IsDeviceReady) for HAL_I2C_IsDeviceReady
    ina219.o(i.INA219_Init) refers to ina219.o(i.INA219_Reset) for INA219_Reset
    ina219.o(i.INA219_Init) refers to ina219.o(i.INA219_setCalibration_32V_2A) for INA219_setCalibration_32V_2A
    ina219.o(i.INA219_Init) refers to ina219.o(.data) for .data
    ina219.o(i.INA219_ReadBusVoltage) refers to ina219.o(i.Read16) for Read16
    ina219.o(i.INA219_ReadCurrent) refers to ina219.o(i.INA219_ReadCurrent_raw) for INA219_ReadCurrent_raw
    ina219.o(i.INA219_ReadCurrent) refers to ina219.o(.data) for .data
    ina219.o(i.INA219_ReadCurrent_raw) refers to ina219.o(i.Read16) for Read16
    ina219.o(i.INA219_ReadPower) refers to ina219.o(i.INA219_ReadPower_raw) for INA219_ReadPower_raw
    ina219.o(i.INA219_ReadPower) refers to fflt_clz.o(x$fpl$ffltu) for __aeabi_ui2f
    ina219.o(i.INA219_ReadPower) refers to fmul.o(x$fpl$fmul) for __aeabi_fmul
    ina219.o(i.INA219_ReadPower) refers to ina219.o(.data) for .data
    ina219.o(i.INA219_ReadPower_raw) refers to ina219.o(i.Read16) for Read16
    ina219.o(i.INA219_ReadShuntVoltage) refers to ina219.o(i.Read16) for Read16
    ina219.o(i.INA219_ReadShuntVoltage) refers to fflt_clz.o(x$fpl$fflt) for __aeabi_i2f
    ina219.o(i.INA219_ReadShuntVoltage) refers to fmul.o(x$fpl$fmul) for __aeabi_fmul
    ina219.o(i.INA219_Reset) refers to ina219.o(i.Write16) for Write16
    ina219.o(i.INA219_Reset) refers to stm32f1xx_hal.o(i.HAL_Delay) for HAL_Delay
    ina219.o(i.INA219_getConfig) refers to ina219.o(i.Read16) for Read16
    ina219.o(i.INA219_setCalibration) refers to ina219.o(i.Write16) for Write16
    ina219.o(i.INA219_setCalibration_16V_400mA) refers to ina219.o(i.INA219_setCalibration) for INA219_setCalibration
    ina219.o(i.INA219_setCalibration_16V_400mA) refers to ina219.o(i.INA219_setConfig) for INA219_setConfig
    ina219.o(i.INA219_setCalibration_16V_400mA) refers to ina219.o(.data) for .data
    ina219.o(i.INA219_setCalibration_32V_1A) refers to ina219.o(i.INA219_setCalibration) for INA219_setCalibration
    ina219.o(i.INA219_setCalibration_32V_1A) refers to ina219.o(i.INA219_setConfig) for INA219_setConfig
    ina219.o(i.INA219_setCalibration_32V_1A) refers to ina219.o(.data) for .data
    ina219.o(i.INA219_setCalibration_32V_2A) refers to ina219.o(i.INA219_setCalibration) for INA219_setCalibration
    ina219.o(i.INA219_setCalibration_32V_2A) refers to ina219.o(i.INA219_setConfig) for INA219_setConfig
    ina219.o(i.INA219_setCalibration_32V_2A) refers to ina219.o(.data) for .data
    ina219.o(i.INA219_setConfig) refers to ina219.o(i.Write16) for Write16
    ina219.o(i.INA219_setPowerMode) refers to ina219.o(i.INA219_getConfig) for INA219_getConfig
[...]
    _signal_init                              - Undefined Weak Reference
    _terminate_alloc                          - Undefined Weak Reference
    _terminate_user_alloc                     - Undefined Weak Reference
    _terminateio                              - Undefined Weak Reference
    __Vectors_Size                           0x000000ec   Number         0  startup_stm32f103xb.o ABSOLUTE
    __Vectors                                0x08000000   Data           4  startup_stm32f103xb.o(RESET)
    __Vectors_End                            0x080000ec   Data           0  startup_stm32f103xb.o(RESET)
    __main                                   0x080000ed   Thumb Code     8  __main.o(!!!main)
    __scatterload                            0x080000f5   Thumb Code     0  __scatter.o(!!!scatter)
    __scatterload_rt2                        0x080000f5   Thumb Code    44  __scatter.o(!!!scatter)
    __scatterload_rt2_thumb_only             0x080000f5   Thumb Code     0  __scatter.o(!!!scatter)
    __scatterload_null                       0x08000103   Thumb Code     0  __scatter.o(!!!scatter)
    __scatterload_copy                       0x08000129   Thumb Code    26  __scatter_copy.o(!!handler_copy)
    __scatterload_zeroinit                   0x08000145   Thumb Code    28  __scatter_zi.o(!!handler_zi)
    _printf_f                                0x08000161   Thumb Code     0  _printf_f.o(.ARM.Collect$$_printf_percent$$00000003)
    _printf_percent                          0x08000161   Thumb Code     0  _printf_percent.o(.ARM.Collect$$_printf_percent$$00000000)
    _printf_d                                0x08000167   Thumb Code     0  _printf_d.o(.ARM.Collect$$_printf_percent$$00000009)
    _printf_s                                0x0800016d   Thumb Code     0  _printf_s.o(.ARM.Collect$$_printf_percent$$00000014)
    _printf_percent_end                      0x08000173   Thumb Code     0  _printf_percent_end.o(.ARM.Collect$$_printf_percent$$00000017)
    __rt_lib_init                            0x08000177   Thumb Code     0  libinit.o(.ARM.Collect$$libinit$$00000000)
    __rt_lib_init_fp_1                       0x08000179   Thumb Code     0  libinit2.o(.ARM.Collect$$libinit$$00000002)
    __rt_lib_init_heap_1                     0x08000179   Thumb Code     0  libinit2.o(.ARM.Collect$$libinit$$0000000A)
    __rt_lib_init_lc_common                  0x08000179   Thumb Code     0  libinit2.o(.ARM.Collect$$libinit$$0000000F)
    __rt_lib_init_preinit_1                  0x08000179   Thumb Code     0  libinit2.o(.ARM.Collect$$libinit$$00000004)
    __rt_lib_init_rand_1                     0x08000179   Thumb Code     0  libinit2.o(.ARM.Collect$$libinit$$0000000E)
    __rt_lib_init_user_alloc_1               0x08000179   Thumb Code     0  libinit2.o(.ARM.Collect$$libinit$$0000000C)
    __rt_lib_init_lc_collate_1               0x0800017f   Thumb Code     0  libinit2.o(.ARM.Collect$$libinit$$00000011)
    __rt_lib_init_lc_ctype_2                 0x0800017f   Thumb Code     0  libinit2.o(.ARM.Collect$$libinit$$00000012)
    __rt_lib_init_lc_ctype_1                 0x0800018b   Thumb Code     0  libinit2.o(.ARM.Collect$$libinit$$00000013)
    __rt_lib_init_lc_monetary_1              0x0800018b   Thumb Code     0  libinit2.o(.ARM.Collect$$libinit$$00000015)
    __rt_lib_init_lc_numeric_2               0x0800018b   Thumb Code     0  libinit2.o(.ARM.Collect$$libinit$$00000016)
    __rt_lib_init_alloca_1                   0x08000195   Thumb Code     0  libinit2.o(.ARM.Collect$$libinit$$0000002E)
    __rt_lib_init_argv_1                     0x08000195   Thumb Code     0  libinit2.o(.ARM.Collect$$libinit$$0000002C)
    __rt_lib_init_atexit_1                   0x08000195   Thumb Code     0  libinit2.o(.ARM.Collect$$libinit$$0000001B)
    __rt_lib_init_clock_1                    0x08000195   Thumb Code     0  libinit2.o(.ARM.Collect$$libinit$$00000021)
    __rt_lib_init_cpp_1                      0x08000195   Thumb Code     0  libinit2.o(.ARM.Collect$$libinit$$00000032)
    __rt_lib_init_exceptions_1               0x08000195   Thumb Code     0  libinit2.o(.ARM.Collect$$libinit$$00000030)
    __rt_lib_init_fp_trap_1                  0x08000195   Thumb Code     0  libinit2.o(.ARM.Collect$$libinit$$0000001F)
    __rt_lib_init_getenv_1                   0x08000195   Thumb Code     0  libinit2.o(.ARM.Collect$$libinit$$00000023)
    __rt_lib_init_lc_numeric_1               0x08000195   Thumb Code     0  libinit2.o(.ARM.Collect$$libinit$$00000017)
    __rt_lib_init_lc_time_1                  0x08000195   Thumb Code     0  libinit2.o(.ARM.Collect$$libinit$$00000019)
    __rt_lib_init_return                     0x08000195   Thumb Code     0  libinit2.o(.ARM.Collect$$libinit$$00000033)
    __rt_lib_init_signal_1                   0x08000195   Thumb Code     0  libinit2.o(.ARM.Collect$$libinit$$0000001D)
    __rt_lib_init_stdio_1                    0x08000195   Thumb Code     0  libinit2.o(.ARM.Collect$$libinit$$00000025)
    __rt_lib_shutdown                        0x08000197   Thumb Code     0  libshutdown.o(.ARM.Collect$$libshutdown$$00000000)
    __rt_lib_shutdown_cpp_1                  0x08000199   Thumb Code     0  libshutdown2.o(.ARM.Collect$$libshutdown$$00000002)
    __rt_lib_shutdown_fp_trap_1              0x08000199   Thumb Code     0  libshutdown2.o(.ARM.Collect$$libshutdown$$00000007)
    __rt_lib_shutdown_heap_1                 0x08000199   Thumb Code     0  libshutdown2.o(.ARM.Collect$$libshutdown$$0000000F)
    __rt_lib_shutdown_return                 0x08000199   Thumb Code     0  libshutdown2.o(.ARM.Collect$$libshutdown$$00000010)
    __rt_lib_shutdown_signal_1               0x08000199   Thumb Code     0  libshutdown2.o(.ARM.Collect$$libshutdown$$0000000A)
    __rt_lib_shutdown_stdio_1                0x08000199   Thumb Code     0  libshutdown2.o(.ARM.Collect$$libshutdown$$00000004)
    __rt_lib_shutdown_user_alloc_1           0x08000199   Thumb Code     0  libshutdown2.o(.ARM.Collect$$libshutdown$$0000000C)
    __rt_entry                               0x0800019b   Thumb Code     0  __rtentry.o(.ARM.Collect$$rtentry$$00000000)
    __rt_entry_presh_1                       0x0800019b   Thumb Code     0  __rtentry2.o(.ARM.Collect$$rtentry$$00000002)
    __rt_entry_sh                            0x0800019b   Thumb Code     0  __rtentry4.o(.ARM.Collect$$rtentry$$00000004)
    __rt_entry_li                            0x080001a1   Thumb Code     0  __rtentry2.o(.ARM.Collect$$rtentry$$0000000A)
    __rt_entry_postsh_1                      0x080001a1   Thumb Code     0  __rtentry2.o(.ARM.Collect$$rtentry$$00000009)
    __rt_entry_main                          0x080001a5   Thumb Code     0  __rtentry2.o(.ARM.Collect$$rtentry$$0000000D)
    __rt_entry_postli_1                      0x080001a5   Thumb Code     0  __rtentry2.o(.ARM.Collect$$rtentry$$0000000C)
    __rt_exit                                0x080001ad   Thumb Code     0  rtexit.o(.ARM.Collect$$rtexit$$00000000)
    __rt_exit_ls                             0x080001af   Thumb Code     0  rtexit2.o(.ARM.Collect$$rtexit$$00000003)
    __rt_exit_prels_1                        0x080001af   Thumb Code     0  rtexit2.o(.ARM.Collect$$rtexit$$00000002)
    __rt_exit_exit                           0x080001b3   Thumb Code     0  rtexit2.o(.ARM.Collect$$rtexit$$00000004)
    Reset_Handler                            0x080001b9   Thumb Code     8  startup_stm32f103xb.o(.text)
    ADC1_2_IRQHandler                        0x080001d3   Thumb Code     0  startup_stm32f103xb.o(.text)
    CAN1_RX1_IRQHandler                      0x080001d3   Thumb Code     0  startup_stm32f103xb.o(.text)
    CAN1_SCE_IRQHandler                      0x080001d3   Thumb Code     0  startup_stm32f103xb.o(.text)
    DMA1_Channel1_IRQHandler                 0x080001d3   Thumb Code     0  startup_stm32f103xb.o(.text)
    DMA1_Channel2_IRQHandler                 0x080001d3   Thumb Code     0  startup_stm32f103xb.o(.text)
    DMA1_Channel3_IRQHandler                 0x080001d3   Thumb Code     0  startup_stm32f103xb.o(.text)
    DMA1_Channel4_IRQHandler                 0x080001d3   Thumb Code     0  startup_stm32f103xb.o(.text)
    DMA1_Channel5_IRQHandler                 0x080001d3   Thumb Code     0  startup_stm32f103xb.o(.text)
    DMA1_Channel6_IRQHandler                 0x080001d3   Thumb Code     0  startup_stm32f103xb.o(.text)
    DMA1_Channel7_IRQHandler                 0x080001d3   Thumb Code     0  startup_stm32f103xb.o(.text)
    EXTI0_IRQHandler                         0x080001d3   Thumb Code     0  startup_stm32f103xb.o(.text)
    EXTI15_10_IRQHandler                     0x080001d3   Thumb Code     0  startup_stm32f103xb.o(.text)
    EXTI1_IRQHandler                         0x080001d3   Thumb Code     0  startup_stm32f103xb.o(.text)
    EXTI2_IRQHandler                         0x080001d3   Thumb Code     0  startup_stm32f103xb.o(.text)
    EXTI3_IRQHandler                         0x080001d3   Thumb Code     0  startup_stm32f103xb.o(.text)
    EXTI4_IRQHandler                         0x080001d3   Thumb Code     0  startup_stm32f103xb.o(.text)
    EXTI9_5_IRQHandler                       0x080001d3   Thumb Code     0  startup_stm32f103xb.o(.text)
    FLASH_IRQHandler                         0x080001d3   Thumb Code     0  startup_stm32f103xb.o(.text)
    I2C1_ER_IRQHandler                       0x080001d3   Thumb Code     0  startup_stm32f103xb.o(.text)
    I2C1_EV_IRQHandler                       0x080001d3   Thumb Code     0  startup_stm32f103xb.o(.text)
    I2C2_ER_IRQHandler                       0x080001d3   Thumb Code     0  startup_stm32f103xb.o(.text)
    I2C2_EV_IRQHandler                       0x080001d3   Thumb Code     0  startup_stm32f103xb.o(.text)
    PVD_IRQHandler                           0x080001d3   Thumb Code     0  startup_stm32f103xb.o(.text)
    RCC_IRQHandler                           0x080001d3   Thumb Code     0  startup_stm32f103xb.o(.text)
    RTC_Alarm_IRQHandler                     0x080001d3   Thumb Code     0  startup_stm32f103xb.o(.text)
    RTC_IRQHandler                           0x080001d3   Thumb Code     0  startup_stm32f103xb.o(.text)
    SPI1_IRQHandler                          0x080001d3   Thumb Code     0  startup_stm32f103xb.o(.text)
    SPI2_IRQHandler                          0x080001d3   Thumb Code     0  startup_stm32f103xb.o(.text)
    TAMPER_IRQHandler                        0x080001d3   Thumb Code     0  startup_stm32f103xb.o(.text)
    TIM1_BRK_IRQHandler                      0x080001d3   Thumb Code     0  startup_stm32f103xb.o(.text)
    TIM1_CC_IRQHandler                       0x080001d3   Thumb Code     0  startup_stm32f103xb.o(.text)
    TIM1_TRG_COM_IRQHandler                  0x080001d3   Thumb Code     0  startup_stm32f103xb.o(.text)
    TIM1_UP_IRQHandler                       0x080001d3   Thumb Code     0  startup_stm32f103xb.o(.text)
    TIM3_IRQHandler                          0x080001d3   Thumb Code     0  startup_stm32f103xb.o(.text)
    TIM4_IRQHandler                          0x080001d3   Thumb Code     0  startup_stm32f103xb.o(.text)
    USART2_IRQHandler                        0x080001d3   Thumb Code     0  startup_stm32f103xb.o(.text)
    USART3_IRQHandler                        0x080001d3   Thumb Code     0  startup_stm32f103xb.o(.text)
    USBWakeUp_IRQHandler                     0x080001d3   Thumb Code     0  startup_stm32f103xb.o(.text)
    USB_HP_CAN1_TX_IRQHandler                0x080001d3   Thumb Code     0  startup_stm32f103xb.o(.text)
    USB_LP_CAN1_RX0_IRQHandler               0x080001d3   Thumb Code     0  startup_stm32f103xb.o(.text)
    WWDG_IRQHandler                          0x080001d3   Thumb Code     0  startup_stm32f103xb.o(.text)
    __user_initial_stackheap                 0x080001d5   Thumb Code     0  startup_stm32f103xb.o(.text)
    __2sprintf                               0x080001f9   Thumb Code    34  noretval__2sprintf.o(.text)
    _printf_pre_padding                      0x08000221   Thumb Code    44  _printf_pad.o(.text)
    _printf_post_padding                     0x0800024d   Thumb Code    34  _printf_pad.o(.text)
    _printf_str                              0x0800026f   Thumb Code    82  _printf_str.o(.text)
    _printf_int_dec                          0x080002c1   Thumb Code   104  _printf_dec.o(.text)
    __printf                                 0x08000339   Thumb Code   270  __printf_wp.o(.text)
    __0sscanf                                0x08000449   Thumb Code    52  __0sscanf.o(.text)
    _scanf_int                               0x08000485   Thumb Code   332  _scanf_int.o(.text)
    strcpy                                   0x080005d1   Thumb Code    72  strcpy.o(.text)
    strlen                                   0x08000619   Thumb Code    62  strlen.o(.text)
    strncmp                                  0x08000657   Thumb Code   150  strncmp.o(.text)
    __aeabi_memclr4                          0x080006ed   Thumb Code     0  rt_memclr_w.o(.text)
    __aeabi_memclr8                          0x080006ed   Thumb Code     0  rt_memclr_w.o(.text)
    __rt_memclr_w                            0x080006ed   Thumb Code    78  rt_memclr_w.o(.text)
    _memset_w                                0x080006f1   Thumb Code     0  rt_memclr_w.o(.text)
    __use_two_region_memory                  0x0800073b   Thumb Code     2  heapauxi.o(.text)
    __rt_heap_escrow$2region                 0x0800073d   Thumb Code     2  heapauxi.o(.text)
    __rt_heap_expand$2region                 0x0800073f   Thumb Code     2  heapauxi.o(.text)
    __read_errno                             0x08000741   Thumb Code    10  _rserrno.o(.text)
    __set_errno                              0x0800074b   Thumb Code    12  _rserrno.o(.text)
    _printf_int_common                       0x08000757   Thumb Code   178  _printf_intcommon.o(.text)
    __lib_sel_fp_printf                      0x08000809   Thumb Code     2  _printf_fp_dec.o(.text)
    _printf_fp_dec_real                      0x080009bb   Thumb Code   620  _printf_fp_dec.o(.text)
    _printf_char_common                      0x08000c33   Thumb Code    32  _printf_char_common.o(.text)
    _sputc                                   0x08000c59   Thumb Code    10  _sputc.o(.text)
    _printf_cs_common                        0x08000c63   Thumb Code    20  _printf_char.o(.text)
    _printf_char                             0x08000c77   Thumb Code    16  _printf_char.o(.text)
    _printf_string                           0x08000c87   Thumb Code     8  _printf_char.o(.text)
    _chval                                   0x08000c8f   Thumb Code    28  _chval.o(.text)
    _scanf_really_real                       0x08000ef9   Thumb Code   684  scanf_fp.o(.text)
    __vfscanf_char                           0x080011b1   Thumb Code    24  scanf_char.o(.text)
    _sgetc                                   0x080011d1   Thumb Code    30  _sgetc.o(.text)
    _sbackspace                              0x080011ef   Thumb Code    34  _sgetc.o(.text)
    __rt_locale                              0x08001211   Thumb Code     8  rt_locale_intlibspace.o(.text)
    __aeabi_errno_addr                       0x08001219   Thumb Code     8  rt_errno_addr_intlibspace.o(.text)
    __errno$intlibspace                      0x08001219   Thumb Code     0  rt_errno_addr_intlibspace.o(.text)
    __rt_errno_addr$intlibspace              0x08001219   Thumb Code     0  rt_errno_addr_intlibspace.o(.text)
    _ll_udiv10                               0x08001221   Thumb Code   138  lludiv10.o(.text)
    isspace                                  0x080012ab   Thumb Code    18  isspace.o(.text)
    _printf_fp_infnan                        0x080012bd   Thumb Code   112  _printf_fp_infnan.o(.text)
    __vfscanf                                0x0800133d   Thumb Code   878  _scanf.o(.text)
    _btod_etento                             0x080016b1   Thumb Code   224  bigflt0.o(.text)
    __user_libspace                          0x08001795   Thumb Code     8  libspace.o(.text)
    __user_perproc_libspace                  0x08001795   Thumb Code     0  libspace.o(.text)
    __user_perthread_libspace                0x08001795   Thumb Code     0  libspace.o(.text)
    __user_setup_stackheap                   0x0800179d   Thumb Code    74  sys_stackheap_outer.o(.text)
    __rt_ctype_table                         0x080017e9   Thumb Code    16  rt_ctype_table.o(.text)
    _scanf_really_hex_real                   0x080017f9   Thumb Code   786  scanf_hexfp.o(.text)
    _scanf_really_infnan                     0x08001b19   Thumb Code   292  scanf_infnan.o(.text)
    exit                                     0x08001c4d   Thumb Code    18  exit.o(.text)
    strcmp                                   0x08001c61   Thumb Code   128  strcmpv7m.o(.text)
    __aeabi_llsl                             0x08001ce1   Thumb Code     0  llshl.o(.text)
    _ll_shift_l                              0x08001ce1   Thumb Code    38  llshl.o(.text)
    _sys_exit                                0x08001d09   Thumb Code     8  sys_exit.o(.text)
    __I$use$semihosting                      0x08001d15   Thumb Code     0  use_no_semi.o(.text)
    __use_no_semihosting_swi                 0x08001d15   Thumb Code     2  use_no_semi.o(.text)
    __semihosting_library_function           0x08001d17   Thumb Code     0  indicate_semi.o(.text)
    _btod_d2e                                0x08001d17   Thumb Code    62  btod.o(CL$$btod_d2e)
    _d2e_denorm_low                          0x08001d55   Thumb Code    70  btod.o(CL$$btod_d2e_denorm_low)
    _d2e_norm_op1                            0x08001d9b   Thumb Code    96  btod.o(CL$$btod_d2e_norm_op1)
    __btod_div_common                        0x08001dfb   Thumb Code   696  btod.o(CL$$btod_div_common)
    _e2d                                     0x08002135   Thumb Code   122  btod.o(CL$$btod_e2d)
    _e2e                                     0x080021b9   Thumb Code   220  btod.o(CL$$btod_e2e)
    _btod_ediv                               0x08002295   Thumb Code    42  btod.o(CL$$btod_ediv)
    _btod_edivd                              0x080022bf   Thumb Code    42  btod.o(CL$$btod_edivd)
    _btod_emul                               0x080022e9   Thumb Code    42  btod.o(CL$$btod_emul)
    _btod_emuld                              0x08002313   Thumb Code    42  btod.o(CL$$btod_emuld)
    __btod_mult_common                       0x0800233d   Thumb Code   580  btod.o(CL$$btod_mult_common)
    ADC_ConversionStop_Disable               0x08002581   Thumb Code    86  stm32f1xx_hal_adc.o(i.ADC_ConversionStop_Disable)
    ADC_Enable                               0x080025d9   Thumb Code   114  stm32f1xx_hal_adc.o(i.ADC_Enable)
    BatteryConfig_Init                       0x08002655   Thumb Code     6  batteryconfig.o(i.BatteryConfig_Init)
    BatteryConfig_Print                      0x0800265d   Thumb Code    92  batteryconfig.o(i.BatteryConfig_Print)
    BatteryConfig_Select                     0x080026c1   Thumb Code    44  batteryconfig.o(i.BatteryConfig_Select)
    BatteryConfig_Update                     0x080026f5   Thumb Code    32  batteryconfig.o(i.BatteryConfig_Update)
    Battery_Init                             0x08002719   Thumb Code    42  battery.o(i.Battery_Init)
    Battery_Update                           0x0800274d   Thumb Code   148  battery.o(i.Battery_Update)
    BusFault_Handler                         0x080027f5   Thumb Code     2  stm32f1xx_it.o(i.BusFault_Handler)
    DebugMon_Handler                         0x080027f7   Thumb Code     2  stm32f1xx_it.o(i.DebugMon_Handler)
    HAL_ADC_ConfigChannel                    0x080027f9   Thumb Code   240  stm32f1xx_hal_adc.o(i.HAL_ADC_ConfigChannel)
    HAL_ADC_GetValue                         0x080028f5   Thumb Code     6  stm32f1xx_hal_adc.o(i.HAL_ADC_GetValue)
    HAL_ADC_Init                             0x080028fd   Thumb Code   272  stm32f1xx_hal_adc.o(i.HAL_ADC_Init)
    HAL_ADC_MspInit                          0x08002a19   Thumb Code    76  stm32f1xx_hal_msp.o(i.HAL_ADC_MspInit)
    HAL_ADC_PollForConversion                0x08002a71   Thumb Code   304  stm32f1xx_hal_adc.o(i.HAL_ADC_PollForConversion)
    HAL_ADC_Start                            0x08002bad   Thumb Code   184  stm32f1xx_hal_adc.o(i.HAL_ADC_Start)
    HAL_ADC_Stop                             0x08002c6d   Thumb Code    52  stm32f1xx_hal_adc.o(i.HAL_ADC_Stop)
    HAL_DMA_Abort                            0x08002ca1   Thumb Code    70  stm32f1xx_hal_dma.o(i.HAL_DMA_Abort)
    HAL_DMA_Abort_IT                         0x08002ce9   Thumb Code   148  stm32f1xx_hal_dma.o(i.HAL_DMA_Abort_IT)
    HAL_Delay                                0x08002d81   Thumb Code    32  stm32f1xx_hal.o(i.HAL_Delay)
    HAL_GPIO_Init                            0x08002da5   Thumb Code   446  stm32f1xx_hal_gpio.o(i.HAL_GPIO_Init)
    HAL_GPIO_WritePin                        0x08002f85   Thumb Code    10  stm32f1xx_hal_gpio.o(i.HAL_GPIO_WritePin)
    HAL_GetTick                              0x08002f91   Thumb Code     6  stm32f1xx_hal.o(i.HAL_GetTick)
    HAL_I2C_Init                             0x08002f9d   Thumb Code   376  stm32f1xx_hal_i2c.o(i.HAL_I2C_Init)
    HAL_I2C_IsDeviceReady                    0x08003125   Thumb Code   354  stm32f1xx_hal_i2c.o(i.HAL_I2C_IsDeviceReady)
    HAL_I2C_Mem_Read                         0x08003291   Thumb Code   586  stm32f1xx_hal_i2c.o(i.HAL_I2C_Mem_Read)
    HAL_I2C_Mem_Write                        0x080034ed   Thumb Code   294  stm32f1xx_hal_i2c.o(i.HAL_I2C_Mem_Write)
    HAL_I2C_MspInit                          0x0800361d   Thumb Code    80  stm32f1xx_hal_msp.o(i.HAL_I2C_MspInit)
    HAL_IncTick                              0x08003679   Thumb Code    12  stm32f1xx_hal.o(i.HAL_IncTick)
    HAL_Init                                 0x08003689   Thumb Code    32  stm32f1xx_hal.o(i.HAL_Init)
    HAL_InitTick                             0x080036ad   Thumb Code    54  stm32f1xx_hal.o(i.HAL_InitTick)
    HAL_MspInit                              0x080036ed   Thumb Code    52  stm32f1xx_hal_msp.o(i.HAL_MspInit)
    HAL_NVIC_EnableIRQ                       0x08003729   Thumb Code    26  stm32f1xx_hal_cortex.o(i.HAL_NVIC_EnableIRQ)
    HAL_NVIC_SetPriority                     0x08003745   Thumb Code    60  stm32f1xx_hal_cortex.o(i.HAL_NVIC_SetPriority)
    HAL_NVIC_SetPriorityGrouping             0x08003785   Thumb Code    26  stm32f1xx_hal_cortex.o(i.HAL_NVIC_SetPriorityGrouping)
    HAL_RCCEx_GetPeriphCLKFreq               0x080037a9   Thumb Code   148  stm32f1xx_hal_rcc_ex.o(i.HAL_RCCEx_GetPeriphCLKFreq)
    HAL_RCCEx_PeriphCLKConfig                0x0800384d   Thumb Code   224  stm32f1xx_hal_rcc_ex.o(i.HAL_RCCEx_PeriphCLKConfig)
    HAL_RCC_ClockConfig                      0x08003939   Thumb Code   280  stm32f1xx_hal_rcc.o(i.HAL_RCC_ClockConfig)
    HAL_RCC_GetPCLK1Freq                     0x08003a65   Thumb Code    20  stm32f1xx_hal_rcc.o(i.HAL_RCC_GetPCLK1Freq)
    HAL_RCC_GetPCLK2Freq                     0x08003a85   Thumb Code    20  stm32f1xx_hal_rcc.o(i.HAL_RCC_GetPCLK2Freq)
    HAL_RCC_GetSysClockFreq                  0x08003aa5   Thumb Code    58  stm32f1xx_hal_rcc.o(i.HAL_RCC_GetSysClockFreq)
    HAL_RCC_OscConfig                        0x08003af1   Thumb Code   778  stm32f1xx_hal_rcc.o(i.HAL_RCC_OscConfig)
    HAL_SPI_Init                             0x08003e11   Thumb Code   178  stm32f1xx_hal_spi.o(i.HAL_SPI_Init)
    HAL_SPI_MspInit                          0x08003ec5   Thumb Code    80  stm32f1xx_hal_msp.o(i.HAL_SPI_MspInit)
    HAL_SPI_Transmit                         0x08003f21   Thumb Code   358  stm32f1xx_hal_spi.o(i.HAL_SPI_Transmit)
    HAL_SYSTICK_Config                       0x08004087   Thumb Code    40  stm32f1xx_hal_cortex.o(i.HAL_SYSTICK_Config)
    HAL_TIMEx_BreakCallback                  0x080040af   Thumb Code     2  stm32f1xx_hal_tim_ex.o(i.HAL_TIMEx_BreakCallback)
    HAL_TIMEx_CommutCallback                 0x080040b1   Thumb Code     2  stm32f1xx_hal_tim_ex.o(i.HAL_TIMEx_CommutCallback)
    HAL_TIMEx_MasterConfigSynchronization    0x080040b5   Thumb Code    92  stm32f1xx_hal_tim_ex.o(i.HAL_TIMEx_MasterConfigSynchronization)
    HAL_TIM_Base_Init                        0x0800411d   Thumb Code    90  stm32f1xx_hal_tim.o(i.HAL_TIM_Base_Init)
    HAL_TIM_Base_MspInit                     0x08004179   Thumb Code    50  stm32f1xx_hal_msp.o(i.HAL_TIM_Base_MspInit)
    HAL_TIM_ConfigClockSource                0x080041b1   Thumb Code   220  stm32f1xx_hal_tim.o(i.HAL_TIM_ConfigClockSource)
    HAL_TIM_IC_CaptureCallback               0x0800428d   Thumb Code     2  stm32f1xx_hal_tim.o(i.HAL_TIM_IC_CaptureCallback)
    HAL_TIM_IRQHandler                       0x0800428f   Thumb Code   304  stm32f1xx_hal_tim.o(i.HAL_TIM_IRQHandler)
    HAL_TIM_OC_DelayElapsedCallback          0x080043bf   Thumb Code     2  stm32f1xx_hal_tim.o(i.HAL_TIM_OC_DelayElapsedCallback)
    HAL_TIM_PWM_PulseFinishedCallback        0x080043c1   Thumb Code     2  stm32f1xx_hal_tim.o(i.HAL_TIM_PWM_PulseFinishedCallback)
    HAL_TIM_PeriodElapsedCallback            0x080043c3   Thumb Code     2  stm32f1xx_hal_tim.o(i.HAL_TIM_PeriodElapsedCallback)
    HAL_TIM_TriggerCallback                  0x080043c5   Thumb Code     2  stm32f1xx_hal_tim.o(i.HAL_TIM_TriggerCallback)
    HAL_UARTEx_RxEventCallback               0x080043c7   Thumb Code     2  stm32f1xx_hal_uart.o(i.HAL_UARTEx_RxEventCallback)
    HAL_UART_ErrorCallback                   0x080043c9   Thumb Code     2  stm32f1xx_hal_uart.o(i.HAL_UART_ErrorCallback)
    HAL_UART_IRQHandler                      0x080043cd   Thumb Code   616  stm32f1xx_hal_uart.o(i.HAL_UART_IRQHandler)
    HAL_UART_Init                            0x08004639   Thumb Code   100  stm32f1xx_hal_uart.o(i.HAL_UART_Init)
    HAL_UART_MspInit                         0x0800469d   Thumb Code   132  stm32f1xx_hal_msp.o(i.HAL_UART_MspInit)
    HAL_UART_Receive_IT                      0x0800472d   Thumb Code    28  stm32f1xx_hal_uart.o(i.HAL_UART_Receive_IT)
    HAL_UART_RxCpltCallback                  0x08004749   Thumb Code   178  main.o(i.HAL_UART_RxCpltCallback)
    HAL_UART_Transmit                        0x08004849   Thumb Code   160  stm32f1xx_hal_uart.o(i.HAL_UART_Transmit)
    HAL_UART_TxCpltCallback                  0x080048e9   Thumb Code     2  stm32f1xx_hal_uart.o(i.HAL_UART_TxCpltCallback)
    HardFault_Handler                        0x080048eb   Thumb Code     2  stm32f1xx_it.o(i.HardFault_Handler)
    INA219_Init                              0x08004d2d   Thumb Code    52  ina219.o(i.INA219_Init)
    INA219_ReadBusVoltage                    0x08004d65   Thumb Code    14  ina219.o(i.INA219_ReadBusVoltage)
    INA219_ReadCurrent                       0x08004d75   Thumb Code    20  ina219.o(i.INA219_ReadCurrent)
    INA219_ReadCurrent_raw                   0x08004d8d   Thumb Code    12  ina219.o(i.INA219_ReadCurrent_raw)
    INA219_ReadPower                         0x08004d99   Thumb Code    22  ina219.o(i.INA219_ReadPower)
    INA219_ReadPower_raw                     0x08004db5   Thumb Code     6  ina219.o(i.INA219_ReadPower_raw)
    INA219_Reset                             0x08004dbb   Thumb Code    22  ina219.o(i.INA219_Reset)
    INA219_setCalibration                    0x08004dd1   Thumb Code     8  ina219.o(i.INA219_setCalibration)
    INA219_setCalibration_32V_2A             0x08004dd9   Thumb Code    42  ina219.o(i.INA219_setCalibration_32V_2A)
    INA219_setConfig                         0x08004e09   Thumb Code     8  ina219.o(i.INA219_setConfig)
    MemManage_Handler                        0x08004fbd   Thumb Code     2  stm32f1xx_it.o(i.MemManage_Handler)
    NMI_Handler                              0x08004fbf   Thumb Code     2  stm32f1xx_it.o(i.NMI_Handler)
    PendSV_Handler                           0x08004fc1   Thumb Code     2  stm32f1xx_it.o(i.PendSV_Handler)
    Read16                                   0x08004fc3   Thumb Code    38  ina219.o(i.Read16)
    SOC_Correction                           0x08004fe9   Thumb Code   106  soc.o(i.SOC_Correction)
    SOC_Get                                  0x08005071   Thumb Code     6  soc.o(i.SOC_Get)
    SOC_Init                                 0x080050d5   Thumb Code    24  soc.o(i.SOC_Init)
    SOC_UpdateCC                             0x080050f1   Thumb Code    80  soc.o(i.SOC_UpdateCC)
    SOC_UpdateOCV                            0x08005155   Thumb Code    12  soc.o(i.SOC_UpdateOCV)
    SOH_Get                                  0x08005165   Thumb Code     6  soh.o(i.SOH_Get)
    SOH_Init                                 0x08005171   Thumb Code    14  soh.o(i.SOH_Init)
    SOH_Update                               0x08005189   Thumb Code    98  soh.o(i.SOH_Update)
    ST7789_DrawFilledRectangle               0x080052f9   Thumb Code   122  st7789.o(i.ST7789_DrawFilledRectangle)
    ST7789_DrawLine                          0x08005379   Thumb Code   164  st7789.o(i.ST7789_DrawLine)
    ST7789_DrawPixel                         0x0800541d   Thumb Code    64  st7789.o(i.ST7789_DrawPixel)
    ST7789_DrawRectangle                     0x08005461   Thumb Code    96  st7789.o(i.ST7789_DrawRectangle)
    ST7789_Fill_Color                        0x080054c5   Thumb Code    94  st7789.o(i.ST7789_Fill_Color)
    ST7789_Init                              0x08005529   Thumb Code   272  st7789.o(i.ST7789_Init)
    ST7789_InvertColors                      0x08005665   Thumb Code    42  st7789.o(i.ST7789_InvertColors)
    ST7789_SetRotation                       0x0800570d   Thumb Code    48  st7789.o(i.ST7789_SetRotation)
    ST7789_WriteChar                         0x0800573d   Thumb Code   168  st7789.o(i.ST7789_WriteChar)
    ST7789_WriteString                       0x080058c5   Thumb Code   110  st7789.o(i.ST7789_WriteString)
    SVC_Handler                              0x08005939   Thumb Code     2  stm32f1xx_it.o(i.SVC_Handler)
    SysTick_Handler                          0x0800593b   Thumb Code     4  stm32f1xx_it.o(i.SysTick_Handler)
    SystemClock_Config                       0x0800593f   Thumb Code   120  main.o(i.SystemClock_Config)
    SystemInit                               0x080059b7   Thumb Code     2  system_stm32f1xx.o(i.SystemInit)
    TFT_DrawBatteryIcon                      0x080059b9   Thumb Code   144  main.o(i.TFT_DrawBatteryIcon)
    TFT_DrawPage_DigitalTwin                 0x08005a49   Thumb Code   252  main.o(i.TFT_DrawPage_DigitalTwin)
    TFT_DrawPage_LiveSensor                  0x08005bc9   Thumb Code   284  main.o(i.TFT_DrawPage_LiveSensor)
    TFT_DrawPage_Safety                      0x08005d45   Thumb Code   248  main.o(i.TFT_DrawPage_Safety)
    TFT_UpdateUI                             0x08005ee9   Thumb Code    82  main.o(i.TFT_UpdateUI)
    TIM2_IRQHandler                          0x08005f41   Thumb Code     6  stm32f1xx_it.o(i.TIM2_IRQHandler)
    TIM_Base_SetConfig                       0x08005f4d   Thumb Code   108  stm32f1xx_hal_tim.o(i.TIM_Base_SetConfig)
    TIM_ETR_SetConfig                        0x08005fc5   Thumb Code    20  stm32f1xx_hal_tim.o(i.TIM_ETR_SetConfig)
    Temperature_Init                         0x08006031   Thumb Code     6  temperature.o(i.Temperature_Init)
    Temperature_Update                       0x0800603d   Thumb Code   158  temperature.o(i.Temperature_Update)
    UART_Start_Receive_IT                    0x080062d9   Thumb Code    54  stm32f1xx_hal_uart.o(i.UART_Start_Receive_IT)
    USART1_IRQHandler                        0x08006381   Thumb Code     6  stm32f1xx_it.o(i.USART1_IRQHandler)
    UsageFault_Handler                       0x0800638d   Thumb Code     2  stm32f1xx_it.o(i.UsageFault_Handler)
    Write16                                  0x0800638f   Thumb Code    42  ina219.o(i.Write16)
    __ARM_fpclassify                         0x080063b9   Thumb Code    40  fpclassify.o(i.__ARM_fpclassify)
    __kernel_poly                            0x08006401   Thumb Code   170  poly.o(i.__kernel_poly)
    __mathlib_dbl_divzero                    0x080064ad   Thumb Code    12  dunder.o(i.__mathlib_dbl_divzero)
    __mathlib_dbl_infnan                     0x080064bd   Thumb Code     6  dunder.o(i.__mathlib_dbl_infnan)
    __mathlib_dbl_invalid                    0x080064c3   Thumb Code    12  dunder.o(i.__mathlib_dbl_invalid)
    __mathlib_dbl_overflow                   0x080064cf   Thumb Code    14  dunder.o(i.__mathlib_dbl_overflow)
    __mathlib_dbl_underflow                  0x080064dd   Thumb Code    10  dunder.o(i.__mathlib_dbl_underflow)
    __mathlib_narrow                         0x080064ed   Thumb Code    16  narrow.o(i.__mathlib_narrow)
    __mathlib_tofloat                        0x080064fd   Thumb Code   184  narrow.o(i.__mathlib_tofloat)
    __support_ldexp                          0x080065b9   Thumb Code    22  ldexp.o(i.__support_ldexp)
    _is_digit                                0x080065cf   Thumb Code    14  __printf_wp.o(i._is_digit)
    frexp                                    0x080065dd   Thumb Code    80  frexp.o(i.frexp)
    ldexp                                    0x08006635   Thumb Code   116  ldexp.o(i.ldexp)
    log                                      0x080066a9   Thumb Code   808  log.o(i.log)
    main                                     0x08006a05   Thumb Code   576  main.o(i.main)
    _get_lc_numeric                          0x08006ca9   Thumb Code    44  lc_numeric_c.o(locale$$code)
    _get_lc_ctype                            0x08006cd5   Thumb Code    44  lc_ctype_c.o(locale$$code)
    __aeabi_d2f                              0x08006d01   Thumb Code     0  d2f.o(x$fpl$d2f)
    _d2f                                     0x08006d01   Thumb Code    98  d2f.o(x$fpl$d2f)
    __aeabi_dadd                             0x08006d65   Thumb Code     0  daddsub_clz.o(x$fpl$dadd)
    _dadd                                    0x08006d65   Thumb Code   332  daddsub_clz.o(x$fpl$dadd)
    __fpl_dcheck_NaN1                        0x08006eb5   Thumb Code    10  dcheck1.o(x$fpl$dcheck1)
    __fpl_dcmp_Inf                           0x08006ec5   Thumb Code    24  dcmpi.o(x$fpl$dcmpinf)
    __aeabi_ddiv                             0x08006edd   Thumb Code     0  ddiv.o(x$fpl$ddiv)
    _ddiv                                    0x08006edd   Thumb Code   552  ddiv.o(x$fpl$ddiv)
    __aeabi_cdcmpeq                          0x0800718d   Thumb Code     0  deqf.o(x$fpl$deqf)
    _dcmpeq                                  0x0800718d   Thumb Code   120  deqf.o(x$fpl$deqf)
    __aeabi_i2d                              0x08007205   Thumb Code     0  dflt_clz.o(x$fpl$dflt)
    _dflt                                    0x08007205   Thumb Code    46  dflt_clz.o(x$fpl$dflt)
    __aeabi_cdcmple                          0x08007235   Thumb Code     0  dleqf.o(x$fpl$dleqf)
    _dcmple                                  0x08007235   Thumb Code   120  dleqf.o(x$fpl$dleqf)
    __fpl_dcmple_InfNaN                      0x08007297   Thumb Code     0  dleqf.o(x$fpl$dleqf)
    __aeabi_dmul                             0x080072ad   Thumb Code     0  dmul.o(x$fpl$dmul)
    _dmul                                    0x080072ad   Thumb Code   332  dmul.o(x$fpl$dmul)
    __fpl_dnaninf                            0x08007401   Thumb Code   156  dnaninf.o(x$fpl$dnaninf)
    __fpl_dretinf                            0x0800749d   Thumb Code    12  dretinf.o(x$fpl$dretinf)
    __aeabi_cdrcmple                         0x080074a9   Thumb Code     0  drleqf.o(x$fpl$drleqf)
    _drcmple                                 0x080074a9   Thumb Code   108  drleqf.o(x$fpl$drleqf)
    __aeabi_drsub                            0x08007515   Thumb Code     0  daddsub_clz.o(x$fpl$drsb)
    _drsb                                    0x08007515   Thumb Code    22  daddsub_clz.o(x$fpl$drsb)
    __aeabi_dsub                             0x0800752d   Thumb Code     0  daddsub_clz.o(x$fpl$dsub)
    _dsub                                    0x0800752d   Thumb Code   464  daddsub_clz.o(x$fpl$dsub)
    __aeabi_f2d                              0x08007701   Thumb Code     0  f2d.o(x$fpl$f2d)
    _f2d                                     0x08007701   Thumb Code    86  f2d.o(x$fpl$f2d)
    __aeabi_fadd                             0x08007759   Thumb Code     0  faddsub_clz.o(x$fpl$fadd)
    _fadd                                    0x08007759   Thumb Code   196  faddsub_clz.o(x$fpl$fadd)
    __fpl_fcmp_Inf                           0x0800781d   Thumb Code    24  fcmpi.o(x$fpl$fcmpinf)
    __aeabi_fdiv                             0x08007835   Thumb Code     0  fdiv.o(x$fpl$fdiv)
    _fdiv                                    0x08007835   Thumb Code   384  fdiv.o(x$fpl$fdiv)
    __aeabi_f2uiz                            0x080079b9   Thumb Code     0  ffixu.o(x$fpl$ffixu)
    _ffixu                                   0x080079b9   Thumb Code    62  ffixu.o(x$fpl$ffixu)
    __aeabi_i2f                              0x080079f9   Thumb Code     0  fflt_clz.o(x$fpl$fflt)
    _fflt                                    0x080079f9   Thumb Code    48  fflt_clz.o(x$fpl$fflt)
    __aeabi_ui2f                             0x08007a29   Thumb Code     0  fflt_clz.o(x$fpl$ffltu)
    _ffltu                                   0x08007a29   Thumb Code    38  fflt_clz.o(x$fpl$ffltu)
    __aeabi_cfcmple                          0x08007a51   Thumb Code     0  fleqf.o(x$fpl$fleqf)
    _fcmple                                  0x08007a51   Thumb Code   104  fleqf.o(x$fpl$fleqf)
    __fpl_fcmple_InfNaN                      0x08007aa3   Thumb Code     0  fleqf.o(x$fpl$fleqf)
    __aeabi_fmul                             0x08007ab9   Thumb Code     0  fmul.o(x$fpl$fmul)
    _fmul                                    0x08007ab9   Thumb Code   258  fmul.o(x$fpl$fmul)
    __fpl_fnaninf                            0x08007bbb   Thumb Code   140  fnaninf.o(x$fpl$fnaninf)
    __fpl_fretinf                            0x08007c47   Thumb Code    10  fretinf.o(x$fpl$fretinf)
    __aeabi_cfrcmple                         0x08007c51   Thumb Code     0  frleqf.o(x$fpl$frleqf)
    _frcmple                                 0x08007c51   Thumb Code    98  frleqf.o(x$fpl$frleqf)
    __aeabi_fsub                             0x08007cb5   Thumb Code     0  faddsub_clz.o(x$fpl$fsub)
    _fsub                                    0x08007cb5   Thumb Code   234  faddsub_clz.o(x$fpl$fsub)
    __ieee_status                            0x08007d9f   Thumb Code     6  istatus.o(x$fpl$ieeestatus)
    _printf_fp_dec                           0x08007da5   Thumb Code     4  printf1.o(x$fpl$printf1)
    __fpl_return_NaN                         0x08007da9   Thumb Code   100  retnan.o(x$fpl$retnan)
    __ARM_scalbn                             0x08007e0d   Thumb Code    92  scalbn.o(x$fpl$scalbn)
    _scanf_real                              0x08007e69   Thumb Code     4  scanf1.o(x$fpl$scanf1)
    _scanf_hex_real                          0x08007e6d   Thumb Code     4  scanf2.o(x$fpl$scanf2)
    _scanf_infnan                            0x08007e71   Thumb Code     4  scanf2.o(x$fpl$scanf2)
    __fpl_cmpreturn                          0x08007e75   Thumb Code    48  trapv.o(x$fpl$trapveneer)
    __I$use$fp                               0x08007ea4   Number         0  usenofp.o(x$fpl$usenofp)
    BatteryDatabase                          0x08007f4c   Data         252  batteryconfig.o(.constdata)
    AHBPrescTable                            0x0800a114   Data          16  system_stm32f1xx.o(.constdata)
    APBPrescTable                            0x0800a124   Data           8  system_stm32f1xx.o(.constdata)
    __mathlib_zero                           0x0800a168   Data           8  qnan.o(.constdata)
    Region$$Table$$Base                      0x0800a414   Number         0  anon$$obj.o(Region$$Table)
    Region$$Table$$Limit                     0x0800a434   Number         0  anon$$obj.o(Region$$Table)
    __aeabi_HUGE_VAL                         0x0800a434   Data           0  fpconst.o(c$$dinf)
    __aeabi_HUGE_VALL                        0x0800a434   Data           0  fpconst.o(c$$dinf)
    __aeabi_INFINITY                         0x0800a434   Data           0  fpconst.o(c$$dinf)
    __dInf                                   0x0800a434   Data           0  fpconst.o(c$$dinf)
    __huge_val                               0x0800a434   Data           0  fpconst.o(c$$dinf)
    __dbl_max                                0x0800a43c   Data           0  fpconst.o(c$$dmax)
    __ctype                                  0x0800a46d   Data           0  lc_ctype_c.o(locale$$data)
    ina219_calibrationValue                  0x20000000   Data           2  ina219.o(.data)
    ina219_currentDivider_mA                 0x20000002   Data           2  ina219.o(.data)
    ina219_powerMultiplier_mW                0x20000004   Data           4  ina219.o(.data)
    Font_11x18                               0x2000000c   Data           8  fonts.o(.data)
    Font_16x26                               0x20000014   Data           8  fonts.o(.data)
    rxIndex                                  0x2000001c   Data           1  main.o(.data)
    current_page                             0x2000001d   Data           1  main.o(.data)
    rxData                                   0x2000001e   Data           1  main.o(.data)
    last_page_switch                         0x20000020   Data           4  main.o(.data)
    ina219                                   0x20000024   Data           8  main.o(.data)
    uwTickFreq                               0x2000002c   Data           1  stm32f1xx_hal.o(.data)
    uwTickPrio                               0x20000030   Data           4  stm32f1xx_hal.o(.data)
    uwTick                                   0x20000034   Data           4  stm32f1xx_hal.o(.data)
    SystemCoreClock                          0x20000038   Data           4  system_stm32f1xx.o(.data)
    Temp                                     0x2000003c   Data          12  temperature.o(.bss)
    Battery                                  0x20000048   Data          24  battery.o(.bss)
    BatterySOC                               0x20000060   Data          12  soc.o(.bss)
    BatteryConfig                            0x2000006c   Data          36  batteryconfig.o(.bss)
    BatterySOH                               0x20000090   Data          12  soh.o(.bss)
    hadc1                                    0x2000009c   Data          48  main.o(.bss)
    hi2c1                                    0x200000cc   Data          84  main.o(.bss)
    hspi1                                    0x20000120   Data          88  main.o(.bss)
    htim2                                    0x20000178   Data          72  main.o(.bss)
    huart1                                   0x200001c0   Data          72  main.o(.bss)
    rxBuffer                                 0x20000208   Data          50  main.o(.bss)
    __libspace_start                         0x2000023c   Data          96  libspace.o(.bss)
    __temporary_stack_top$libspace           0x2000029c   Data           0  libspace.o(.bss)



==============================================================================

Memory Map of the image

  Image Entry point : 0x080000ed

  Load Region LR_IROM1 (Base: 0x08000000, Size: 0x0000a5ac, Max: 0x00010000, ABSOLUTE)

    Execution Region ER_IROM1 (Exec base: 0x08000000, Load base: 0x08000000, Size: 0x0000a570, Max: 0x00010000, ABSOLUTE)

    Exec Addr    Load Addr    Size         Type   Attr      Idx    E Section Name        Object

    0x08000000   0x08000000   0x000000ec   Data   RO            3    RESET               startup_stm32f103xb.o
    0x080000ec   0x080000ec   0x00000008   Code   RO         4417  * !!!main             c_w.l(__main.o)
    0x080000f4   0x080000f4   0x00000034   Code   RO         4798    !!!scatter          c_w.l(__scatter.o)
    0x08000128   0x08000128   0x0000001a   Code   RO         4800    !!handler_copy      c_w.l(__scatter_copy.o)
    0x08000142   0x08000142   0x00000002   PAD
    0x08000144   0x08000144   0x0000001c   Code   RO         4802    !!handler_zi        c_w.l(__scatter_zi.o)
    0x08000160   0x08000160   0x00000000   Code   RO         4402    .ARM.Collect$$_printf_percent$$00000000  c_w.l(_printf_percent.o)
    0x08000160   0x08000160   0x00000006   Code   RO         4401    .ARM.Collect$$_printf_percent$$00000003  c_w.l(_printf_f.o)
    0x08000166   0x08000166   0x00000006   Code   RO         4400    .ARM.Collect$$_printf_percent$$00000009  c_w.l(_printf_d.o)
    0x0800016c   0x0800016c   0x00000006   Code   RO         4399    .ARM.Collect$$_printf_percent$$00000014  c_w.l(_printf_s.o)
    0x08000172   0x08000172   0x00000004   Code   RO         4488    .ARM.Collect$$_printf_percent$$00000017  c_w.l(_printf_percent_end.o)
    0x08000176   0x08000176   0x00000002   Code   RO         4642    .ARM.Collect$$libinit$$00000000  c_w.l(libinit.o)
    0x08000178   0x08000178   0x00000000   Code   RO         4644    .ARM.Collect$$libinit$$00000002  c_w.l(libinit2.o)
    0x08000178   0x08000178   0x00000000   Code   RO         4646    .ARM.Collect$$libinit$$00000004  c_w.l(libinit2.o)
    0x08000178   0x08000178   0x00000000   Code   RO         4649    .ARM.Collect$$libinit$$0000000A  c_w.l(libinit2.o)
    0x08000178   0x08000178   0x00000000   Code   RO         4651    .ARM.Collect$$libinit$$0000000C  c_w.l(libinit2.o)
    0x08000178   0x08000178   0x00000000   Code   RO         4653    .ARM.Collect$$libinit$$0000000E  c_w.l(libinit2.o)
    0x08000178   0x08000178   0x00000006   Code   RO         4654    .ARM.Collect$$libinit$$0000000F  c_w.l(libinit2.o)
    0x0800017e   0x0800017e   0x00000000   Code   RO         4656    .ARM.Collect$$libinit$$00000011  c_w.l(libinit2.o)
    0x0800017e   0x0800017e   0x0000000c   Code   RO         4657    .ARM.Collect$$libinit$$00000012  c_w.l(libinit2.o)
    0x0800018a   0x0800018a   0x00000000   Code   RO         4658    .ARM.Collect$$libinit$$00000013  c_w.l(libinit2.o)
    0x0800018a   0x0800018a   0x00000000   Code   RO         4660    .ARM.Collect$$libinit$$00000015  c_w.l(libinit2.o)
    0x0800018a   0x0800018a   0x0000000a   Code   RO         4661    .ARM.Collect$$libinit$$00000016  c_w.l(libinit2.o)
    0x08000194   0x08000194   0x00000000   Code   RO         4662    .ARM.Collect$$libinit$$00000017  c_w.l(libinit2.o)
    0x08000194   0x08000194   0x00000000   Code   RO         4664    .ARM.Collect$$libinit$$00000019  c_w.l(libinit2.o)
    0x08000194   0x08000194   0x00000000   Code   RO         4666    .ARM.Collect$$libinit$$0000001B  c_w.l(libinit2.o)
    0x08000194   0x08000194   0x00000000   Code   RO         4668    .ARM.Collect$$libinit$$0000001D  c_w.l(libinit2.o)
    0x08000194   0x08000194   0x00000000   Code   RO         4670    .ARM.Collect$$libinit$$0000001F  c_w.l(libinit2.o)
    0x08000194   0x08000194   0x00000000   Code   RO         4672    .ARM.Collect$$libinit$$00000021  c_w.l(libinit2.o)
    0x08000194   0x08000194   0x00000000   Code   RO         4674    .ARM.Collect$$libinit$$00000023  c_w.l(libinit2.o)
    0x08000194   0x08000194   0x00000000   Code   RO         4676    .ARM.Collect$$libinit$$00000025  c_w.l(libinit2.o)
    0x08000194   0x08000194   0x00000000   Code   RO         4680    .ARM.Collect$$libinit$$0000002C  c_w.l(libinit2.o)
    0x08000194   0x08000194   0x00000000   Code   RO         4682    .ARM.Collect$$libinit$$0000002E  c_w.l(libinit2.o)
    0x08000194   0x08000194   0x00000000   Code   RO         4684    .ARM.Collect$$libinit$$00000030  c_w.l(libinit2.o)
    0x08000194   0x08000194   0x00000000   Code   RO         4686    .ARM.Collect$$libinit$$00000032  c_w.l(libinit2.o)
    0x08000194   0x08000194   0x00000002   Code   RO         4687    .ARM.Collect$$libinit$$00000033  c_w.l(libinit2.o)
    0x08000196   0x08000196   0x00000002   Code   RO         4746    .ARM.Collect$$libshutdown$$00000000  c_w.l(libshutdown.o)
    0x08000198   0x08000198   0x00000000   Code   RO         4757    .ARM.Collect$$libshutdown$$00000002  c_w.l(libshutdown2.o)
    0x08000198   0x08000198   0x00000000   Code   RO         4759    .ARM.Collect$$libshutdown$$00000004  c_w.l(libshutdown2.o)
    0x08000198   0x08000198   0x00000000   Code   RO         4762    .ARM.Collect$$libshutdown$$00000007  c_w.l(libshutdown2.o)
    0x08000198   0x08000198   0x00000000   Code   RO         4765    .ARM.Collect$$libshutdown$$0000000A  c_w.l(libshutdown2.o)
    0x08000198   0x08000198   0x00000000   Code   RO         4767    .ARM.Collect$$libshutdown$$0000000C  c_w.l(libshutdown2.o)
    0x08000198   0x08000198   0x00000000   Code   RO         4770    .ARM.Collect$$libshutdown$$0000000F  c_w.l(libshutdown2.o)
    0x08000198   0x08000198   0x00000002   Code   RO         4771    .ARM.Collect$$libshutdown$$00000010  c_w.l(libshutdown2.o)
    0x0800019a   0x0800019a   0x00000000   Code   RO         4475    .ARM.Collect$$rtentry$$00000000  c_w.l(__rtentry.o)
    0x0800019a   0x0800019a   0x00000000   Code   RO         4536    .ARM.Collect$$rtentry$$00000002  c_w.l(__rtentry2.o)
    0x0800019a   0x0800019a   0x00000006   Code   RO         4548    .ARM.Collect$$rtentry$$00000004  c_w.l(__rtentry4.o)
    0x080001a0   0x080001a0   0x00000000   Code   RO         4538    .ARM.Collect$$rtentry$$00000009  c_w.l(__rtentry2.o)
    0x080001a0   0x080001a0   0x00000004   Code   RO         4539    .ARM.Collect$$rtentry$$0000000A  c_w.l(__rtentry2.o)
    0x080001a4   0x080001a4   0x00000000   Code   RO         4541    .ARM.Collect$$rtentry$$0000000C  c_w.l(__rtentry2.o)
    0x080001a4   0x080001a4   0x00000008   Code   RO         4542    .ARM.Collect$$rtentry$$0000000D  c_w.l(__rtentry2.o)
    0x080001ac   0x080001ac   0x00000002   Code   RO         4696    .ARM.Collect$$rtexit$$00000000  c_w.l(rtexit.o)
    0x080001ae   0x080001ae   0x00000000   Code   RO         4724    .ARM.Collect$$rtexit$$00000002  c_w.l(rtexit2.o)
    0x080001ae   0x080001ae   0x00000004   Code   RO         4725    .ARM.Collect$$rtexit$$00000003  c_w.l(rtexit2.o)
    0x080001b2   0x080001b2   0x00000006   Code   RO         4726    .ARM.Collect$$rtexit$$00000004  c_w.l(rtexit2.o)
    0x080001b8   0x080001b8   0x00000040   Code   RO            4    .text               startup_stm32f103xb.o
    0x080001f8   0x080001f8   0x00000028   Code   RO         4369    .text               c_w.l(noretval__2sprintf.o)
    0x08000220   0x08000220   0x0000004e   Code   RO         4373    .text               c_w.l(_printf_pad.o)
    0x0800026e   0x0800026e   0x00000052   Code   RO         4375    .text               c_w.l(_printf_str.o)
    0x080002c0   0x080002c0   0x00000078   Code   RO         4377    .text               c_w.l(_printf_dec.o)
    0x08000338   0x08000338   0x0000010e   Code   RO         4387    .text               c_w.l(__printf_wp.o)
    0x08000446   0x08000446   0x00000002   PAD
    0x08000448   0x08000448   0x0000003c   Code   RO         4403    .text               c_w.l(__0sscanf.o)
    0x08000484   0x08000484   0x0000014c   Code   RO         4405    .text               c_w.l(_scanf_int.o)
    0x080005d0   0x080005d0   0x00000048   Code   RO         4407    .text               c_w.l(strcpy.o)
    0x08000618   0x08000618   0x0000003e   Code   RO         4409    .text               c_w.l(strlen.o)
    0x08000656   0x08000656   0x00000096   Code   RO         4411    .text               c_w.l(strncmp.o)
    0x080006ec   0x080006ec   0x0000004e   Code   RO         4413    .text               c_w.l(rt_memclr_w.o)
    0x0800073a   0x0800073a   0x00000006   Code   RO         4415    .text               c_w.l(heapauxi.o)
    0x08000740   0x08000740   0x00000016   Code   RO         4476    .text               c_w.l(_rserrno.o)
    0x08000756   0x08000756   0x000000b2   Code   RO         4478    .text               c_w.l(_printf_intcommon.o)
    0x08000808   0x08000808   0x0000041e   Code   RO         4480    .text               c_w.l(_printf_fp_dec.o)
    0x08000c26   0x08000c26   0x00000002   PAD
    0x08000c28   0x08000c28   0x00000030   Code   RO         4482    .text               c_w.l(_printf_char_common.o)
    0x08000c58   0x08000c58   0x0000000a   Code   RO         4484    .text               c_w.l(_sputc.o)
    0x08000c62   0x08000c62   0x0000002c   Code   RO         4486    .text               c_w.l(_printf_char.o)
    0x08000c8e   0x08000c8e   0x0000001c   Code   RO         4489    .text               c_w.l(_chval.o)
    0x08000caa   0x08000caa   0x00000002   PAD
    0x08000cac   0x08000cac   0x000004f8   Code   RO         4491    .text               c_w.l(scanf_fp.o)
    0x080011a4   0x080011a4   0x0000002c   Code   RO         4493    .text               c_w.l(scanf_char.o)
    0x080011d0   0x080011d0   0x00000040   Code   RO         4495    .text               c_w.l(_sgetc.o)
    0x08001210   0x08001210   0x00000008   Code   RO         4553    .text               c_w.l(rt_locale_intlibspace.o)
    0x08001218   0x08001218   0x00000008   Code   RO         4558    .text               c_w.l(rt_errno_addr_intlibspace.o)
    0x08001220   0x08001220   0x0000008a   Code   RO         4560    .text               c_w.l(lludiv10.o)
    0x080012aa   0x080012aa   0x00000012   Code   RO         4562    .text               c_w.l(isspace.o)
    0x080012bc   0x080012bc   0x00000080   Code   RO         4564    .text               c_w.l(_printf_fp_infnan.o)
    0x0800133c   0x0800133c   0x00000374   Code   RO         4568    .text               c_w.l(_scanf.o)
    0x080016b0   0x080016b0   0x000000e4   Code   RO         4570    .text               c_w.l(bigflt0.o)
    0x08001794   0x08001794   0x00000008   Code   RO         4622    .text               c_w.l(libspace.o)
    0x0800179c   0x0800179c   0x0000004a   Code   RO         4625    .text               c_w.l(sys_stackheap_outer.o)
    0x080017e6   0x080017e6   0x00000002   PAD
    0x080017e8   0x080017e8   0x00000010   Code   RO         4627    .text               c_w.l(rt_ctype_table.o)
    0x080017f8   0x080017f8   0x00000320   Code   RO         4629    .text               c_w.l(scanf_hexfp.o)
    0x08001b18   0x08001b18   0x00000134   Code   RO         4631    .text               c_w.l(scanf_infnan.o)
    0x08001c4c   0x08001c4c   0x00000012   Code   RO         4633    .text               c_w.l(exit.o)
    0x08001c5e   0x08001c5e   0x00000002   PAD
    0x08001c60   0x08001c60   0x00000080   Code   RO         4635    .text               c_w.l(strcmpv7m.o)
    0x08001ce0   0x08001ce0   0x00000026   Code   RO         4698    .text               c_w.l(llshl.o)
    0x08001d06   0x08001d06   0x00000002   PAD
    0x08001d08   0x08001d08   0x0000000c   Code   RO         4736    .text               c_w.l(sys_exit.o)
    0x08001d14   0x08001d14   0x00000002   Code   RO         4747    .text               c_w.l(use_no_semi.o)
    0x08001d16   0x08001d16   0x00000000   Code   RO         4749    .text               c_w.l(indicate_semi.o)
    0x08001d16   0x08001d16   0x0000003e   Code   RO         4573    CL$$btod_d2e        c_w.l(btod.o)
    0x08001d54   0x08001d54   0x00000046   Code   RO         4575    CL$$btod_d2e_denorm_low  c_w.l(btod.o)
    0x08001d9a   0x08001d9a   0x00000060   Code   RO         4574    CL$$btod_d2e_norm_op1  c_w.l(btod.o)
    0x08001dfa   0x08001dfa   0x00000338   Code   RO         4583    CL$$btod_div_common  c_w.l(btod.o)
    0x08002132   0x08002132   0x00000002   PAD
    0x08002134   0x08002134   0x00000084   Code   RO         4581    CL$$btod_e2d        c_w.l(btod.o)
    0x080021b8   0x080021b8   0x000000dc   Code   RO         4580    CL$$btod_e2e        c_w.l(btod.o)
    0x08002294   0x08002294   0x0000002a   Code   RO         4577    CL$$btod_ediv       c_w.l(btod.o)
    0x080022be   0x080022be   0x0000002a   Code   RO         4579    CL$$btod_edivd      c_w.l(btod.o)
    0x080022e8   0x080022e8   0x0000002a   Code   RO         4576    CL$$btod_emul       c_w.l(btod.o)
    0x08002312   0x08002312   0x0000002a   Code   RO         4578    CL$$btod_emuld      c_w.l(btod.o)
    0x0800233c   0x0800233c   0x00000244   Code   RO         4582    CL$$btod_mult_common  c_w.l(btod.o)
    0x08002580   0x08002580   0x00000056   Code   RO          980    i.ADC_ConversionStop_Disable  stm32f1xx_hal_adc.o
    0x080025d6   0x080025d6   0x00000002   PAD
    0x080025d8   0x080025d8   0x0000007c   Code   RO          984    i.ADC_Enable        stm32f1xx_hal_adc.o
    0x08002654   0x08002654   0x00000006   Code   RO          387    i.BatteryConfig_Init  batteryconfig.o
    0x0800265a   0x0800265a   0x00000002   PAD
    0x0800265c   0x0800265c   0x00000064   Code   RO          388    i.BatteryConfig_Print  batteryconfig.o
    0x080026c0   0x080026c0   0x00000034   Code   RO          389    i.BatteryConfig_Select  batteryconfig.o
    0x080026f4   0x080026f4   0x00000024   Code   RO          390    i.BatteryConfig_Update  batteryconfig.o
    0x08002718   0x08002718   0x00000034   Code   RO          274    i.Battery_Init      battery.o
    0x0800274c   0x0800274c   0x000000a8   Code   RO          275    i.Battery_Update    battery.o
    0x080027f4   0x080027f4   0x00000002   Code   RO          772    i.BusFault_Handler  stm32f1xx_it.o
    0x080027f6   0x080027f6   0x00000002   Code   RO          773    i.DebugMon_Handler  stm32f1xx_it.o
    0x080027f8   0x080027f8   0x000000fc   Code   RO          986    i.HAL_ADC_ConfigChannel  stm32f1xx_hal_adc.o
    0x080028f4   0x080028f4   0x00000006   Code   RO          993    i.HAL_ADC_GetValue  stm32f1xx_hal_adc.o
    0x080028fa   0x080028fa   0x00000002   PAD
    0x080028fc   0x080028fc   0x0000011c   Code   RO          995    i.HAL_ADC_Init      stm32f1xx_hal_adc.o
    0x08002a18   0x08002a18   0x00000058   Code   RO          861    i.HAL_ADC_MspInit   stm32f1xx_hal_msp.o
    0x08002a70   0x08002a70   0x0000013c   Code   RO          999    i.HAL_ADC_PollForConversion  stm32f1xx_hal_adc.o
    0x08002bac   0x08002bac   0x000000c0   Code   RO         1001    i.HAL_ADC_Start     stm32f1xx_hal_adc.o
    0x08002c6c   0x08002c6c   0x00000034   Code   RO         1004    i.HAL_ADC_Stop      stm32f1xx_hal_adc.o
    0x08002ca0   0x08002ca0   0x00000046   Code   RO         1637    i.HAL_DMA_Abort     stm32f1xx_hal_dma.o
    0x08002ce6   0x08002ce6   0x00000002   PAD
    0x08002ce8   0x08002ce8   0x00000098   Code   RO         1638    i.HAL_DMA_Abort_IT  stm32f1xx_hal_dma.o
    0x08002d80   0x08002d80   0x00000024   Code   RO         1263    i.HAL_Delay         stm32f1xx_hal.o
    0x08002da4   0x08002da4   0x000001e0   Code   RO         1573    i.HAL_GPIO_Init     stm32f1xx_hal_gpio.o
    0x08002f84   0x08002f84   0x0000000a   Code   RO         1577    i.HAL_GPIO_WritePin  stm32f1xx_hal_gpio.o
    0x08002f8e   0x08002f8e   0x00000002   PAD
    0x08002f90   0x08002f90   0x0000000c   Code   RO         1267    i.HAL_GetTick       stm32f1xx_hal.o
    0x08002f9c   0x08002f9c   0x00000188   Code   RO         2244    i.HAL_I2C_Init      stm32f1xx_hal_i2c.o
    0x08003124   0x08003124   0x0000016c   Code   RO         2245    i.HAL_I2C_IsDeviceReady  stm32f1xx_hal_i2c.o
    0x08003290   0x08003290   0x0000025c   Code   RO         2262    i.HAL_I2C_Mem_Read  stm32f1xx_hal_i2c.o
    0x080034ec   0x080034ec   0x00000130   Code   RO         2265    i.HAL_I2C_Mem_Write  stm32f1xx_hal_i2c.o
    0x0800361c   0x0800361c   0x0000005c   Code   RO          863    i.HAL_I2C_MspInit   stm32f1xx_hal_msp.o
    0x08003678   0x08003678   0x00000010   Code   RO         1273    i.HAL_IncTick       stm32f1xx_hal.o
    0x08003688   0x08003688   0x00000024   Code   RO         1274    i.HAL_Init          stm32f1xx_hal.o
    0x080036ac   0x080036ac   0x00000040   Code   RO         1275    i.HAL_InitTick      stm32f1xx_hal.o
    0x080036ec   0x080036ec   0x0000003c   Code   RO          864    i.HAL_MspInit       stm32f1xx_hal_msp.o
    0x08003728   0x08003728   0x0000001a   Code   RO         1733    i.HAL_NVIC_EnableIRQ  stm32f1xx_hal_cortex.o
    0x08003742   0x08003742   0x00000002   PAD
    0x08003744   0x08003744   0x00000040   Code   RO         1739    i.HAL_NVIC_SetPriority  stm32f1xx_hal_cortex.o
    0x08003784   0x08003784   0x00000024   Code   RO         1740    i.HAL_NVIC_SetPriorityGrouping  stm32f1xx_hal_cortex.o
    0x080037a8   0x080037a8   0x000000a4   Code   RO         1534    i.HAL_RCCEx_GetPeriphCLKFreq  stm32f1xx_hal_rcc_ex.o
    0x0800384c   0x0800384c   0x000000ec   Code   RO         1535    i.HAL_RCCEx_PeriphCLKConfig  stm32f1xx_hal_rcc_ex.o
    0x08003938   0x08003938   0x0000012c   Code   RO         1431    i.HAL_RCC_ClockConfig  stm32f1xx_hal_rcc.o
    0x08003a64   0x08003a64   0x00000020   Code   RO         1438    i.HAL_RCC_GetPCLK1Freq  stm32f1xx_hal_rcc.o
    0x08003a84   0x08003a84   0x00000020   Code   RO         1439    i.HAL_RCC_GetPCLK2Freq  stm32f1xx_hal_rcc.o
    0x08003aa4   0x08003aa4   0x0000004c   Code   RO         1440    i.HAL_RCC_GetSysClockFreq  stm32f1xx_hal_rcc.o
    0x08003af0   0x08003af0   0x00000320   Code   RO         1443    i.HAL_RCC_OscConfig  stm32f1xx_hal_rcc.o
    0x08003e10   0x08003e10   0x000000b2   Code   RO         2681    i.HAL_SPI_Init      stm32f1xx_hal_spi.o
    0x08003ec2   0x08003ec2   0x00000002   PAD
    0x08003ec4   0x08003ec4   0x0000005c   Code   RO          866    i.HAL_SPI_MspInit   stm32f1xx_hal_msp.o
    0x08003f20   0x08003f20   0x00000166   Code   RO         2689    i.HAL_SPI_Transmit  stm32f1xx_hal_spi.o
    0x08004086   0x08004086   0x00000028   Code   RO         1744    i.HAL_SYSTICK_Config  stm32f1xx_hal_cortex.o
    0x080040ae   0x080040ae   0x00000002   Code   RO         3698    i.HAL_TIMEx_BreakCallback  stm32f1xx_hal_tim_ex.o
    0x080040b0   0x080040b0   0x00000002   Code   RO         3699    i.HAL_TIMEx_CommutCallback  stm32f1xx_hal_tim_ex.o
    0x080040b2   0x080040b2   0x00000002   PAD
    0x080040b4   0x080040b4   0x00000068   Code   RO         3717    i.HAL_TIMEx_MasterConfigSynchronization  stm32f1xx_hal_tim_ex.o
    0x0800411c   0x0800411c   0x0000005a   Code   RO         2994    i.HAL_TIM_Base_Init  stm32f1xx_hal_tim.o
    0x08004176   0x08004176   0x00000002   PAD
    0x08004178   0x08004178   0x00000038   Code   RO          868    i.HAL_TIM_Base_MspInit  stm32f1xx_hal_msp.o
    0x080041b0   0x080041b0   0x000000dc   Code   RO         3003    i.HAL_TIM_ConfigClockSource  stm32f1xx_hal_tim.o
    0x0800428c   0x0800428c   0x00000002   Code   RO         3028    i.HAL_TIM_IC_CaptureCallback  stm32f1xx_hal_tim.o
    0x0800428e   0x0800428e   0x00000130   Code   RO         3042    i.HAL_TIM_IRQHandler  stm32f1xx_hal_tim.o
    0x080043be   0x080043be   0x00000002   Code   RO         3045    i.HAL_TIM_OC_DelayElapsedCallback  stm32f1xx_hal_tim.o
    0x080043c0   0x080043c0   0x00000002   Code   RO         3072    i.HAL_TIM_PWM_PulseFinishedCallback  stm32f1xx_hal_tim.o
    0x080043c2   0x080043c2   0x00000002   Code   RO         3080    i.HAL_TIM_PeriodElapsedCallback  stm32f1xx_hal_tim.o
    0x080043c4   0x080043c4   0x00000002   Code   RO         3085    i.HAL_TIM_TriggerCallback  stm32f1xx_hal_tim.o
    0x080043c6   0x080043c6   0x00000002   Code   RO         3977    i.HAL_UARTEx_RxEventCallback  stm32f1xx_hal_uart.o
    0x080043c8   0x080043c8   0x00000002   Code   RO         3991    i.HAL_UART_ErrorCallback  stm32f1xx_hal_uart.o
    0x080043ca   0x080043ca   0x00000002   PAD
    0x080043cc   0x080043cc   0x0000026c   Code   RO         3994    i.HAL_UART_IRQHandler  stm32f1xx_hal_uart.o
    0x08004638   0x08004638   0x00000064   Code   RO         3995    i.HAL_UART_Init     stm32f1xx_hal_uart.o
    0x0800469c   0x0800469c   0x00000090   Code   RO          870    i.HAL_UART_MspInit  stm32f1xx_hal_msp.o
    0x0800472c   0x0800472c   0x0000001c   Code   RO         4000    i.HAL_UART_Receive_IT  stm32f1xx_hal_uart.o
    0x08004748   0x08004748   0x00000100   Code   RO          665    i.HAL_UART_RxCpltCallback  main.o
    0x08004848   0x08004848   0x000000a0   Code   RO         4003    i.HAL_UART_Transmit  stm32f1xx_hal_uart.o
    0x080048e8   0x080048e8   0x00000002   Code   RO         4006    i.HAL_UART_TxCpltCallback  stm32f1xx_hal_uart.o
    0x080048ea   0x080048ea   0x00000002   Code   RO          774    i.HardFault_Handler  stm32f1xx_it.o
    0x080048ec   0x080048ec   0x0000002e   Code   RO         2287    i.I2C_IsAcknowledgeFailed  stm32f1xx_hal_i2c.o
    0x0800491a   0x0800491a   0x00000002   PAD
    0x0800491c   0x0800491c   0x000000fc   Code   RO         2297    i.I2C_RequestMemoryRead  stm32f1xx_hal_i2c.o
    0x08004a18   0x08004a18   0x000000a8   Code   RO         2298    i.I2C_RequestMemoryWrite  stm32f1xx_hal_i2c.o
    0x08004ac0   0x08004ac0   0x00000056   Code   RO         2302    i.I2C_WaitOnBTFFlagUntilTimeout  stm32f1xx_hal_i2c.o
    0x08004b16   0x08004b16   0x00000002   PAD
    0x08004b18   0x08004b18   0x00000090   Code   RO         2303    i.I2C_WaitOnFlagUntilTimeout  stm32f1xx_hal_i2c.o
    0x08004ba8   0x08004ba8   0x000000bc   Code   RO         2304    i.I2C_WaitOnMasterAddressFlagUntilTimeout  stm32f1xx_hal_i2c.o
    0x08004c64   0x08004c64   0x00000070   Code   RO         2305    i.I2C_WaitOnRXNEFlagUntilTimeout  stm32f1xx_hal_i2c.o
    0x08004cd4   0x08004cd4   0x00000056   Code   RO         2306    i.I2C_WaitOnTXEFlagUntilTimeout  stm32f1xx_hal_i2c.o
    0x08004d2a   0x08004d2a   0x00000002   PAD
    0x08004d2c   0x08004d2c   0x00000038   Code   RO           13    i.INA219_Init       ina219.o
    0x08004d64   0x08004d64   0x0000000e   Code   RO           14    i.INA219_ReadBusVoltage  ina219.o
    0x08004d72   0x08004d72   0x00000002   PAD
    0x08004d74   0x08004d74   0x00000018   Code   RO           15    i.INA219_ReadCurrent  ina219.o
    0x08004d8c   0x08004d8c   0x0000000c   Code   RO           16    i.INA219_ReadCurrent_raw  ina219.o
    0x08004d98   0x08004d98   0x0000001c   Code   RO           17    i.INA219_ReadPower  ina219.o
    0x08004db4   0x08004db4   0x00000006   Code   RO           18    i.INA219_ReadPower_raw  ina219.o
    0x08004dba   0x08004dba   0x00000016   Code   RO           20    i.INA219_Reset      ina219.o
    0x08004dd0   0x08004dd0   0x00000008   Code   RO           22    i.INA219_setCalibration  ina219.o
    0x08004dd8   0x08004dd8   0x00000030   Code   RO           25    i.INA219_setCalibration_32V_2A  ina219.o
    0x08004e08   0x08004e08   0x00000008   Code   RO           26    i.INA219_setConfig  ina219.o
    0x08004e10   0x08004e10   0x00000050   Code   RO          666    i.MX_ADC1_Init      main.o
    0x08004e60   0x08004e60   0x000000b0   Code   RO          667    i.MX_GPIO_Init      main.o
    0x08004f10   0x08004f10   0x00000044   Code   RO          668    i.MX_SPI1_Init      main.o
    0x08004f54   0x08004f54   0x00000068   Code   RO          669    i.MX_TIM2_Init      main.o
    0x08004fbc   0x08004fbc   0x00000002   Code   RO          775    i.MemManage_Handler  stm32f1xx_it.o
    0x08004fbe   0x08004fbe   0x00000002   Code   RO          776    i.NMI_Handler       stm32f1xx_it.o
    0x08004fc0   0x08004fc0   0x00000002   Code   RO          777    i.PendSV_Handler    stm32f1xx_it.o
    0x08004fc2   0x08004fc2   0x00000026   Code   RO           28    i.Read16            ina219.o
    0x08004fe8   0x08004fe8   0x00000088   Code   RO          322    i.SOC_Correction    soc.o
    0x08005070   0x08005070   0x0000000c   Code   RO          323    i.SOC_Get           soc.o
    0x0800507c   0x0800507c   0x00000058   Code   RO          324    i.SOC_GetFromVoltage  soc.o
    0x080050d4   0x080050d4   0x0000001c   Code   RO          325    i.SOC_Init          soc.o
    0x080050f0   0x080050f0   0x00000064   Code   RO          326    i.SOC_UpdateCC      soc.o
    0x08005154   0x08005154   0x00000010   Code   RO          327    i.SOC_UpdateOCV     soc.o
    0x08005164   0x08005164   0x0000000c   Code   RO          444    i.SOH_Get           soh.o
    0x08005170   0x08005170   0x00000018   Code   RO          445    i.SOH_Init          soh.o
    0x08005188   0x08005188   0x00000084   Code   RO          446    i.SOH_Update        soh.o
    0x0800520c   0x0800520c   0x00000034   Code   RO         2719    i.SPI_EndRxTxTransaction  stm32f1xx_hal_spi.o
    0x08005240   0x08005240   0x000000b8   Code   RO         2724    i.SPI_WaitFlagStateUntilTimeout  stm32f1xx_hal_spi.o
    0x080052f8   0x080052f8   0x00000080   Code   RO          506    i.ST7789_DrawFilledRectangle  st7789.o
    0x08005378   0x08005378   0x000000a4   Code   RO          509    i.ST7789_DrawLine   st7789.o
    0x0800541c   0x0800541c   0x00000044   Code   RO          510    i.ST7789_DrawPixel  st7789.o
    0x08005460   0x08005460   0x00000064   Code   RO          512    i.ST7789_DrawRectangle  st7789.o
    0x080054c4   0x080054c4   0x00000064   Code   RO          515    i.ST7789_Fill_Color  st7789.o
    0x08005528   0x08005528   0x0000013c   Code   RO          516    i.ST7789_Init       st7789.o
    0x08005664   0x08005664   0x00000030   Code   RO          517    i.ST7789_InvertColors  st7789.o
    0x08005694   0x08005694   0x00000078   Code   RO          518    i.ST7789_SetAddressWindow  st7789.o
    0x0800570c   0x0800570c   0x00000030   Code   RO          519    i.ST7789_SetRotation  st7789.o
    0x0800573c   0x0800573c   0x000000ac   Code   RO          522    i.ST7789_WriteChar  st7789.o
    0x080057e8   0x080057e8   0x0000003c   Code   RO          523    i.ST7789_WriteCommand  st7789.o
    0x08005824   0x08005824   0x00000064   Code   RO          524    i.ST7789_WriteData  st7789.o
    0x08005888   0x08005888   0x0000003c   Code   RO          525    i.ST7789_WriteSmallData  st7789.o
    0x080058c4   0x080058c4   0x00000074   Code   RO          526    i.ST7789_WriteString  st7789.o
    0x08005938   0x08005938   0x00000002   Code   RO          778    i.SVC_Handler       stm32f1xx_it.o
    0x0800593a   0x0800593a   0x00000004   Code   RO          779    i.SysTick_Handler   stm32f1xx_it.o
    0x0800593e   0x0800593e   0x00000078   Code   RO          670    i.SystemClock_Config  main.o
    0x080059b6   0x080059b6   0x00000002   Code   RO         4329    i.SystemInit        system_stm32f1xx.o
    0x080059b8   0x080059b8   0x00000090   Code   RO          671    i.TFT_DrawBatteryIcon  main.o
    0x08005a48   0x08005a48   0x00000180   Code   RO          672    i.TFT_DrawPage_DigitalTwin  main.o
    0x08005bc8   0x08005bc8   0x0000017c   Code   RO          673    i.TFT_DrawPage_LiveSensor  main.o
    0x08005d44   0x08005d44   0x000001a4   Code   RO          674    i.TFT_DrawPage_Safety  main.o
    0x08005ee8   0x08005ee8   0x00000058   Code   RO          675    i.TFT_UpdateUI      main.o
    0x08005f40   0x08005f40   0x0000000c   Code   RO          780    i.TIM2_IRQHandler   stm32f1xx_it.o
    0x08005f4c   0x08005f4c   0x00000078   Code   RO         3087    i.TIM_Base_SetConfig  stm32f1xx_hal_tim.o
    0x08005fc4   0x08005fc4   0x00000014   Code   RO         3098    i.TIM_ETR_SetConfig  stm32f1xx_hal_tim.o
    0x08005fd8   0x08005fd8   0x00000010   Code   RO         3099    i.TIM_ITRx_SetConfig  stm32f1xx_hal_tim.o
    0x08005fe8   0x08005fe8   0x00000022   Code   RO         3105    i.TIM_TI1_ConfigInputStage  stm32f1xx_hal_tim.o
    0x0800600a   0x0800600a   0x00000024   Code   RO         3107    i.TIM_TI2_ConfigInputStage  stm32f1xx_hal_tim.o
    0x0800602e   0x0800602e   0x00000002   PAD
    0x08006030   0x08006030   0x0000000c   Code   RO          234    i.Temperature_Init  temperature.o
    0x0800603c   0x0800603c   0x000000c4   Code   RO          235    i.Temperature_Update  temperature.o
    0x08006100   0x08006100   0x00000010   Code   RO         4008    i.UART_DMAAbortOnError  stm32f1xx_hal_uart.o
    0x08006110   0x08006110   0x0000004e   Code   RO         4018    i.UART_EndRxTransfer  stm32f1xx_hal_uart.o
    0x0800615e   0x0800615e   0x000000c2   Code   RO         4020    i.UART_Receive_IT   stm32f1xx_hal_uart.o
    0x08006220   0x08006220   0x000000b8   Code   RO         4021    i.UART_SetConfig    stm32f1xx_hal_uart.o
    0x080062d8   0x080062d8   0x00000036   Code   RO         4023    i.UART_Start_Receive_IT  stm32f1xx_hal_uart.o
    0x0800630e   0x0800630e   0x00000072   Code   RO         4024    i.UART_WaitOnFlagUntilTimeout  stm32f1xx_hal_uart.o
    0x08006380   0x08006380   0x0000000c   Code   RO          781    i.USART1_IRQHandler  stm32f1xx_it.o
    0x0800638c   0x0800638c   0x00000002   Code   RO          782    i.UsageFault_Handler  stm32f1xx_it.o
    0x0800638e   0x0800638e   0x0000002a   Code   RO           29    i.Write16           ina219.o
    0x080063b8   0x080063b8   0x00000028   Code   RO         4614    i.__ARM_fpclassify  m_ws.l(fpclassify.o)
    0x080063e0   0x080063e0   0x00000020   Code   RO         1746    i.__NVIC_SetPriority  stm32f1xx_hal_cortex.o
    0x08006400   0x08006400   0x000000aa   Code   RO         4532    i.__kernel_poly     m_ws.l(poly.o)
    0x080064aa   0x080064aa   0x00000002   PAD
    0x080064ac   0x080064ac   0x00000010   Code   RO         4518    i.__mathlib_dbl_divzero  m_ws.l(dunder.o)
    0x080064bc   0x080064bc   0x00000006   Code   RO         4519    i.__mathlib_dbl_infnan  m_ws.l(dunder.o)
    0x080064c2   0x080064c2   0x0000000c   Code   RO         4521    i.__mathlib_dbl_invalid  m_ws.l(dunder.o)
    0x080064ce   0x080064ce   0x0000000e   Code   RO         4522    i.__mathlib_dbl_overflow  m_ws.l(dunder.o)
    0x080064dc   0x080064dc   0x00000010   Code   RO         4524    i.__mathlib_dbl_underflow  m_ws.l(dunder.o)
    0x080064ec   0x080064ec   0x00000010   Code   RO         4616    i.__mathlib_narrow  m_ws.l(narrow.o)
    0x080064fc   0x080064fc   0x000000bc   Code   RO         4617    i.__mathlib_tofloat  m_ws.l(narrow.o)
    0x080065b8   0x080065b8   0x00000016   Code   RO         4712    i.__support_ldexp   m_ws.l(ldexp.o)
    0x080065ce   0x080065ce   0x0000000e   Code   RO         4389    i._is_digit         c_w.l(__printf_wp.o)
    0x080065dc   0x080065dc   0x00000058   Code   RO         4693    i.frexp             m_ws.l(frexp.o)
    0x08006634   0x08006634   0x00000074   Code   RO         4713    i.ldexp             m_ws.l(ldexp.o)
    0x080066a8   0x080066a8   0x0000035c   Code   RO         4466    i.log               m_ws.l(log.o)
    0x08006a04   0x08006a04   0x000002a4   Code   RO          676    i.main              main.o
    0x08006ca8   0x08006ca8   0x0000002c   Code   RO         4596    locale$$code        c_w.l(lc_numeric_c.o)
    0x08006cd4   0x08006cd4   0x0000002c   Code   RO         4701    locale$$code        c_w.l(lc_ctype_c.o)
    0x08006d00   0x08006d00   0x00000062   Code   RO         4419    x$fpl$d2f           fz_ws.l(d2f.o)
    0x08006d62   0x08006d62   0x00000002   PAD
    0x08006d64   0x08006d64   0x00000150   Code   RO         4421    x$fpl$dadd          fz_ws.l(daddsub_clz.o)
    0x08006eb4   0x08006eb4   0x00000010   Code   RO         4598    x$fpl$dcheck1       fz_ws.l(dcheck1.o)
    0x08006ec4   0x08006ec4   0x00000018   Code   RO         4600    x$fpl$dcmpinf       fz_ws.l(dcmpi.o)
    0x08006edc   0x08006edc   0x000002b0   Code   RO         4428    x$fpl$ddiv          fz_ws.l(ddiv.o)
    0x0800718c   0x0800718c   0x00000078   Code   RO         4497    x$fpl$deqf          fz_ws.l(deqf.o)
    0x08007204   0x08007204   0x0000002e   Code   RO         4500    x$fpl$dflt          fz_ws.l(dflt_clz.o)
    0x08007232   0x08007232   0x00000002   PAD
    0x08007234   0x08007234   0x00000078   Code   RO         4705    x$fpl$dleqf         fz_ws.l(dleqf.o)
    0x080072ac   0x080072ac   0x00000154   Code   RO         4431    x$fpl$dmul          fz_ws.l(dmul.o)
    0x08007400   0x08007400   0x0000009c   Code   RO         4505    x$fpl$dnaninf       fz_ws.l(dnaninf.o)
    0x0800749c   0x0800749c   0x0000000c   Code   RO         4507    x$fpl$dretinf       fz_ws.l(dretinf.o)
    0x080074a8   0x080074a8   0x0000006c   Code   RO         4688    x$fpl$drleqf        fz_ws.l(drleqf.o)
    0x08007514   0x08007514   0x00000016   Code   RO         4422    x$fpl$drsb          fz_ws.l(daddsub_clz.o)
    0x0800752a   0x0800752a   0x00000002   PAD
    0x0800752c   0x0800752c   0x000001d4   Code   RO         4423    x$fpl$dsub          fz_ws.l(daddsub_clz.o)
    0x08007700   0x08007700   0x00000056   Code   RO         4433    x$fpl$f2d           fz_ws.l(f2d.o)
    0x08007756   0x08007756   0x00000002   PAD
    0x08007758   0x08007758   0x000000c4   Code   RO         4435    x$fpl$fadd          fz_ws.l(faddsub_clz.o)
    0x0800781c   0x0800781c   0x00000018   Code   RO         4509    x$fpl$fcmpinf       fz_ws.l(fcmpi.o)
    0x08007834   0x08007834   0x00000184   Code   RO         4442    x$fpl$fdiv          fz_ws.l(fdiv.o)
    0x080079b8   0x080079b8   0x0000003e   Code   RO         4445    x$fpl$ffixu         fz_ws.l(ffixu.o)
    0x080079f6   0x080079f6   0x00000002   PAD
    0x080079f8   0x080079f8   0x00000030   Code   RO         4450    x$fpl$fflt          fz_ws.l(fflt_clz.o)
    0x08007a28   0x08007a28   0x00000026   Code   RO         4449    x$fpl$ffltu         fz_ws.l(fflt_clz.o)
    0x08007a4e   0x08007a4e   0x00000002   PAD
    0x08007a50   0x08007a50   0x00000068   Code   RO         4455    x$fpl$fleqf         fz_ws.l(fleqf.o)
    0x08007ab8   0x08007ab8   0x00000102   Code   RO         4457    x$fpl$fmul          fz_ws.l(fmul.o)
    0x08007bba   0x08007bba   0x0000008c   Code   RO         4511    x$fpl$fnaninf       fz_ws.l(fnaninf.o)
    0x08007c46   0x08007c46   0x0000000a   Code   RO         4513    x$fpl$fretinf       fz_ws.l(fretinf.o)
    0x08007c50   0x08007c50   0x00000062   Code   RO         4459    x$fpl$frleqf        fz_ws.l(frleqf.o)
    0x08007cb2   0x08007cb2   0x00000002   PAD
    0x08007cb4   0x08007cb4   0x000000ea   Code   RO         4437    x$fpl$fsub          fz_ws.l(faddsub_clz.o)
    0x08007d9e   0x08007d9e   0x00000006   Code   RO         4606    x$fpl$ieeestatus    fz_ws.l(istatus.o)
    0x08007da4   0x08007da4   0x00000004   Code   RO         4461    x$fpl$printf1       fz_ws.l(printf1.o)
    0x08007da8   0x08007da8   0x00000064   Code   RO         4690    x$fpl$retnan        fz_ws.l(retnan.o)
    0x08007e0c   0x08007e0c   0x0000005c   Code   RO         4515    x$fpl$scalbn        fz_ws.l(scalbn.o)
    0x08007e68   0x08007e68   0x00000004   Code   RO         4463    x$fpl$scanf1        fz_ws.l(scanf1.o)
    0x08007e6c   0x08007e6c   0x00000008   Code   RO         4608    x$fpl$scanf2        fz_ws.l(scanf2.o)
    0x08007e74   0x08007e74   0x00000030   Code   RO         4709    x$fpl$trapveneer    fz_ws.l(trapv.o)
    0x08007ea4   0x08007ea4   0x00000000   Code   RO         4517    x$fpl$usenofp       fz_ws.l(usenofp.o)
    0x08007ea4   0x08007ea4   0x000000a8   Data   RO          329    .constdata          soc.o
    0x08007f4c   0x08007f4c   0x000000fc   Data   RO          392    .constdata          batteryconfig.o
    0x08008048   0x08008048   0x00000d5c   Data   RO          484    .constdata          fonts.o
    0x08008da4   0x08008da4   0x0000134c   Data   RO          485    .constdata          fonts.o
    0x0800a0f0   0x0800a0f0   0x00000012   Data   RO         1444    .constdata          stm32f1xx_hal_rcc.o
    0x0800a102   0x0800a102   0x00000012   Data   RO         1536    .constdata          stm32f1xx_hal_rcc_ex.o
    0x0800a114   0x0800a114   0x00000010   Data   RO         4330    .constdata          system_stm32f1xx.o
    0x0800a124   0x0800a124   0x00000008   Data   RO         4331    .constdata          system_stm32f1xx.o
    0x0800a12c   0x0800a12c   0x00000004   PAD
    0x0800a130   0x0800a130   0x00000038   Data   RO         4467    .constdata          m_ws.l(log.o)
    0x0800a168   0x0800a168   0x00000008   Data   RO         4534    .constdata          m_ws.l(qnan.o)
    0x0800a170   0x0800a170   0x00000094   Data   RO         4571    .constdata          c_w.l(bigflt0.o)
    0x0800a204   0x0800a204   0x000000af   Data   RO          393    .conststring        batteryconfig.o
    0x0800a2b3   0x0800a2b3   0x00000001   PAD
    0x0800a2b4   0x0800a2b4   0x0000015d   Data   RO          678    .conststring        main.o
    0x0800a411   0x0800a411   0x00000003   PAD
    0x0800a414   0x0800a414   0x00000020   Data   RO         4796    Region$$Table       anon$$obj.o
    0x0800a434   0x0800a434   0x00000008   Data   RO         4602    c$$dinf             fz_ws.l(fpconst.o)
    0x0800a43c   0x0800a43c   0x00000008   Data   RO         4605    c$$dmax             fz_ws.l(fpconst.o)
    0x0800a444   0x0800a444   0x0000001c   Data   RO         4595    locale$$data        c_w.l(lc_numeric_c.o)
    0x0800a460   0x0800a460   0x00000110   Data   RO         4700    locale$$data        c_w.l(lc_ctype_c.o)


    Execution Region RW_IRAM1 (Exec base: 0x20000000, Load base: 0x0800a570, Size: 0x000008a0, Max: 0x00005000, ABSOLUTE)

    Exec Addr    Load Addr    Size         Type   Attr      Idx    E Section Name        Object

    0x20000000   0x0800a570   0x00000008   Data   RW           30    .data               ina219.o
    0x20000008   0x0800a578   0x00000004   Data   RW          330    .data               soc.o
    0x2000000c   0x0800a57c   0x00000008   Data   RW          488    .data               fonts.o
    0x20000014   0x0800a584   0x00000008   Data   RW          489    .data               fonts.o
    0x2000001c   0x0800a58c   0x00000010   Data   RW          679    .data               main.o
    0x2000002c   0x0800a59c   0x0000000c   Data   RW         1281    .data               stm32f1xx_hal.o
    0x20000038   0x0800a5a8   0x00000004   Data   RW         4332    .data               system_stm32f1xx.o
    0x2000003c        -       0x0000000c   Zero   RW          236    .bss                temperature.o
    0x20000048        -       0x00000018   Zero   RW          276    .bss                battery.o
    0x20000060        -       0x0000000c   Zero   RW          328    .bss                soc.o
    0x2000006c        -       0x00000024   Zero   RW          391    .bss                batteryconfig.o
    0x20000090        -       0x0000000c   Zero   RW          447    .bss                soh.o
    0x2000009c        -       0x0000019e   Zero   RW          677    .bss                main.o
    0x2000023a   0x0800a5ac   0x00000002   PAD
    0x2000023c        -       0x00000060   Zero   RW         4623    .bss                c_w.l(libspace.o)
    0x2000029c   0x0800a5ac   0x00000004   PAD
    0x200002a0        -       0x00000200   Zero   RW            2    HEAP                startup_stm32f103xb.o
    0x200004a0        -       0x00000400   Zero   RW            1    STACK               startup_stm32f103xb.o


==============================================================================

Image component sizes


      Code (inc. data)   RO Data    RW Data    ZI Data      Debug   Object Name

       220         30          0          0         24       4371   battery.o
       194         20        427          0         36       3333   batteryconfig.o
         0          0       8360         16          0        984   fonts.o
       306         20          0          8          0     464168   ina219.o
      2896        622        349         16        414       8732   main.o
       380         82        168          4         12       3998   soc.o
       168         50          0          0         12       1915   soh.o
      1600        116          0          0          0      10094   st7789.o
        64         26        236          0       1536        772   startup_stm32f103xb.o
       164         28          0         12          0       5589   stm32f1xx_hal.o
      1312         54          0          0          0       6875   stm32f1xx_hal_adc.o
       198         14          0          0          0      28707   stm32f1xx_hal_cortex.o
       222          4          0          0          0       1651   stm32f1xx_hal_dma.o
       490         34          0          0          0       2772   stm32f1xx_hal_gpio.o
      2746         66          0          0          0      13930   stm32f1xx_hal_i2c.o
       532         62          0          0          0       3938   stm32f1xx_hal_msp.o
      1240         84         18          0          0       4876   stm32f1xx_hal_rcc.o
       400         28         18          0          0       2353   stm32f1xx_hal_rcc_ex.o
       772          4          0          0          0       4154   stm32f1xx_hal_spi.o
       850         12          0          0          0       9157   stm32f1xx_hal_tim.o
       108         12          0          0          0       2245   stm32f1xx_hal_tim_ex.o
      1554         10          0          0          0      10416   stm32f1xx_hal_uart.o
        44         12          0          0          0       4304   stm32f1xx_it.o
         2          0         24          4          0        999   system_stm32f1xx.o
       208         44          0          0         12       1939   temperature.o

    ----------------------------------------------------------------------
     16700       1434       9640         60       2048     602272   Object Totals
         0          0         32          0          0          0   (incl. Generated)
        30          0          8          0          2          0   (incl. Padding)

    ----------------------------------------------------------------------

      Code (inc. data)   RO Data    RW Data    ZI Data      Debug   Library Member Name

        60          8          0          0          0         84   __0sscanf.o
         8          0          0          0          0         68   __main.o
       284          0          0          0          0        156   __printf_wp.o
         0          0          0          0          0          0   __rtentry.o
        12          0          0          0          0          0   __rtentry2.o
         6          0          0          0          0          0   __rtentry4.o
        52          8          0          0          0          0   __scatter.o
        26          0          0          0          0          0   __scatter_copy.o
        28          0          0          0          0          0   __scatter_zi.o
        28          0          0          0          0         68   _chval.o
        44          0          0          0          0        108   _printf_char.o
        48          6          0          0          0         96   _printf_char_common.o
         6          0          0          0          0          0   _printf_d.o
       120         16          0          0          0         92   _printf_dec.o
         6          0          0          0          0          0   _printf_f.o
      1054          0          0          0          0        216   _printf_fp_dec.o
       128         16          0          0          0         84   _printf_fp_infnan.o
       178          0          0          0          0         88   _printf_intcommon.o
        78          0          0          0          0        108   _printf_pad.o
         0          0          0          0          0          0   _printf_percent.o
         4          0          0          0          0          0   _printf_percent_end.o
         6          0          0          0          0          0   _printf_s.o
        82          0          0          0          0         80   _printf_str.o
        22          0          0          0          0        100   _rserrno.o
       884          6          0          0          0        100   _scanf.o
       332          0          0          0          0         96   _scanf_int.o
        64          0          0          0          0         84   _sgetc.o
        10          0          0          0          0         68   _sputc.o
       228          4        148          0          0         96   bigflt0.o
      2152        136          0          0          0        960   btod.o
        18          0          0          0          0         80   exit.o
         6          0          0          0          0        152   heapauxi.o
         0          0          0          0          0          0   indicate_semi.o
        18          0          0          0          0         76   isspace.o
        44         10        272          0          0         76   lc_ctype_c.o
        44         10         28          0          0         76   lc_numeric_c.o
         2          0          0          0          0          0   libinit.o
        30          0          0          0          0          0   libinit2.o
         2          0          0          0          0          0   libshutdown.o
         2          0          0          0          0          0   libshutdown2.o
         8          4          0          0         96         68   libspace.o
        38          0          0          0          0         68   llshl.o
       138          0          0          0          0         80   lludiv10.o
        40          6          0          0          0         84   noretval__2sprintf.o
        16          4          0          0          0         76   rt_ctype_table.o
         8          4          0          0          0         68   rt_errno_addr_intlibspace.o
         8          4          0          0          0         68   rt_locale_intlibspace.o
        78          0          0          0          0         80   rt_memclr_w.o
         2          0          0          0          0          0   rtexit.o
        10          0          0          0          0          0   rtexit2.o
        44          8          0          0          0         84   scanf_char.o
      1272         16          0          0          0        168   scanf_fp.o
       800         14          0          0          0        100   scanf_hexfp.o
       308         16          0          0          0        100   scanf_infnan.o
       128          0          0          0          0         68   strcmpv7m.o
        72          0          0          0          0         80   strcpy.o
        62          0          0          0          0         76   strlen.o
       150          0          0          0          0         80   strncmp.o
        12          4          0          0          0         68   sys_exit.o
        74          0          0          0          0         80   sys_stackheap_outer.o
         2          0          0          0          0         68   use_no_semi.o
        98          4          0          0          0         92   d2f.o
       826         16          0          0          0        348   daddsub_clz.o
        16          4          0          0          0         68   dcheck1.o
        24          0          0          0          0         68   dcmpi.o
       688        140          0          0          0        208   ddiv.o
       120          4          0          0          0         92   deqf.o
        46          0          0          0          0         68   dflt_clz.o
       120          4          0          0          0         92   dleqf.o
       340         12          0          0          0        104   dmul.o
       156          4          0          0          0         92   dnaninf.o
        12          0          0          0          0         68   dretinf.o
       108          0          0          0          0         80   drleqf.o
        86          4          0          0          0         84   f2d.o
       430          8          0          0          0        168   faddsub_clz.o
        24          0          0          0          0         68   fcmpi.o
       388         76          0          0          0         96   fdiv.o
        62          4          0          0          0         84   ffixu.o
        86          0          0          0          0        136   fflt_clz.o
       104          4          0          0          0         84   fleqf.o
       258          4          0          0          0         84   fmul.o
       140          4          0          0          0         84   fnaninf.o
         0          0         16          0          0          0   fpconst.o
        10          0          0          0          0         68   fretinf.o
        98          0          0          0          0         68   frleqf.o
         6          0          0          0          0         68   istatus.o
         4          0          0          0          0         68   printf1.o
       100          0          0          0          0         68   retnan.o
        92          0          0          0          0         68   scalbn.o
         4          0          0          0          0         68   scanf1.o
         8          0          0          0          0         84   scanf2.o
        48          0          0          0          0         68   trapv.o
         0          0          0          0          0          0   usenofp.o
        64         10          0          0          0        340   dunder.o
        40          0          0          0          0         68   fpclassify.o
        88          8          0          0          0         76   frexp.o
       138          0          0          0          0        160   ldexp.o
       860         52         56          0          0        256   log.o
       204          4          0          0          0        168   narrow.o
       170          0          0          0          0         96   poly.o
         0          0          8          0          0          0   qnan.o

    ----------------------------------------------------------------------
     15484        668        528          0        100       8836   Library Totals
        32          2          0          0          4          0   (incl. Padding)

    ----------------------------------------------------------------------

      Code (inc. data)   RO Data    RW Data    ZI Data      Debug   Library Name

      9386        300        448          0         96       4776   c_w.l
      4502        292         16          0          0       2896   fz_ws.l
      1564         74         64          0          0       1164   m_ws.l

    ----------------------------------------------------------------------
     15484        668        528          0        100       8836   Library Totals

    ----------------------------------------------------------------------

==============================================================================


      Code (inc. data)   RO Data    RW Data    ZI Data      Debug   

     32184       2102      10168         60       2148     598676   Grand Totals
     32184       2102      10168         60       2148     598676   ELF Image Totals
     32184       2102      10168         60          0          0   ROM Totals

==============================================================================

    Total RO  Size (Code + RO Data)                42352 (  41.36kB)
    Total RW  Size (RW Data + ZI Data)              2208 (   2.16kB)
    Total ROM Size (Code + RO Data + RW Data)      42412 (  41.42kB)

==============================================================================

