Component: ARM Compiler 5.06 update 6 (build 750) Tool: armlink [4d35ed]

==============================================================================

Section Cross References

    startup_stm32f103xb.o(STACK) refers (Special) to heapauxi.o(.text) for __use_two_region_memory
    startup_stm32f103xb.o(HEAP) refers (Special) to heapauxi.o(.text) for __use_two_region_memory
    startup_stm32f103xb.o(RESET) refers (Special) to heapauxi.o(.text) for __use_two_region_memory
    startup_stm32f103xb.o(RESET) refers to startup_stm32f103xb.o(STACK) for __initial_sp
    startup_stm32f103xb.o(RESET) refers to startup_stm32f103xb.o(.text) for Reset_Handler
    startup_stm32f103xb.o(RESET) refers to stm32f1xx_it.o(i.NMI_Handler) for NMI_Handler
    startup_stm32f103xb.o(RESET) refers to stm32f1xx_it.o(i.HardFault_Handler) for HardFault_Handler
    startup_stm32f103xb.o(RESET) refers to stm32f1xx_it.o(i.MemManage_Handler) for MemManage_Handler
    startup_stm32f103xb.o(RESET) refers to stm32f1xx_it.o(i.BusFault_Handler) for BusFault_Handler
    startup_stm32f103xb.o(RESET) refers to stm32f1xx_it.o(i.UsageFault_Handler) for UsageFault_Handler
    startup_stm32f103xb.o(RESET) refers to stm32f1xx_it.o(i.SVC_Handler) for SVC_Handler
    startup_stm32f103xb.o(RESET) refers to stm32f1xx_it.o(i.DebugMon_Handler) for DebugMon_Handler
    startup_stm32f103xb.o(RESET) refers to stm32f1xx_it.o(i.PendSV_Handler) for PendSV_Handler
    startup_stm32f103xb.o(RESET) refers to stm32f1xx_it.o(i.SysTick_Handler) for SysTick_Handler
    startup_stm32f103xb.o(RESET) refers to stm32f1xx_it.o(i.TIM2_IRQHandler) for TIM2_IRQHandler
    startup_stm32f103xb.o(RESET) refers to stm32f1xx_it.o(i.USART1_IRQHandler) for USART1_IRQHandler
    startup_stm32f103xb.o(.text) refers (Special) to heapauxi.o(.text) for __use_two_region_memory
    startup_stm32f103xb.o(.text) refers to system_stm32f1xx.o(i.SystemInit) for SystemInit
    startup_stm32f103xb.o(.text) refers to __main.o(!!!main) for __main
    startup_stm32f103xb.o(.text) refers to startup_stm32f103xb.o(HEAP) for Heap_Mem
    startup_stm32f103xb.o(.text) refers to startup_stm32f103xb.o(STACK) for Stack_Mem
    ina219.o(i.INA219_Init) refers to stm32f1xx_hal_i2c.o(i.HAL_I2C_IsDeviceReady) for HAL_I2C_IsDeviceReady
    ina219.o(i.INA219_Init) refers to ina219.o(i.INA219_Reset) for INA219_Reset
    ina219.o(i.INA219_Init) refers to ina219.o(i.INA219_setCalibration_32V_2A) for INA219_setCalibration_32V_2A
    ina219.o(i.INA219_Init) refers to ina219.o(.data) for .data
    ina219.o(i.INA219_ReadBusVoltage) refers to ina219.o(i.Read16) for Read16
    ina219.o(i.INA219_ReadCurrent) refers to ina219.o(i.INA219_ReadCurrent_raw) for INA219_ReadCurrent_raw
    ina219.o(i.INA219_ReadCurrent) refers to ina219.o(.data) for .data
    ina219.o(i.INA219_ReadCurrent_raw) refers to ina219.o(i.Read16) for Read16
    ina219.o(i.INA219_ReadPower) refers to ina219.o(i.INA219_ReadPower_raw) for INA219_ReadPower_raw
    ina219.o(i.INA219_ReadPower) refers to fflt_clz.o(x$fpl$ffltu) for __aeabi_ui2f
    ina219.o(i.INA219_ReadPower) refers to fmul.o(x$fpl$fmul) for __aeabi_fmul
    ina219.o(i.INA219_ReadPower) refers to ina219.o(.data) for .data
    ina219.o(i.INA219_ReadPower_raw) refers to ina219.o(i.Read16) for Read16
    ina219.o(i.INA219_ReadShuntVoltage) refers to ina219.o(i.Read16) for Read16
    ina219.o(i.INA219_ReadShuntVoltage) refers to fflt_clz.o(x$fpl$fflt) for __aeabi_i2f
    ina219.o(i.INA219_ReadShuntVoltage) refers to fmul.o(x$fpl$fmul) for __aeabi_fmul
    ina219.o(i.INA219_Reset) refers to ina219.o(i.Write16) for Write16
    ina219.o(i.INA219_Reset) refers to stm32f1xx_hal.o(i.HAL_Delay) for HAL_Delay
    ina219.o(i.INA219_getConfig) refers to ina219.o(i.Read16) for Read16
    ina219.o(i.INA219_setCalibration) refers to ina219.o(i.Write16) for Write16
    ina219.o(i.INA219_setCalibration_16V_400mA) refers to ina219.o(i.INA219_setCalibration) for INA219_setCalibration
    ina219.o(i.INA219_setCalibration_16V_400mA) refers to ina219.o(i.INA219_setConfig) for INA219_setConfig
    ina219.o(i.INA219_setCalibration_16V_400mA) refers to ina219.o(.data) for .data
    ina219.o(i.INA219_setCalibration_32V_1A) refers to ina219.o(i.INA219_setCalibration) for INA219_setCalibration
    ina219.o(i.INA219_setCalibration_32V_1A) refers to ina219.o(i.INA219_setConfig) for INA219_setConfig
    ina219.o(i.INA219_setCalibration_32V_1A) refers to ina219.o(.data) for .data
    ina219.o(i.INA219_setCalibration_32V_2A) refers to ina219.o(i.INA219_setCalibration) for INA219_setCalibration
    ina219.o(i.INA219_setCalibration_32V_2A) refers to ina219.o(i.INA219_setConfig) for INA219_setConfig
    ina219.o(i.INA219_setCalibration_32V_2A) refers to ina219.o(.data) for .data
    ina219.o(i.INA219_setConfig) refers to ina219.o(i.Write16) for Write16
    ina219.o(i.INA219_setPowerMode) refers to ina219.o(i.INA219_getConfig) for INA219_getConfig
[...]
    c$$dmax                                  0x08007290   Section        8  fpconst.o(c$$dmax)
    locale$$data                             0x08007298   Section       28  lc_numeric_c.o(locale$$data)
    __lcnum_c_name                           0x0800729c   Data           2  lc_numeric_c.o(locale$$data)
    __lcnum_c_start                          0x080072a4   Data           0  lc_numeric_c.o(locale$$data)
    __lcnum_c_point                          0x080072b0   Data           0  lc_numeric_c.o(locale$$data)
    __lcnum_c_thousands                      0x080072b2   Data           0  lc_numeric_c.o(locale$$data)
    __lcnum_c_grouping                       0x080072b3   Data           0  lc_numeric_c.o(locale$$data)
    locale$$data                             0x080072b4   Section      272  lc_ctype_c.o(locale$$data)
    __lcnum_c_end                            0x080072b4   Data           0  lc_numeric_c.o(locale$$data)
    __lcctype_c_name                         0x080072b8   Data           2  lc_ctype_c.o(locale$$data)
    __lcctype_c_start                        0x080072c0   Data           0  lc_ctype_c.o(locale$$data)
    __lcctype_c_end                          0x080073c4   Data           0  lc_ctype_c.o(locale$$data)
    .data                                    0x20000000   Section        8  ina219.o(.data)
    .data                                    0x20000008   Section        4  soc.o(.data)
    idle_time_counter                        0x20000008   Data           4  soc.o(.data)
    .data                                    0x2000000c   Section       12  main.o(.data)
    .data                                    0x20000018   Section       12  stm32f1xx_hal.o(.data)
    .data                                    0x20000024   Section        4  system_stm32f1xx.o(.data)
    .bss                                     0x20000028   Section       12  temperature.o(.bss)
    .bss                                     0x20000034   Section       24  battery.o(.bss)
    .bss                                     0x2000004c   Section       12  soc.o(.bss)
    .bss                                     0x20000058   Section       36  batteryconfig.o(.bss)
    .bss                                     0x2000007c   Section       12  soh.o(.bss)
    .bss                                     0x20000088   Section      326  main.o(.bss)
    .bss                                     0x200001d0   Section       96  libspace.o(.bss)
    HEAP                                     0x20000230   Section      512  startup_stm32f103xb.o(HEAP)
    Heap_Mem                                 0x20000230   Data         512  startup_stm32f103xb.o(HEAP)
    STACK                                    0x20000430   Section     1024  startup_stm32f103xb.o(STACK)
    Stack_Mem                                0x20000430   Data        1024  startup_stm32f103xb.o(STACK)
    __initial_sp                             0x20000830   Data           0  startup_stm32f103xb.o(STACK)

    Global Symbols

    Symbol Name                              Value     Ov Type        Size  Object(Section)

    BuildAttributes$$THM_ISAv4$P$D$K$B$S$PE$A:L22UL41UL21$X:L11$S22US41US21$IEEE1$IW$USESV6$~STKCKD$USESV7$~SHL$OTIME$ROPI$IEEEX$EBA8$UX$STANDARDLIB$REQ8$PRES8$EABIv2 0x00000000   Number         0  anon$$obj.o ABSOLUTE
    __ARM_use_no_argv                        0x00000000   Number         0  main.o ABSOLUTE
    _printf_flags                            0x00000000   Number         0  printf_stubs.o ABSOLUTE
    _printf_return_value                     0x00000000   Number         0  printf_stubs.o ABSOLUTE
    _printf_sizespec                         0x00000000   Number         0  printf_stubs.o ABSOLUTE
    _printf_widthprec                        0x00000000   Number         0  printf_stubs.o ABSOLUTE
    __ARM_exceptions_init                     - Undefined Weak Reference
    __alloca_initialize                       - Undefined Weak Reference
    __arm_preinit_                            - Undefined Weak Reference
    __cpp_initialize__aeabi_                  - Undefined Weak Reference
    __cxa_finalize                            - Undefined Weak Reference
    __sigvec_lookup                           - Undefined Weak Reference
    _atexit_init                              - Undefined Weak Reference
    _call_atexit_fns                          - Undefined Weak Reference
    _clock_init                               - Undefined Weak Reference
    _fp_trap_init                             - Undefined Weak Reference
    _fp_trap_shutdown                         - Undefined Weak Reference
    _get_lc_collate                           - Undefined Weak Reference
    _get_lc_monetary                          - Undefined Weak Reference
    _get_lc_time                              - Undefined Weak Reference
    _getenv_init                              - Undefined Weak Reference
    _handle_redirection                       - Undefined Weak Reference
    _init_alloc                               - Undefined Weak Reference
    _init_user_alloc                          - Undefined Weak Reference
    _initio                                   - Undefined Weak Reference
    _printf_mbtowc                            - Undefined Weak Reference
    _printf_post_padding                      - Undefined Weak Reference
    _printf_pre_padding                       - Undefined Weak Reference
    _printf_truncate_signed                   - Undefined Weak Reference
    _printf_truncate_unsigned                 - Undefined Weak Reference
    _rand_init                                - Undefined Weak Reference
    _scanf_longlong                           - Undefined Weak Reference
    _scanf_mbtowc                             - Undefined Weak Reference
    _scanf_string                             - Undefined Weak Reference
    _scanf_wctomb                             - Undefined Weak Reference
    _scanf_wstring                            - Undefined Weak Reference
    _signal_finish                            - Undefined Weak Reference
    _signal_init                              - Undefined Weak Reference
    _terminate_alloc                          - Undefined Weak Reference
    _terminate_user_alloc                     - Undefined Weak Reference
    _terminateio                              - Undefined Weak Reference
    __Vectors_Size                           0x000000ec   Number         0  startup_stm32f103xb.o ABSOLUTE
    __Vectors                                0x08000000   Data           4  startup_stm32f103xb.o(RESET)
    __Vectors_End                            0x080000ec   Data           0  startup_stm32f103xb.o(RESET)
    __main                                   0x080000ed   Thumb Code     8  __main.o(!!!main)
    __scatterload                            0x080000f5   Thumb Code     0  __scatter.o(!!!scatter)
    __scatterload_rt2                        0x080000f5   Thumb Code    44  __scatter.o(!!!scatter)
    __scatterload_rt2_thumb_only             0x080000f5   Thumb Code     0  __scatter.o(!!!scatter)
    __scatterload_null                       0x08000103   Thumb Code     0  __scatter.o(!!!scatter)
    __scatterload_copy                       0x08000129   Thumb Code    26  __scatter_copy.o(!!handler_copy)
    __scatterload_zeroinit                   0x08000145   Thumb Code    28  __scatter_zi.o(!!handler_zi)
    _printf_f                                0x08000161   Thumb Code     0  _printf_f.o(.ARM.Collect$$_printf_percent$$00000003)
    _printf_percent                          0x08000161   Thumb Code     0  _printf_percent.o(.ARM.Collect$$_printf_percent$$00000000)
    _printf_d                                0x08000167   Thumb Code     0  _printf_d.o(.ARM.Collect$$_printf_percent$$00000009)
    _printf_s                                0x0800016d   Thumb Code     0  _printf_s.o(.ARM.Collect$$_printf_percent$$00000014)
    _printf_percent_end                      0x08000173   Thumb Code     0  _printf_percent_end.o(.ARM.Collect$$_printf_percent$$00000017)
    __rt_lib_init                            0x08000177   Thumb Code     0  libinit.o(.ARM.Collect$$libinit$$00000000)
    __rt_lib_init_fp_1                       0x08000179   Thumb Code     0  libinit2.o(.ARM.Collect$$libinit$$00000002)
    __rt_lib_init_heap_1                     0x08000179   Thumb Code     0  libinit2.o(.ARM.Collect$$libinit$$0000000A)
    __rt_lib_init_lc_common                  0x08000179   Thumb Code     0  libinit2.o(.ARM.Collect$$libinit$$0000000F)
    __rt_lib_init_preinit_1                  0x08000179   Thumb Code     0  libinit2.o(.ARM.Collect$$libinit$$00000004)
    __rt_lib_init_rand_1                     0x08000179   Thumb Code     0  libinit2.o(.ARM.Collect$$libinit$$0000000E)
    __rt_lib_init_user_alloc_1               0x08000179   Thumb Code     0  libinit2.o(.ARM.Collect$$libinit$$0000000C)
    __rt_lib_init_lc_collate_1               0x0800017f   Thumb Code     0  libinit2.o(.ARM.Collect$$libinit$$00000011)
    __rt_lib_init_lc_ctype_2                 0x0800017f   Thumb Code     0  libinit2.o(.ARM.Collect$$libinit$$00000012)
    __rt_lib_init_lc_ctype_1                 0x0800018b   Thumb Code     0  libinit2.o(.ARM.Collect$$libinit$$00000013)
    __rt_lib_init_lc_monetary_1              0x0800018b   Thumb Code     0  libinit2.o(.ARM.Collect$$libinit$$00000015)
    __rt_lib_init_lc_numeric_2               0x0800018b   Thumb Code     0  libinit2.o(.ARM.Collect$$libinit$$00000016)
    __rt_lib_init_alloca_1                   0x08000195   Thumb Code     0  libinit2.o(.ARM.Collect$$libinit$$0000002E)
    __rt_lib_init_argv_1                     0x08000195   Thumb Code     0  libinit2.o(.ARM.Collect$$libinit$$0000002C)
    __rt_lib_init_atexit_1                   0x08000195   Thumb Code     0  libinit2.o(.ARM.Collect$$libinit$$0000001B)
    __rt_lib_init_clock_1                    0x08000195   Thumb Code     0  libinit2.o(.ARM.Collect$$libinit$$00000021)
    __rt_lib_init_cpp_1                      0x08000195   Thumb Code     0  libinit2.o(.ARM.Collect$$libinit$$00000032)
    __rt_lib_init_exceptions_1               0x08000195   Thumb Code     0  libinit2.o(.ARM.Collect$$libinit$$00000030)
    __rt_lib_init_fp_trap_1                  0x08000195   Thumb Code     0  libinit2.o(.ARM.Collect$$libinit$$0000001F)
    __rt_lib_init_getenv_1                   0x08000195   Thumb Code     0  libinit2.o(.ARM.Collect$$libinit$$00000023)
    __rt_lib_init_lc_numeric_1               0x08000195   Thumb Code     0  libinit2.o(.ARM.Collect$$libinit$$00000017)
    __rt_lib_init_lc_time_1                  0x08000195   Thumb Code     0  libinit2.o(.ARM.Collect$$libinit$$00000019)
    __rt_lib_init_return                     0x08000195   Thumb Code     0  libinit2.o(.ARM.Collect$$libinit$$00000033)
    __rt_lib_init_signal_1                   0x08000195   Thumb Code     0  libinit2.o(.ARM.Collect$$libinit$$0000001D)
    __rt_lib_init_stdio_1                    0x08000195   Thumb Code     0  libinit2.o(.ARM.Collect$$libinit$$00000025)
    __rt_lib_shutdown                        0x08000197   Thumb Code     0  libshutdown.o(.ARM.Collect$$libshutdown$$00000000)
    __rt_lib_shutdown_cpp_1                  0x08000199   Thumb Code     0  libshutdown2.o(.ARM.Collect$$libshutdown$$00000002)
    __rt_lib_shutdown_fp_trap_1              0x08000199   Thumb Code     0  libshutdown2.o(.ARM.Collect$$libshutdown$$00000007)
    __rt_lib_shutdown_heap_1                 0x08000199   Thumb Code     0  libshutdown2.o(.ARM.Collect$$libshutdown$$0000000F)
    __rt_lib_shutdown_return                 0x08000199   Thumb Code     0  libshutdown2.o(.ARM.Collect$$libshutdown$$00000010)
    __rt_lib_shutdown_signal_1               0x08000199   Thumb Code     0  libshutdown2.o(.ARM.Collect$$libshutdown$$0000000A)
    __rt_lib_shutdown_stdio_1                0x08000199   Thumb Code     0  libshutdown2.o(.ARM.Collect$$libshutdown$$00000004)
    __rt_lib_shutdown_user_alloc_1           0x08000199   Thumb Code     0  libshutdown2.o(.ARM.Collect$$libshutdown$$0000000C)
    __rt_entry                               0x0800019b   Thumb Code     0  __rtentry.o(.ARM.Collect$$rtentry$$00000000)
    __rt_entry_presh_1                       0x0800019b   Thumb Code     0  __rtentry2.o(.ARM.Collect$$rtentry$$00000002)
    __rt_entry_sh                            0x0800019b   Thumb Code     0  __rtentry4.o(.ARM.Collect$$rtentry$$00000004)
    __rt_entry_li                            0x080001a1   Thumb Code     0  __rtentry2.o(.ARM.Collect$$rtentry$$0000000A)
    __rt_entry_postsh_1                      0x080001a1   Thumb Code     0  __rtentry2.o(.ARM.Collect$$rtentry$$00000009)
    __rt_entry_main                          0x080001a5   Thumb Code     0  __rtentry2.o(.ARM.Collect$$rtentry$$0000000D)
    __rt_entry_postli_1                      0x080001a5   Thumb Code     0  __rtentry2.o(.ARM.Collect$$rtentry$$0000000C)
    __rt_exit                                0x080001ad   Thumb Code     0  rtexit.o(.ARM.Collect$$rtexit$$00000000)
    __rt_exit_ls                             0x080001af   Thumb Code     0  rtexit2.o(.ARM.Collect$$rtexit$$00000003)
    __rt_exit_prels_1                        0x080001af   Thumb Code     0  rtexit2.o(.ARM.Collect$$rtexit$$00000002)
    __rt_exit_exit                           0x080001b3   Thumb Code     0  rtexit2.o(.ARM.Collect$$rtexit$$00000004)
    Reset_Handler                            0x080001b9   Thumb Code     8  startup_stm32f103xb.o(.text)
    ADC1_2_IRQHandler                        0x080001d3   Thumb Code     0  startup_stm32f103xb.o(.text)
    CAN1_RX1_IRQHandler                      0x080001d3   Thumb Code     0  startup_stm32f103xb.o(.text)
    CAN1_SCE_IRQHandler                      0x080001d3   Thumb Code     0  startup_stm32f103xb.o(.text)
    DMA1_Channel1_IRQHandler                 0x080001d3   Thumb Code     0  startup_stm32f103xb.o(.text)
    DMA1_Channel2_IRQHandler                 0x080001d3   Thumb Code     0  startup_stm32f103xb.o(.text)
    DMA1_Channel3_IRQHandler                 0x080001d3   Thumb Code     0  startup_stm32f103xb.o(.text)
    DMA1_Channel4_IRQHandler                 0x080001d3   Thumb Code     0  startup_stm32f103xb.o(.text)
    DMA1_Channel5_IRQHandler                 0x080001d3   Thumb Code     0  startup_stm32f103xb.o(.text)
    DMA1_Channel6_IRQHandler                 0x080001d3   Thumb Code     0  startup_stm32f103xb.o(.text)
    DMA1_Channel7_IRQHandler                 0x080001d3   Thumb Code     0  startup_stm32f103xb.o(.text)
    EXTI0_IRQHandler                         0x080001d3   Thumb Code     0  startup_stm32f103xb.o(.text)
    EXTI15_10_IRQHandler                     0x080001d3   Thumb Code     0  startup_stm32f103xb.o(.text)
    EXTI1_IRQHandler                         0x080001d3   Thumb Code     0  startup_stm32f103xb.o(.text)
    EXTI2_IRQHandler                         0x080001d3   Thumb Code     0  startup_stm32f103xb.o(.text)
    EXTI3_IRQHandler                         0x080001d3   Thumb Code     0  startup_stm32f103xb.o(.text)
    EXTI4_IRQHandler                         0x080001d3   Thumb Code     0  startup_stm32f103xb.o(.text)
    EXTI9_5_IRQHandler                       0x080001d3   Thumb Code     0  startup_stm32f103xb.o(.text)
    FLASH_IRQHandler                         0x080001d3   Thumb Code     0  startup_stm32f103xb.o(.text)
    I2C1_ER_IRQHandler                       0x080001d3   Thumb Code     0  startup_stm32f103xb.o(.text)
    I2C1_EV_IRQHandler                       0x080001d3   Thumb Code     0  startup_stm32f103xb.o(.text)
    I2C2_ER_IRQHandler                       0x080001d3   Thumb Code     0  startup_stm32f103xb.o(.text)
    I2C2_EV_IRQHandler                       0x080001d3   Thumb Code     0  startup_stm32f103xb.o(.text)
    PVD_IRQHandler                           0x080001d3   Thumb Code     0  startup_stm32f103xb.o(.text)
    RCC_IRQHandler                           0x080001d3   Thumb Code     0  startup_stm32f103xb.o(.text)
    RTC_Alarm_IRQHandler                     0x080001d3   Thumb Code     0  startup_stm32f103xb.o(.text)
    RTC_IRQHandler                           0x080001d3   Thumb Code     0  startup_stm32f103xb.o(.text)
    SPI1_IRQHandler                          0x080001d3   Thumb Code     0  startup_stm32f103xb.o(.text)
    SPI2_IRQHandler                          0x080001d3   Thumb Code     0  startup_stm32f103xb.o(.text)
    TAMPER_IRQHandler                        0x080001d3   Thumb Code     0  startup_stm32f103xb.o(.text)
    TIM1_BRK_IRQHandler                      0x080001d3   Thumb Code     0  startup_stm32f103xb.o(.text)
    TIM1_CC_IRQHandler                       0x080001d3   Thumb Code     0  startup_stm32f103xb.o(.text)
    TIM1_TRG_COM_IRQHandler                  0x080001d3   Thumb Code     0  startup_stm32f103xb.o(.text)
    TIM1_UP_IRQHandler                       0x080001d3   Thumb Code     0  startup_stm32f103xb.o(.text)
    TIM3_IRQHandler                          0x080001d3   Thumb Code     0  startup_stm32f103xb.o(.text)
    TIM4_IRQHandler                          0x080001d3   Thumb Code     0  startup_stm32f103xb.o(.text)
    USART2_IRQHandler                        0x080001d3   Thumb Code     0  startup_stm32f103xb.o(.text)
    USART3_IRQHandler                        0x080001d3   Thumb Code     0  startup_stm32f103xb.o(.text)
    USBWakeUp_IRQHandler                     0x080001d3   Thumb Code     0  startup_stm32f103xb.o(.text)
    USB_HP_CAN1_TX_IRQHandler                0x080001d3   Thumb Code     0  startup_stm32f103xb.o(.text)
    USB_LP_CAN1_RX0_IRQHandler               0x080001d3   Thumb Code     0  startup_stm32f103xb.o(.text)
    WWDG_IRQHandler                          0x080001d3   Thumb Code     0  startup_stm32f103xb.o(.text)
    __user_initial_stackheap                 0x080001d5   Thumb Code     0  startup_stm32f103xb.o(.text)
    __2sprintf                               0x080001f9   Thumb Code    34  noretval__2sprintf.o(.text)
    _printf_str                              0x08000221   Thumb Code    82  _printf_str.o(.text)
    _printf_int_dec                          0x08000275   Thumb Code   104  _printf_dec.o(.text)
    __printf                                 0x080002ed   Thumb Code   270  __printf_wp.o(.text)
    __0sscanf                                0x080003fd   Thumb Code    52  __0sscanf.o(.text)
    _scanf_int                               0x08000439   Thumb Code   332  _scanf_int.o(.text)
    strcpy                                   0x08000585   Thumb Code    72  strcpy.o(.text)
    strlen                                   0x080005cd   Thumb Code    62  strlen.o(.text)
    strncmp                                  0x0800060b   Thumb Code   150  strncmp.o(.text)
    __aeabi_memclr4                          0x080006a1   Thumb Code     0  rt_memclr_w.o(.text)
    __aeabi_memclr8                          0x080006a1   Thumb Code     0  rt_memclr_w.o(.text)
    __rt_memclr_w                            0x080006a1   Thumb Code    78  rt_memclr_w.o(.text)
    _memset_w                                0x080006a5   Thumb Code     0  rt_memclr_w.o(.text)
    __use_two_region_memory                  0x080006ef   Thumb Code     2  heapauxi.o(.text)
    __rt_heap_escrow$2region                 0x080006f1   Thumb Code     2  heapauxi.o(.text)
    __rt_heap_expand$2region                 0x080006f3   Thumb Code     2  heapauxi.o(.text)
    __read_errno                             0x080006f5   Thumb Code    10  _rserrno.o(.text)
    __set_errno                              0x080006ff   Thumb Code    12  _rserrno.o(.text)
    _printf_int_common                       0x0800070b   Thumb Code   178  _printf_intcommon.o(.text)
    __lib_sel_fp_printf                      0x080007bd   Thumb Code     2  _printf_fp_dec.o(.text)
    _printf_fp_dec_real                      0x0800096f   Thumb Code   620  _printf_fp_dec.o(.text)
    _printf_char_common                      0x08000be7   Thumb Code    32  _printf_char_common.o(.text)
    _sputc                                   0x08000c0d   Thumb Code    10  _sputc.o(.text)
    _printf_cs_common                        0x08000c17   Thumb Code    20  _printf_char.o(.text)
    _printf_char                             0x08000c2b   Thumb Code    16  _printf_char.o(.text)
    _printf_string                           0x08000c3b   Thumb Code     8  _printf_char.o(.text)
    _chval                                   0x08000c43   Thumb Code    28  _chval.o(.text)
    _scanf_really_real                       0x08000ead   Thumb Code   684  scanf_fp.o(.text)
    __vfscanf_char                           0x08001165   Thumb Code    24  scanf_char.o(.text)
    _sgetc                                   0x08001185   Thumb Code    30  _sgetc.o(.text)
    _sbackspace                              0x080011a3   Thumb Code    34  _sgetc.o(.text)
    __rt_locale                              0x080011c5   Thumb Code     8  rt_locale_intlibspace.o(.text)
    __aeabi_errno_addr                       0x080011cd   Thumb Code     8  rt_errno_addr_intlibspace.o(.text)
    __errno$intlibspace                      0x080011cd   Thumb Code     0  rt_errno_addr_intlibspace.o(.text)
    __rt_errno_addr$intlibspace              0x080011cd   Thumb Code     0  rt_errno_addr_intlibspace.o(.text)
    _ll_udiv10                               0x080011d5   Thumb Code   138  lludiv10.o(.text)
    isspace                                  0x0800125f   Thumb Code    18  isspace.o(.text)
    _printf_fp_infnan                        0x08001271   Thumb Code   112  _printf_fp_infnan.o(.text)
    __vfscanf                                0x080012f1   Thumb Code   878  _scanf.o(.text)
    _btod_etento                             0x08001665   Thumb Code   224  bigflt0.o(.text)
    __user_libspace                          0x08001749   Thumb Code     8  libspace.o(.text)
    __user_perproc_libspace                  0x08001749   Thumb Code     0  libspace.o(.text)
    __user_perthread_libspace                0x08001749   Thumb Code     0  libspace.o(.text)
    __user_setup_stackheap                   0x08001751   Thumb Code    74  sys_stackheap_outer.o(.text)
    __rt_ctype_table                         0x0800179d   Thumb Code    16  rt_ctype_table.o(.text)
    _scanf_really_hex_real                   0x080017ad   Thumb Code   786  scanf_hexfp.o(.text)
    _scanf_really_infnan                     0x08001acd   Thumb Code   292  scanf_infnan.o(.text)
    exit                                     0x08001c01   Thumb Code    18  exit.o(.text)
    strcmp                                   0x08001c15   Thumb Code   128  strcmpv7m.o(.text)
    __aeabi_llsl                             0x08001c95   Thumb Code     0  llshl.o(.text)
    _ll_shift_l                              0x08001c95   Thumb Code    38  llshl.o(.text)
    _sys_exit                                0x08001cbd   Thumb Code     8  sys_exit.o(.text)
    __I$use$semihosting                      0x08001cc9   Thumb Code     0  use_no_semi.o(.text)
    __use_no_semihosting_swi                 0x08001cc9   Thumb Code     2  use_no_semi.o(.text)
    __semihosting_library_function           0x08001ccb   Thumb Code     0  indicate_semi.o(.text)
    _btod_d2e                                0x08001ccb   Thumb Code    62  btod.o(CL$$btod_d2e)
    _d2e_denorm_low                          0x08001d09   Thumb Code    70  btod.o(CL$$btod_d2e_denorm_low)
    _d2e_norm_op1                            0x08001d4f   Thumb Code    96  btod.o(CL$$btod_d2e_norm_op1)
    __btod_div_common                        0x08001daf   Thumb Code   696  btod.o(CL$$btod_div_common)
    _e2d                                     0x080020e9   Thumb Code   122  btod.o(CL$$btod_e2d)
    _e2e                                     0x0800216d   Thumb Code   220  btod.o(CL$$btod_e2e)
    _btod_ediv                               0x08002249   Thumb Code    42  btod.o(CL$$btod_ediv)
    _btod_edivd                              0x08002273   Thumb Code    42  btod.o(CL$$btod_edivd)
    _btod_emul                               0x0800229d   Thumb Code    42  btod.o(CL$$btod_emul)
    _btod_emuld                              0x080022c7   Thumb Code    42  btod.o(CL$$btod_emuld)
    __btod_mult_common                       0x080022f1   Thumb Code   580  btod.o(CL$$btod_mult_common)
    ADC_ConversionStop_Disable               0x08002535   Thumb Code    86  stm32f1xx_hal_adc.o(i.ADC_ConversionStop_Disable)
    ADC_Enable                               0x0800258d   Thumb Code   114  stm32f1xx_hal_adc.o(i.ADC_Enable)
    BatteryConfig_Init                       0x08002609   Thumb Code     6  batteryconfig.o(i.BatteryConfig_Init)
    BatteryConfig_Print                      0x08002611   Thumb Code    92  batteryconfig.o(i.BatteryConfig_Print)
    BatteryConfig_Select                     0x08002675   Thumb Code    44  batteryconfig.o(i.BatteryConfig_Select)
    BatteryConfig_Update                     0x080026a9   Thumb Code    32  batteryconfig.o(i.BatteryConfig_Update)
    Battery_Init                             0x080026cd   Thumb Code    42  battery.o(i.Battery_Init)
    Battery_Update                           0x08002701   Thumb Code   148  battery.o(i.Battery_Update)
    BusFault_Handler                         0x080027a9   Thumb Code     2  stm32f1xx_it.o(i.BusFault_Handler)
    DebugMon_Handler                         0x080027ab   Thumb Code     2  stm32f1xx_it.o(i.DebugMon_Handler)
    HAL_ADC_ConfigChannel                    0x080027ad   Thumb Code   240  stm32f1xx_hal_adc.o(i.HAL_ADC_ConfigChannel)
    HAL_ADC_GetValue                         0x080028a9   Thumb Code     6  stm32f1xx_hal_adc.o(i.HAL_ADC_GetValue)
    HAL_ADC_Init                             0x080028b1   Thumb Code   272  stm32f1xx_hal_adc.o(i.HAL_ADC_Init)
    HAL_ADC_MspInit                          0x080029cd   Thumb Code    76  stm32f1xx_hal_msp.o(i.HAL_ADC_MspInit)
    HAL_ADC_PollForConversion                0x08002a25   Thumb Code   304  stm32f1xx_hal_adc.o(i.HAL_ADC_PollForConversion)
    HAL_ADC_Start                            0x08002b61   Thumb Code   184  stm32f1xx_hal_adc.o(i.HAL_ADC_Start)
    HAL_ADC_Stop                             0x08002c21   Thumb Code    52  stm32f1xx_hal_adc.o(i.HAL_ADC_Stop)
    HAL_DMA_Abort                            0x08002c55   Thumb Code    70  stm32f1xx_hal_dma.o(i.HAL_DMA_Abort)
    HAL_DMA_Abort_IT                         0x08002c9d   Thumb Code   148  stm32f1xx_hal_dma.o(i.HAL_DMA_Abort_IT)
    HAL_Delay                                0x08002d35   Thumb Code    32  stm32f1xx_hal.o(i.HAL_Delay)
    HAL_GPIO_Init                            0x08002d59   Thumb Code   446  stm32f1xx_hal_gpio.o(i.HAL_GPIO_Init)
    HAL_GPIO_WritePin                        0x08002f39   Thumb Code    10  stm32f1xx_hal_gpio.o(i.HAL_GPIO_WritePin)
    HAL_GetTick                              0x08002f45   Thumb Code     6  stm32f1xx_hal.o(i.HAL_GetTick)
    HAL_I2C_Init                             0x08002f51   Thumb Code   376  stm32f1xx_hal_i2c.o(i.HAL_I2C_Init)
    HAL_I2C_IsDeviceReady                    0x080030d9   Thumb Code   354  stm32f1xx_hal_i2c.o(i.HAL_I2C_IsDeviceReady)
    HAL_I2C_Mem_Read                         0x08003245   Thumb Code   586  stm32f1xx_hal_i2c.o(i.HAL_I2C_Mem_Read)
    HAL_I2C_Mem_Write                        0x080034a1   Thumb Code   294  stm32f1xx_hal_i2c.o(i.HAL_I2C_Mem_Write)
    HAL_I2C_MspInit                          0x080035d1   Thumb Code    80  stm32f1xx_hal_msp.o(i.HAL_I2C_MspInit)
    HAL_IncTick                              0x0800362d   Thumb Code    12  stm32f1xx_hal.o(i.HAL_IncTick)
    HAL_Init                                 0x0800363d   Thumb Code    32  stm32f1xx_hal.o(i.HAL_Init)
    HAL_InitTick                             0x08003661   Thumb Code    54  stm32f1xx_hal.o(i.HAL_InitTick)
    HAL_MspInit                              0x080036a1   Thumb Code    52  stm32f1xx_hal_msp.o(i.HAL_MspInit)
    HAL_NVIC_EnableIRQ                       0x080036dd   Thumb Code    26  stm32f1xx_hal_cortex.o(i.HAL_NVIC_EnableIRQ)
    HAL_NVIC_SetPriority                     0x080036f9   Thumb Code    60  stm32f1xx_hal_cortex.o(i.HAL_NVIC_SetPriority)
    HAL_NVIC_SetPriorityGrouping             0x08003739   Thumb Code    26  stm32f1xx_hal_cortex.o(i.HAL_NVIC_SetPriorityGrouping)
    HAL_RCCEx_GetPeriphCLKFreq               0x0800375d   Thumb Code   148  stm32f1xx_hal_rcc_ex.o(i.HAL_RCCEx_GetPeriphCLKFreq)
    HAL_RCCEx_PeriphCLKConfig                0x08003801   Thumb Code   224  stm32f1xx_hal_rcc_ex.o(i.HAL_RCCEx_PeriphCLKConfig)
    HAL_RCC_ClockConfig                      0x080038ed   Thumb Code   280  stm32f1xx_hal_rcc.o(i.HAL_RCC_ClockConfig)
    HAL_RCC_GetPCLK1Freq                     0x08003a19   Thumb Code    20  stm32f1xx_hal_rcc.o(i.HAL_RCC_GetPCLK1Freq)
    HAL_RCC_GetPCLK2Freq                     0x08003a39   Thumb Code    20  stm32f1xx_hal_rcc.o(i.HAL_RCC_GetPCLK2Freq)
    HAL_RCC_GetSysClockFreq                  0x08003a59   Thumb Code    58  stm32f1xx_hal_rcc.o(i.HAL_RCC_GetSysClockFreq)
    HAL_RCC_OscConfig                        0x08003aa5   Thumb Code   778  stm32f1xx_hal_rcc.o(i.HAL_RCC_OscConfig)
    HAL_SYSTICK_Config                       0x08003dc5   Thumb Code    40  stm32f1xx_hal_cortex.o(i.HAL_SYSTICK_Config)
    HAL_TIMEx_BreakCallback                  0x08003ded   Thumb Code     2  stm32f1xx_hal_tim_ex.o(i.HAL_TIMEx_BreakCallback)
    HAL_TIMEx_CommutCallback                 0x08003def   Thumb Code     2  stm32f1xx_hal_tim_ex.o(i.HAL_TIMEx_CommutCallback)
    HAL_TIMEx_MasterConfigSynchronization    0x08003df1   Thumb Code    92  stm32f1xx_hal_tim_ex.o(i.HAL_TIMEx_MasterConfigSynchronization)
    HAL_TIM_Base_Init                        0x08003e59   Thumb Code    90  stm32f1xx_hal_tim.o(i.HAL_TIM_Base_Init)
    HAL_TIM_Base_MspInit                     0x08003eb5   Thumb Code    50  stm32f1xx_hal_msp.o(i.HAL_TIM_Base_MspInit)
    HAL_TIM_ConfigClockSource                0x08003eed   Thumb Code   220  stm32f1xx_hal_tim.o(i.HAL_TIM_ConfigClockSource)
    HAL_TIM_IC_CaptureCallback               0x08003fc9   Thumb Code     2  stm32f1xx_hal_tim.o(i.HAL_TIM_IC_CaptureCallback)
    HAL_TIM_IRQHandler                       0x08003fcb   Thumb Code   304  stm32f1xx_hal_tim.o(i.HAL_TIM_IRQHandler)
    HAL_TIM_OC_DelayElapsedCallback          0x080040fb   Thumb Code     2  stm32f1xx_hal_tim.o(i.HAL_TIM_OC_DelayElapsedCallback)
    HAL_TIM_PWM_PulseFinishedCallback        0x080040fd   Thumb Code     2  stm32f1xx_hal_tim.o(i.HAL_TIM_PWM_PulseFinishedCallback)
    HAL_TIM_PeriodElapsedCallback            0x080040ff   Thumb Code     2  stm32f1xx_hal_tim.o(i.HAL_TIM_PeriodElapsedCallback)
    HAL_TIM_TriggerCallback                  0x08004101   Thumb Code     2  stm32f1xx_hal_tim.o(i.HAL_TIM_TriggerCallback)
    HAL_UARTEx_RxEventCallback               0x08004103   Thumb Code     2  stm32f1xx_hal_uart.o(i.HAL_UARTEx_RxEventCallback)
    HAL_UART_ErrorCallback                   0x08004105   Thumb Code     2  stm32f1xx_hal_uart.o(i.HAL_UART_ErrorCallback)
    HAL_UART_IRQHandler                      0x08004109   Thumb Code   616  stm32f1xx_hal_uart.o(i.HAL_UART_IRQHandler)
    HAL_UART_Init                            0x08004375   Thumb Code   100  stm32f1xx_hal_uart.o(i.HAL_UART_Init)
    HAL_UART_MspInit                         0x080043d9   Thumb Code   132  stm32f1xx_hal_msp.o(i.HAL_UART_MspInit)
    HAL_UART_Receive_IT                      0x08004469   Thumb Code    28  stm32f1xx_hal_uart.o(i.HAL_UART_Receive_IT)
    HAL_UART_RxCpltCallback                  0x08004485   Thumb Code   178  main.o(i.HAL_UART_RxCpltCallback)
    HAL_UART_Transmit                        0x08004585   Thumb Code   160  stm32f1xx_hal_uart.o(i.HAL_UART_Transmit)
    HAL_UART_TxCpltCallback                  0x08004625   Thumb Code     2  stm32f1xx_hal_uart.o(i.HAL_UART_TxCpltCallback)
    HardFault_Handler                        0x08004627   Thumb Code     2  stm32f1xx_it.o(i.HardFault_Handler)
    INA219_Init                              0x08004a69   Thumb Code    52  ina219.o(i.INA219_Init)
    INA219_ReadBusVoltage                    0x08004aa1   Thumb Code    14  ina219.o(i.INA219_ReadBusVoltage)
    INA219_ReadCurrent                       0x08004ab1   Thumb Code    20  ina219.o(i.INA219_ReadCurrent)
    INA219_ReadCurrent_raw                   0x08004ac9   Thumb Code    12  ina219.o(i.INA219_ReadCurrent_raw)
    INA219_ReadPower                         0x08004ad5   Thumb Code    22  ina219.o(i.INA219_ReadPower)
    INA219_ReadPower_raw                     0x08004af1   Thumb Code     6  ina219.o(i.INA219_ReadPower_raw)
    INA219_Reset                             0x08004af7   Thumb Code    22  ina219.o(i.INA219_Reset)
    INA219_setCalibration                    0x08004b0d   Thumb Code     8  ina219.o(i.INA219_setCalibration)
    INA219_setCalibration_32V_2A             0x08004b15   Thumb Code    42  ina219.o(i.INA219_setCalibration_32V_2A)
    INA219_setConfig                         0x08004b45   Thumb Code     8  ina219.o(i.INA219_setConfig)
    MemManage_Handler                        0x08004c85   Thumb Code     2  stm32f1xx_it.o(i.MemManage_Handler)
    NMI_Handler                              0x08004c87   Thumb Code     2  stm32f1xx_it.o(i.NMI_Handler)
    PendSV_Handler                           0x08004c89   Thumb Code     2  stm32f1xx_it.o(i.PendSV_Handler)
    Read16                                   0x08004c8b   Thumb Code    38  ina219.o(i.Read16)
    SOC_Correction                           0x08004cb1   Thumb Code   106  soc.o(i.SOC_Correction)
    SOC_Get                                  0x08004d39   Thumb Code     6  soc.o(i.SOC_Get)
    SOC_Init                                 0x08004d9d   Thumb Code    24  soc.o(i.SOC_Init)
    SOC_UpdateCC                             0x08004db9   Thumb Code    80  soc.o(i.SOC_UpdateCC)
    SOC_UpdateOCV                            0x08004e1d   Thumb Code    12  soc.o(i.SOC_UpdateOCV)
    SOH_Get                                  0x08004e2d   Thumb Code     6  soh.o(i.SOH_Get)
    SOH_Init                                 0x08004e39   Thumb Code    14  soh.o(i.SOH_Init)
    SOH_Update                               0x08004e51   Thumb Code    98  soh.o(i.SOH_Update)
    SVC_Handler                              0x08004ed5   Thumb Code     2  stm32f1xx_it.o(i.SVC_Handler)
    SysTick_Handler                          0x08004ed7   Thumb Code     4  stm32f1xx_it.o(i.SysTick_Handler)
    SystemClock_Config                       0x08004edb   Thumb Code   120  main.o(i.SystemClock_Config)
    SystemInit                               0x08004f53   Thumb Code     2  system_stm32f1xx.o(i.SystemInit)
    TIM2_IRQHandler                          0x08004f55   Thumb Code     6  stm32f1xx_it.o(i.TIM2_IRQHandler)
    TIM_Base_SetConfig                       0x08004f61   Thumb Code   108  stm32f1xx_hal_tim.o(i.TIM_Base_SetConfig)
    TIM_ETR_SetConfig                        0x08004fd9   Thumb Code    20  stm32f1xx_hal_tim.o(i.TIM_ETR_SetConfig)
    Temperature_Init                         0x08005045   Thumb Code     6  temperature.o(i.Temperature_Init)
    Temperature_Update                       0x08005051   Thumb Code   158  temperature.o(i.Temperature_Update)
    UART_Start_Receive_IT                    0x080052ed   Thumb Code    54  stm32f1xx_hal_uart.o(i.UART_Start_Receive_IT)
    USART1_IRQHandler                        0x08005395   Thumb Code     6  stm32f1xx_it.o(i.USART1_IRQHandler)
    UsageFault_Handler                       0x080053a1   Thumb Code     2  stm32f1xx_it.o(i.UsageFault_Handler)
    Write16                                  0x080053a3   Thumb Code    42  ina219.o(i.Write16)
    __ARM_fpclassify                         0x080053cd   Thumb Code    40  fpclassify.o(i.__ARM_fpclassify)
    __kernel_poly                            0x08005415   Thumb Code   170  poly.o(i.__kernel_poly)
    __mathlib_dbl_divzero                    0x080054c1   Thumb Code    12  dunder.o(i.__mathlib_dbl_divzero)
    __mathlib_dbl_infnan                     0x080054d1   Thumb Code     6  dunder.o(i.__mathlib_dbl_infnan)
    __mathlib_dbl_invalid                    0x080054d7   Thumb Code    12  dunder.o(i.__mathlib_dbl_invalid)
    __mathlib_dbl_overflow                   0x080054e3   Thumb Code    14  dunder.o(i.__mathlib_dbl_overflow)
    __mathlib_dbl_underflow                  0x080054f1   Thumb Code    10  dunder.o(i.__mathlib_dbl_underflow)
    __mathlib_narrow                         0x08005501   Thumb Code    16  narrow.o(i.__mathlib_narrow)
    __mathlib_tofloat                        0x08005511   Thumb Code   184  narrow.o(i.__mathlib_tofloat)
    __support_ldexp                          0x080055cd   Thumb Code    22  ldexp.o(i.__support_ldexp)
    _is_digit                                0x080055e3   Thumb Code    14  __printf_wp.o(i._is_digit)
    frexp                                    0x080055f1   Thumb Code    80  frexp.o(i.frexp)
    ldexp                                    0x08005649   Thumb Code   116  ldexp.o(i.ldexp)
    log                                      0x080056bd   Thumb Code   808  log.o(i.log)
    main                                     0x08005a19   Thumb Code   378  main.o(i.main)
    _get_lc_numeric                          0x08005bdd   Thumb Code    44  lc_numeric_c.o(locale$$code)
    _get_lc_ctype                            0x08005c09   Thumb Code    44  lc_ctype_c.o(locale$$code)
    __aeabi_d2f                              0x08005c35   Thumb Code     0  d2f.o(x$fpl$d2f)
    _d2f                                     0x08005c35   Thumb Code    98  d2f.o(x$fpl$d2f)
    __aeabi_dadd                             0x08005c99   Thumb Code     0  daddsub_clz.o(x$fpl$dadd)
    _dadd                                    0x08005c99   Thumb Code   332  daddsub_clz.o(x$fpl$dadd)
    __fpl_dcheck_NaN1                        0x08005de9   Thumb Code    10  dcheck1.o(x$fpl$dcheck1)
    __fpl_dcmp_Inf                           0x08005df9   Thumb Code    24  dcmpi.o(x$fpl$dcmpinf)
    __aeabi_ddiv                             0x08005e11   Thumb Code     0  ddiv.o(x$fpl$ddiv)
    _ddiv                                    0x08005e11   Thumb Code   552  ddiv.o(x$fpl$ddiv)
    __aeabi_cdcmpeq                          0x080060c1   Thumb Code     0  deqf.o(x$fpl$deqf)
    _dcmpeq                                  0x080060c1   Thumb Code   120  deqf.o(x$fpl$deqf)
    __aeabi_i2d                              0x08006139   Thumb Code     0  dflt_clz.o(x$fpl$dflt)
    _dflt                                    0x08006139   Thumb Code    46  dflt_clz.o(x$fpl$dflt)
    __aeabi_cdcmple                          0x08006169   Thumb Code     0  dleqf.o(x$fpl$dleqf)
    _dcmple                                  0x08006169   Thumb Code   120  dleqf.o(x$fpl$dleqf)
    __fpl_dcmple_InfNaN                      0x080061cb   Thumb Code     0  dleqf.o(x$fpl$dleqf)
    __aeabi_dmul                             0x080061e1   Thumb Code     0  dmul.o(x$fpl$dmul)
    _dmul                                    0x080061e1   Thumb Code   332  dmul.o(x$fpl$dmul)
    __fpl_dnaninf                            0x08006335   Thumb Code   156  dnaninf.o(x$fpl$dnaninf)
    __fpl_dretinf                            0x080063d1   Thumb Code    12  dretinf.o(x$fpl$dretinf)
    __aeabi_cdrcmple                         0x080063dd   Thumb Code     0  drleqf.o(x$fpl$drleqf)
    _drcmple                                 0x080063dd   Thumb Code   108  drleqf.o(x$fpl$drleqf)
    __aeabi_drsub                            0x08006449   Thumb Code     0  daddsub_clz.o(x$fpl$drsb)
    _drsb                                    0x08006449   Thumb Code    22  daddsub_clz.o(x$fpl$drsb)
    __aeabi_dsub                             0x08006461   Thumb Code     0  daddsub_clz.o(x$fpl$dsub)
    _dsub                                    0x08006461   Thumb Code   464  daddsub_clz.o(x$fpl$dsub)
    __aeabi_f2d                              0x08006635   Thumb Code     0  f2d.o(x$fpl$f2d)
    _f2d                                     0x08006635   Thumb Code    86  f2d.o(x$fpl$f2d)
    __aeabi_fadd                             0x0800668d   Thumb Code     0  faddsub_clz.o(x$fpl$fadd)
    _fadd                                    0x0800668d   Thumb Code   196  faddsub_clz.o(x$fpl$fadd)
    __fpl_fcmp_Inf                           0x08006751   Thumb Code    24  fcmpi.o(x$fpl$fcmpinf)
    __aeabi_fdiv                             0x08006769   Thumb Code     0  fdiv.o(x$fpl$fdiv)
    _fdiv                                    0x08006769   Thumb Code   384  fdiv.o(x$fpl$fdiv)
    __aeabi_f2uiz                            0x080068ed   Thumb Code     0  ffixu.o(x$fpl$ffixu)
    _ffixu                                   0x080068ed   Thumb Code    62  ffixu.o(x$fpl$ffixu)
    __aeabi_i2f                              0x0800692d   Thumb Code     0  fflt_clz.o(x$fpl$fflt)
    _fflt                                    0x0800692d   Thumb Code    48  fflt_clz.o(x$fpl$fflt)
    __aeabi_ui2f                             0x0800695d   Thumb Code     0  fflt_clz.o(x$fpl$ffltu)
    _ffltu                                   0x0800695d   Thumb Code    38  fflt_clz.o(x$fpl$ffltu)
    __aeabi_cfcmple                          0x08006985   Thumb Code     0  fleqf.o(x$fpl$fleqf)
    _fcmple                                  0x08006985   Thumb Code   104  fleqf.o(x$fpl$fleqf)
    __fpl_fcmple_InfNaN                      0x080069d7   Thumb Code     0  fleqf.o(x$fpl$fleqf)
    __aeabi_fmul                             0x080069ed   Thumb Code     0  fmul.o(x$fpl$fmul)
    _fmul                                    0x080069ed   Thumb Code   258  fmul.o(x$fpl$fmul)
    __fpl_fnaninf                            0x08006aef   Thumb Code   140  fnaninf.o(x$fpl$fnaninf)
    __fpl_fretinf                            0x08006b7b   Thumb Code    10  fretinf.o(x$fpl$fretinf)
    __aeabi_cfrcmple                         0x08006b85   Thumb Code     0  frleqf.o(x$fpl$frleqf)
    _frcmple                                 0x08006b85   Thumb Code    98  frleqf.o(x$fpl$frleqf)
    __aeabi_fsub                             0x08006be9   Thumb Code     0  faddsub_clz.o(x$fpl$fsub)
    _fsub                                    0x08006be9   Thumb Code   234  faddsub_clz.o(x$fpl$fsub)
    __ieee_status                            0x08006cd3   Thumb Code     6  istatus.o(x$fpl$ieeestatus)
    _printf_fp_dec                           0x08006cd9   Thumb Code     4  printf1.o(x$fpl$printf1)
    __fpl_return_NaN                         0x08006cdd   Thumb Code   100  retnan.o(x$fpl$retnan)
    __ARM_scalbn                             0x08006d41   Thumb Code    92  scalbn.o(x$fpl$scalbn)
    _scanf_real                              0x08006d9d   Thumb Code     4  scanf1.o(x$fpl$scanf1)
    _scanf_hex_real                          0x08006da1   Thumb Code     4  scanf2.o(x$fpl$scanf2)
    _scanf_infnan                            0x08006da5   Thumb Code     4  scanf2.o(x$fpl$scanf2)
    __fpl_cmpreturn                          0x08006da9   Thumb Code    48  trapv.o(x$fpl$trapveneer)
    __I$use$fp                               0x08006dd8   Number         0  usenofp.o(x$fpl$usenofp)
    BatteryDatabase                          0x08006e80   Data         288  batteryconfig.o(.constdata)
    AHBPrescTable                            0x08006fc4   Data          16  system_stm32f1xx.o(.constdata)
    APBPrescTable                            0x08006fd4   Data           8  system_stm32f1xx.o(.constdata)
    __mathlib_zero                           0x08007018   Data           8  qnan.o(.constdata)
    Region$$Table$$Base                      0x08007268   Number         0  anon$$obj.o(Region$$Table)
    Region$$Table$$Limit                     0x08007288   Number         0  anon$$obj.o(Region$$Table)
    __aeabi_HUGE_VAL                         0x08007288   Data           0  fpconst.o(c$$dinf)
    __aeabi_HUGE_VALL                        0x08007288   Data           0  fpconst.o(c$$dinf)
    __aeabi_INFINITY                         0x08007288   Data           0  fpconst.o(c$$dinf)
    __dInf                                   0x08007288   Data           0  fpconst.o(c$$dinf)
    __huge_val                               0x08007288   Data           0  fpconst.o(c$$dinf)
    __dbl_max                                0x08007290   Data           0  fpconst.o(c$$dmax)
    __ctype                                  0x080072c1   Data           0  lc_ctype_c.o(locale$$data)
    ina219_calibrationValue                  0x20000000   Data           2  ina219.o(.data)
    ina219_currentDivider_mA                 0x20000002   Data           2  ina219.o(.data)
    ina219_powerMultiplier_mW                0x20000004   Data           4  ina219.o(.data)
    rxIndex                                  0x2000000c   Data           1  main.o(.data)
    rxData                                   0x2000000d   Data           1  main.o(.data)
    ina219                                   0x20000010   Data           8  main.o(.data)
    uwTickFreq                               0x20000018   Data           1  stm32f1xx_hal.o(.data)
    uwTickPrio                               0x2000001c   Data           4  stm32f1xx_hal.o(.data)
    uwTick                                   0x20000020   Data           4  stm32f1xx_hal.o(.data)
    SystemCoreClock                          0x20000024   Data           4  system_stm32f1xx.o(.data)
    Temp                                     0x20000028   Data          12  temperature.o(.bss)
    Battery                                  0x20000034   Data          24  battery.o(.bss)
    BatterySOC                               0x2000004c   Data          12  soc.o(.bss)
    BatteryConfig                            0x20000058   Data          36  batteryconfig.o(.bss)
    BatterySOH                               0x2000007c   Data          12  soh.o(.bss)
    hadc1                                    0x20000088   Data          48  main.o(.bss)
    hi2c1                                    0x200000b8   Data          84  main.o(.bss)
    htim2                                    0x2000010c   Data          72  main.o(.bss)
    huart1                                   0x20000154   Data          72  main.o(.bss)
    rxBuffer                                 0x2000019c   Data          50  main.o(.bss)
    __libspace_start                         0x200001d0   Data          96  libspace.o(.bss)
    __temporary_stack_top$libspace           0x20000230   Data           0  libspace.o(.bss)



==============================================================================

Memory Map of the image

  Image Entry point : 0x080000ed

  Load Region LR_IROM1 (Base: 0x08000000, Size: 0x000073ec, Max: 0x00010000, ABSOLUTE)

    Execution Region ER_IROM1 (Exec base: 0x08000000, Load base: 0x08000000, Size: 0x000073c4, Max: 0x00010000, ABSOLUTE)

    Exec Addr    Load Addr    Size         Type   Attr      Idx    E Section Name        Object

    0x08000000   0x08000000   0x000000ec   Data   RO            3    RESET               startup_stm32f103xb.o
    0x080000ec   0x080000ec   0x00000008   Code   RO         3862  * !!!main             c_w.l(__main.o)
    0x080000f4   0x080000f4   0x00000034   Code   RO         4243    !!!scatter          c_w.l(__scatter.o)
    0x08000128   0x08000128   0x0000001a   Code   RO         4245    !!handler_copy      c_w.l(__scatter_copy.o)
    0x08000142   0x08000142   0x00000002   PAD
    0x08000144   0x08000144   0x0000001c   Code   RO         4247    !!handler_zi        c_w.l(__scatter_zi.o)
    0x08000160   0x08000160   0x00000000   Code   RO         3847    .ARM.Collect$$_printf_percent$$00000000  c_w.l(_printf_percent.o)
    0x08000160   0x08000160   0x00000006   Code   RO         3846    .ARM.Collect$$_printf_percent$$00000003  c_w.l(_printf_f.o)
    0x08000166   0x08000166   0x00000006   Code   RO         3845    .ARM.Collect$$_printf_percent$$00000009  c_w.l(_printf_d.o)
    0x0800016c   0x0800016c   0x00000006   Code   RO         3844    .ARM.Collect$$_printf_percent$$00000014  c_w.l(_printf_s.o)
    0x08000172   0x08000172   0x00000004   Code   RO         3933    .ARM.Collect$$_printf_percent$$00000017  c_w.l(_printf_percent_end.o)
    0x08000176   0x08000176   0x00000002   Code   RO         4087    .ARM.Collect$$libinit$$00000000  c_w.l(libinit.o)
    0x08000178   0x08000178   0x00000000   Code   RO         4089    .ARM.Collect$$libinit$$00000002  c_w.l(libinit2.o)
    0x08000178   0x08000178   0x00000000   Code   RO         4091    .ARM.Collect$$libinit$$00000004  c_w.l(libinit2.o)
    0x08000178   0x08000178   0x00000000   Code   RO         4094    .ARM.Collect$$libinit$$0000000A  c_w.l(libinit2.o)
    0x08000178   0x08000178   0x00000000   Code   RO         4096    .ARM.Collect$$libinit$$0000000C  c_w.l(libinit2.o)
    0x08000178   0x08000178   0x00000000   Code   RO         4098    .ARM.Collect$$libinit$$0000000E  c_w.l(libinit2.o)
    0x08000178   0x08000178   0x00000006   Code   RO         4099    .ARM.Collect$$libinit$$0000000F  c_w.l(libinit2.o)
    0x0800017e   0x0800017e   0x00000000   Code   RO         4101    .ARM.Collect$$libinit$$00000011  c_w.l(libinit2.o)
    0x0800017e   0x0800017e   0x0000000c   Code   RO         4102    .ARM.Collect$$libinit$$00000012  c_w.l(libinit2.o)
    0x0800018a   0x0800018a   0x00000000   Code   RO         4103    .ARM.Collect$$libinit$$00000013  c_w.l(libinit2.o)
    0x0800018a   0x0800018a   0x00000000   Code   RO         4105    .ARM.Collect$$libinit$$00000015  c_w.l(libinit2.o)
    0x0800018a   0x0800018a   0x0000000a   Code   RO         4106    .ARM.Collect$$libinit$$00000016  c_w.l(libinit2.o)
    0x08000194   0x08000194   0x00000000   Code   RO         4107    .ARM.Collect$$libinit$$00000017  c_w.l(libinit2.o)
    0x08000194   0x08000194   0x00000000   Code   RO         4109    .ARM.Collect$$libinit$$00000019  c_w.l(libinit2.o)
    0x08000194   0x08000194   0x00000000   Code   RO         4111    .ARM.Collect$$libinit$$0000001B  c_w.l(libinit2.o)
    0x08000194   0x08000194   0x00000000   Code   RO         4113    .ARM.Collect$$libinit$$0000001D  c_w.l(libinit2.o)
    0x08000194   0x08000194   0x00000000   Code   RO         4115    .ARM.Collect$$libinit$$0000001F  c_w.l(libinit2.o)
    0x08000194   0x08000194   0x00000000   Code   RO         4117    .ARM.Collect$$libinit$$00000021  c_w.l(libinit2.o)
    0x08000194   0x08000194   0x00000000   Code   RO         4119    .ARM.Collect$$libinit$$00000023  c_w.l(libinit2.o)
    0x08000194   0x08000194   0x00000000   Code   RO         4121    .ARM.Collect$$libinit$$00000025  c_w.l(libinit2.o)
    0x08000194   0x08000194   0x00000000   Code   RO         4125    .ARM.Collect$$libinit$$0000002C  c_w.l(libinit2.o)
    0x08000194   0x08000194   0x00000000   Code   RO         4127    .ARM.Collect$$libinit$$0000002E  c_w.l(libinit2.o)
    0x08000194   0x08000194   0x00000000   Code   RO         4129    .ARM.Collect$$libinit$$00000030  c_w.l(libinit2.o)
    0x08000194   0x08000194   0x00000000   Code   RO         4131    .ARM.Collect$$libinit$$00000032  c_w.l(libinit2.o)
    0x08000194   0x08000194   0x00000002   Code   RO         4132    .ARM.Collect$$libinit$$00000033  c_w.l(libinit2.o)
    0x08000196   0x08000196   0x00000002   Code   RO         4191    .ARM.Collect$$libshutdown$$00000000  c_w.l(libshutdown.o)
    0x08000198   0x08000198   0x00000000   Code   RO         4202    .ARM.Collect$$libshutdown$$00000002  c_w.l(libshutdown2.o)
    0x08000198   0x08000198   0x00000000   Code   RO         4204    .ARM.Collect$$libshutdown$$00000004  c_w.l(libshutdown2.o)
    0x08000198   0x08000198   0x00000000   Code   RO         4207    .ARM.Collect$$libshutdown$$00000007  c_w.l(libshutdown2.o)
    0x08000198   0x08000198   0x00000000   Code   RO         4210    .ARM.Collect$$libshutdown$$0000000A  c_w.l(libshutdown2.o)
    0x08000198   0x08000198   0x00000000   Code   RO         4212    .ARM.Collect$$libshutdown$$0000000C  c_w.l(libshutdown2.o)
    0x08000198   0x08000198   0x00000000   Code   RO         4215    .ARM.Collect$$libshutdown$$0000000F  c_w.l(libshutdown2.o)
    0x08000198   0x08000198   0x00000002   Code   RO         4216    .ARM.Collect$$libshutdown$$00000010  c_w.l(libshutdown2.o)
    0x0800019a   0x0800019a   0x00000000   Code   RO         3920    .ARM.Collect$$rtentry$$00000000  c_w.l(__rtentry.o)
    0x0800019a   0x0800019a   0x00000000   Code   RO         3981    .ARM.Collect$$rtentry$$00000002  c_w.l(__rtentry2.o)
    0x0800019a   0x0800019a   0x00000006   Code   RO         3993    .ARM.Collect$$rtentry$$00000004  c_w.l(__rtentry4.o)
    0x080001a0   0x080001a0   0x00000000   Code   RO         3983    .ARM.Collect$$rtentry$$00000009  c_w.l(__rtentry2.o)
    0x080001a0   0x080001a0   0x00000004   Code   RO         3984    .ARM.Collect$$rtentry$$0000000A  c_w.l(__rtentry2.o)
    0x080001a4   0x080001a4   0x00000000   Code   RO         3986    .ARM.Collect$$rtentry$$0000000C  c_w.l(__rtentry2.o)
    0x080001a4   0x080001a4   0x00000008   Code   RO         3987    .ARM.Collect$$rtentry$$0000000D  c_w.l(__rtentry2.o)
    0x080001ac   0x080001ac   0x00000002   Code   RO         4141    .ARM.Collect$$rtexit$$00000000  c_w.l(rtexit.o)
    0x080001ae   0x080001ae   0x00000000   Code   RO         4169    .ARM.Collect$$rtexit$$00000002  c_w.l(rtexit2.o)
    0x080001ae   0x080001ae   0x00000004   Code   RO         4170    .ARM.Collect$$rtexit$$00000003  c_w.l(rtexit2.o)
    0x080001b2   0x080001b2   0x00000006   Code   RO         4171    .ARM.Collect$$rtexit$$00000004  c_w.l(rtexit2.o)
    0x080001b8   0x080001b8   0x00000040   Code   RO            4    .text               startup_stm32f103xb.o
    0x080001f8   0x080001f8   0x00000028   Code   RO         3816    .text               c_w.l(noretval__2sprintf.o)
    0x08000220   0x08000220   0x00000052   Code   RO         3820    .text               c_w.l(_printf_str.o)
    0x08000272   0x08000272   0x00000002   PAD
    0x08000274   0x08000274   0x00000078   Code   RO         3822    .text               c_w.l(_printf_dec.o)
    0x080002ec   0x080002ec   0x0000010e   Code   RO         3832    .text               c_w.l(__printf_wp.o)
    0x080003fa   0x080003fa   0x00000002   PAD
    0x080003fc   0x080003fc   0x0000003c   Code   RO         3848    .text               c_w.l(__0sscanf.o)
    0x08000438   0x08000438   0x0000014c   Code   RO         3850    .text               c_w.l(_scanf_int.o)
    0x08000584   0x08000584   0x00000048   Code   RO         3852    .text               c_w.l(strcpy.o)
    0x080005cc   0x080005cc   0x0000003e   Code   RO         3854    .text               c_w.l(strlen.o)
    0x0800060a   0x0800060a   0x00000096   Code   RO         3856    .text               c_w.l(strncmp.o)
    0x080006a0   0x080006a0   0x0000004e   Code   RO         3858    .text               c_w.l(rt_memclr_w.o)
    0x080006ee   0x080006ee   0x00000006   Code   RO         3860    .text               c_w.l(heapauxi.o)
    0x080006f4   0x080006f4   0x00000016   Code   RO         3921    .text               c_w.l(_rserrno.o)
    0x0800070a   0x0800070a   0x000000b2   Code   RO         3923    .text               c_w.l(_printf_intcommon.o)
    0x080007bc   0x080007bc   0x0000041e   Code   RO         3925    .text               c_w.l(_printf_fp_dec.o)
    0x08000bda   0x08000bda   0x00000002   PAD
    0x08000bdc   0x08000bdc   0x00000030   Code   RO         3927    .text               c_w.l(_printf_char_common.o)
    0x08000c0c   0x08000c0c   0x0000000a   Code   RO         3929    .text               c_w.l(_sputc.o)
    0x08000c16   0x08000c16   0x0000002c   Code   RO         3931    .text               c_w.l(_printf_char.o)
    0x08000c42   0x08000c42   0x0000001c   Code   RO         3934    .text               c_w.l(_chval.o)
    0x08000c5e   0x08000c5e   0x00000002   PAD
    0x08000c60   0x08000c60   0x000004f8   Code   RO         3936    .text               c_w.l(scanf_fp.o)
    0x08001158   0x08001158   0x0000002c   Code   RO         3938    .text               c_w.l(scanf_char.o)
    0x08001184   0x08001184   0x00000040   Code   RO         3940    .text               c_w.l(_sgetc.o)
    0x080011c4   0x080011c4   0x00000008   Code   RO         3998    .text               c_w.l(rt_locale_intlibspace.o)
    0x080011cc   0x080011cc   0x00000008   Code   RO         4003    .text               c_w.l(rt_errno_addr_intlibspace.o)
    0x080011d4   0x080011d4   0x0000008a   Code   RO         4005    .text               c_w.l(lludiv10.o)
    0x0800125e   0x0800125e   0x00000012   Code   RO         4007    .text               c_w.l(isspace.o)
    0x08001270   0x08001270   0x00000080   Code   RO         4009    .text               c_w.l(_printf_fp_infnan.o)
    0x080012f0   0x080012f0   0x00000374   Code   RO         4013    .text               c_w.l(_scanf.o)
    0x08001664   0x08001664   0x000000e4   Code   RO         4015    .text               c_w.l(bigflt0.o)
    0x08001748   0x08001748   0x00000008   Code   RO         4067    .text               c_w.l(libspace.o)
    0x08001750   0x08001750   0x0000004a   Code   RO         4070    .text               c_w.l(sys_stackheap_outer.o)
    0x0800179a   0x0800179a   0x00000002   PAD
    0x0800179c   0x0800179c   0x00000010   Code   RO         4072    .text               c_w.l(rt_ctype_table.o)
    0x080017ac   0x080017ac   0x00000320   Code   RO         4074    .text               c_w.l(scanf_hexfp.o)
    0x08001acc   0x08001acc   0x00000134   Code   RO         4076    .text               c_w.l(scanf_infnan.o)
    0x08001c00   0x08001c00   0x00000012   Code   RO         4078    .text               c_w.l(exit.o)
    0x08001c12   0x08001c12   0x00000002   PAD
    0x08001c14   0x08001c14   0x00000080   Code   RO         4080    .text               c_w.l(strcmpv7m.o)
    0x08001c94   0x08001c94   0x00000026   Code   RO         4143    .text               c_w.l(llshl.o)
    0x08001cba   0x08001cba   0x00000002   PAD
    0x08001cbc   0x08001cbc   0x0000000c   Code   RO         4181    .text               c_w.l(sys_exit.o)
    0x08001cc8   0x08001cc8   0x00000002   Code   RO         4192    .text               c_w.l(use_no_semi.o)
    0x08001cca   0x08001cca   0x00000000   Code   RO         4194    .text               c_w.l(indicate_semi.o)
    0x08001cca   0x08001cca   0x0000003e   Code   RO         4018    CL$$btod_d2e        c_w.l(btod.o)
    0x08001d08   0x08001d08   0x00000046   Code   RO         4020    CL$$btod_d2e_denorm_low  c_w.l(btod.o)
    0x08001d4e   0x08001d4e   0x00000060   Code   RO         4019    CL$$btod_d2e_norm_op1  c_w.l(btod.o)
    0x08001dae   0x08001dae   0x00000338   Code   RO         4028    CL$$btod_div_common  c_w.l(btod.o)
    0x080020e6   0x080020e6   0x00000002   PAD
    0x080020e8   0x080020e8   0x00000084   Code   RO         4026    CL$$btod_e2d        c_w.l(btod.o)
    0x0800216c   0x0800216c   0x000000dc   Code   RO         4025    CL$$btod_e2e        c_w.l(btod.o)
    0x08002248   0x08002248   0x0000002a   Code   RO         4022    CL$$btod_ediv       c_w.l(btod.o)
    0x08002272   0x08002272   0x0000002a   Code   RO         4024    CL$$btod_edivd      c_w.l(btod.o)
    0x0800229c   0x0800229c   0x0000002a   Code   RO         4021    CL$$btod_emul       c_w.l(btod.o)
    0x080022c6   0x080022c6   0x0000002a   Code   RO         4023    CL$$btod_emuld      c_w.l(btod.o)
    0x080022f0   0x080022f0   0x00000244   Code   RO         4027    CL$$btod_mult_common  c_w.l(btod.o)
    0x08002534   0x08002534   0x00000056   Code   RO          749    i.ADC_ConversionStop_Disable  stm32f1xx_hal_adc.o
    0x0800258a   0x0800258a   0x00000002   PAD
    0x0800258c   0x0800258c   0x0000007c   Code   RO          753    i.ADC_Enable        stm32f1xx_hal_adc.o
    0x08002608   0x08002608   0x00000006   Code   RO          384    i.BatteryConfig_Init  batteryconfig.o
    0x0800260e   0x0800260e   0x00000002   PAD
    0x08002610   0x08002610   0x00000064   Code   RO          385    i.BatteryConfig_Print  batteryconfig.o
    0x08002674   0x08002674   0x00000034   Code   RO          386    i.BatteryConfig_Select  batteryconfig.o
    0x080026a8   0x080026a8   0x00000024   Code   RO          387    i.BatteryConfig_Update  batteryconfig.o
    0x080026cc   0x080026cc   0x00000034   Code   RO          271    i.Battery_Init      battery.o
    0x08002700   0x08002700   0x000000a8   Code   RO          272    i.Battery_Update    battery.o
    0x080027a8   0x080027a8   0x00000002   Code   RO          553    i.BusFault_Handler  stm32f1xx_it.o
    0x080027aa   0x080027aa   0x00000002   Code   RO          554    i.DebugMon_Handler  stm32f1xx_it.o
    0x080027ac   0x080027ac   0x000000fc   Code   RO          755    i.HAL_ADC_ConfigChannel  stm32f1xx_hal_adc.o
    0x080028a8   0x080028a8   0x00000006   Code   RO          762    i.HAL_ADC_GetValue  stm32f1xx_hal_adc.o
    0x080028ae   0x080028ae   0x00000002   PAD
    0x080028b0   0x080028b0   0x0000011c   Code   RO          764    i.HAL_ADC_Init      stm32f1xx_hal_adc.o
    0x080029cc   0x080029cc   0x00000058   Code   RO          642    i.HAL_ADC_MspInit   stm32f1xx_hal_msp.o
    0x08002a24   0x08002a24   0x0000013c   Code   RO          768    i.HAL_ADC_PollForConversion  stm32f1xx_hal_adc.o
    0x08002b60   0x08002b60   0x000000c0   Code   RO          770    i.HAL_ADC_Start     stm32f1xx_hal_adc.o
    0x08002c20   0x08002c20   0x00000034   Code   RO          773    i.HAL_ADC_Stop      stm32f1xx_hal_adc.o
    0x08002c54   0x08002c54   0x00000046   Code   RO         1406    i.HAL_DMA_Abort     stm32f1xx_hal_dma.o
    0x08002c9a   0x08002c9a   0x00000002   PAD
    0x08002c9c   0x08002c9c   0x00000098   Code   RO         1407    i.HAL_DMA_Abort_IT  stm32f1xx_hal_dma.o
    0x08002d34   0x08002d34   0x00000024   Code   RO         1032    i.HAL_Delay         stm32f1xx_hal.o
    0x08002d58   0x08002d58   0x000001e0   Code   RO         1342    i.HAL_GPIO_Init     stm32f1xx_hal_gpio.o
    0x08002f38   0x08002f38   0x0000000a   Code   RO         1346    i.HAL_GPIO_WritePin  stm32f1xx_hal_gpio.o
    0x08002f42   0x08002f42   0x00000002   PAD
    0x08002f44   0x08002f44   0x0000000c   Code   RO         1036    i.HAL_GetTick       stm32f1xx_hal.o
    0x08002f50   0x08002f50   0x00000188   Code   RO         2013    i.HAL_I2C_Init      stm32f1xx_hal_i2c.o
    0x080030d8   0x080030d8   0x0000016c   Code   RO         2014    i.HAL_I2C_IsDeviceReady  stm32f1xx_hal_i2c.o
    0x08003244   0x08003244   0x0000025c   Code   RO         2031    i.HAL_I2C_Mem_Read  stm32f1xx_hal_i2c.o
    0x080034a0   0x080034a0   0x00000130   Code   RO         2034    i.HAL_I2C_Mem_Write  stm32f1xx_hal_i2c.o
    0x080035d0   0x080035d0   0x0000005c   Code   RO          644    i.HAL_I2C_MspInit   stm32f1xx_hal_msp.o
    0x0800362c   0x0800362c   0x00000010   Code   RO         1042    i.HAL_IncTick       stm32f1xx_hal.o
    0x0800363c   0x0800363c   0x00000024   Code   RO         1043    i.HAL_Init          stm32f1xx_hal.o
    0x08003660   0x08003660   0x00000040   Code   RO         1044    i.HAL_InitTick      stm32f1xx_hal.o
    0x080036a0   0x080036a0   0x0000003c   Code   RO          645    i.HAL_MspInit       stm32f1xx_hal_msp.o
    0x080036dc   0x080036dc   0x0000001a   Code   RO         1502    i.HAL_NVIC_EnableIRQ  stm32f1xx_hal_cortex.o
    0x080036f6   0x080036f6   0x00000002   PAD
    0x080036f8   0x080036f8   0x00000040   Code   RO         1508    i.HAL_NVIC_SetPriority  stm32f1xx_hal_cortex.o
    0x08003738   0x08003738   0x00000024   Code   RO         1509    i.HAL_NVIC_SetPriorityGrouping  stm32f1xx_hal_cortex.o
    0x0800375c   0x0800375c   0x000000a4   Code   RO         1303    i.HAL_RCCEx_GetPeriphCLKFreq  stm32f1xx_hal_rcc_ex.o
    0x08003800   0x08003800   0x000000ec   Code   RO         1304    i.HAL_RCCEx_PeriphCLKConfig  stm32f1xx_hal_rcc_ex.o
    0x080038ec   0x080038ec   0x0000012c   Code   RO         1200    i.HAL_RCC_ClockConfig  stm32f1xx_hal_rcc.o
    0x08003a18   0x08003a18   0x00000020   Code   RO         1207    i.HAL_RCC_GetPCLK1Freq  stm32f1xx_hal_rcc.o
    0x08003a38   0x08003a38   0x00000020   Code   RO         1208    i.HAL_RCC_GetPCLK2Freq  stm32f1xx_hal_rcc.o
    0x08003a58   0x08003a58   0x0000004c   Code   RO         1209    i.HAL_RCC_GetSysClockFreq  stm32f1xx_hal_rcc.o
    0x08003aa4   0x08003aa4   0x00000320   Code   RO         1212    i.HAL_RCC_OscConfig  stm32f1xx_hal_rcc.o
    0x08003dc4   0x08003dc4   0x00000028   Code   RO         1513    i.HAL_SYSTICK_Config  stm32f1xx_hal_cortex.o
    0x08003dec   0x08003dec   0x00000002   Code   RO         3145    i.HAL_TIMEx_BreakCallback  stm32f1xx_hal_tim_ex.o
    0x08003dee   0x08003dee   0x00000002   Code   RO         3146    i.HAL_TIMEx_CommutCallback  stm32f1xx_hal_tim_ex.o
    0x08003df0   0x08003df0   0x00000068   Code   RO         3164    i.HAL_TIMEx_MasterConfigSynchronization  stm32f1xx_hal_tim_ex.o
    0x08003e58   0x08003e58   0x0000005a   Code   RO         2441    i.HAL_TIM_Base_Init  stm32f1xx_hal_tim.o
    0x08003eb2   0x08003eb2   0x00000002   PAD
    0x08003eb4   0x08003eb4   0x00000038   Code   RO          647    i.HAL_TIM_Base_MspInit  stm32f1xx_hal_msp.o
    0x08003eec   0x08003eec   0x000000dc   Code   RO         2450    i.HAL_TIM_ConfigClockSource  stm32f1xx_hal_tim.o
    0x08003fc8   0x08003fc8   0x00000002   Code   RO         2475    i.HAL_TIM_IC_CaptureCallback  stm32f1xx_hal_tim.o
    0x08003fca   0x08003fca   0x00000130   Code   RO         2489    i.HAL_TIM_IRQHandler  stm32f1xx_hal_tim.o
    0x080040fa   0x080040fa   0x00000002   Code   RO         2492    i.HAL_TIM_OC_DelayElapsedCallback  stm32f1xx_hal_tim.o
    0x080040fc   0x080040fc   0x00000002   Code   RO         2519    i.HAL_TIM_PWM_PulseFinishedCallback  stm32f1xx_hal_tim.o
    0x080040fe   0x080040fe   0x00000002   Code   RO         2527    i.HAL_TIM_PeriodElapsedCallback  stm32f1xx_hal_tim.o
    0x08004100   0x08004100   0x00000002   Code   RO         2532    i.HAL_TIM_TriggerCallback  stm32f1xx_hal_tim.o
    0x08004102   0x08004102   0x00000002   Code   RO         3424    i.HAL_UARTEx_RxEventCallback  stm32f1xx_hal_uart.o
    0x08004104   0x08004104   0x00000002   Code   RO         3438    i.HAL_UART_ErrorCallback  stm32f1xx_hal_uart.o
    0x08004106   0x08004106   0x00000002   PAD
    0x08004108   0x08004108   0x0000026c   Code   RO         3441    i.HAL_UART_IRQHandler  stm32f1xx_hal_uart.o
    0x08004374   0x08004374   0x00000064   Code   RO         3442    i.HAL_UART_Init     stm32f1xx_hal_uart.o
    0x080043d8   0x080043d8   0x00000090   Code   RO          649    i.HAL_UART_MspInit  stm32f1xx_hal_msp.o
    0x08004468   0x08004468   0x0000001c   Code   RO         3447    i.HAL_UART_Receive_IT  stm32f1xx_hal_uart.o
    0x08004484   0x08004484   0x00000100   Code   RO          484    i.HAL_UART_RxCpltCallback  main.o
    0x08004584   0x08004584   0x000000a0   Code   RO         3450    i.HAL_UART_Transmit  stm32f1xx_hal_uart.o
    0x08004624   0x08004624   0x00000002   Code   RO         3453    i.HAL_UART_TxCpltCallback  stm32f1xx_hal_uart.o
    0x08004626   0x08004626   0x00000002   Code   RO          555    i.HardFault_Handler  stm32f1xx_it.o
    0x08004628   0x08004628   0x0000002e   Code   RO         2056    i.I2C_IsAcknowledgeFailed  stm32f1xx_hal_i2c.o
    0x08004656   0x08004656   0x00000002   PAD
    0x08004658   0x08004658   0x000000fc   Code   RO         2066    i.I2C_RequestMemoryRead  stm32f1xx_hal_i2c.o
    0x08004754   0x08004754   0x000000a8   Code   RO         2067    i.I2C_RequestMemoryWrite  stm32f1xx_hal_i2c.o
    0x080047fc   0x080047fc   0x00000056   Code   RO         2071    i.I2C_WaitOnBTFFlagUntilTimeout  stm32f1xx_hal_i2c.o
    0x08004852   0x08004852   0x00000002   PAD
    0x08004854   0x08004854   0x00000090   Code   RO         2072    i.I2C_WaitOnFlagUntilTimeout  stm32f1xx_hal_i2c.o
    0x080048e4   0x080048e4   0x000000bc   Code   RO         2073    i.I2C_WaitOnMasterAddressFlagUntilTimeout  stm32f1xx_hal_i2c.o
    0x080049a0   0x080049a0   0x00000070   Code   RO         2074    i.I2C_WaitOnRXNEFlagUntilTimeout  stm32f1xx_hal_i2c.o
    0x08004a10   0x08004a10   0x00000056   Code   RO         2075    i.I2C_WaitOnTXEFlagUntilTimeout  stm32f1xx_hal_i2c.o
    0x08004a66   0x08004a66   0x00000002   PAD
    0x08004a68   0x08004a68   0x00000038   Code   RO           13    i.INA219_Init       ina219.o
    0x08004aa0   0x08004aa0   0x0000000e   Code   RO           14    i.INA219_ReadBusVoltage  ina219.o
    0x08004aae   0x08004aae   0x00000002   PAD
    0x08004ab0   0x08004ab0   0x00000018   Code   RO           15    i.INA219_ReadCurrent  ina219.o
    0x08004ac8   0x08004ac8   0x0000000c   Code   RO           16    i.INA219_ReadCurrent_raw  ina219.o
    0x08004ad4   0x08004ad4   0x0000001c   Code   RO           17    i.INA219_ReadPower  ina219.o
    0x08004af0   0x08004af0   0x00000006   Code   RO           18    i.INA219_ReadPower_raw  ina219.o
    0x08004af6   0x08004af6   0x00000016   Code   RO           20    i.INA219_Reset      ina219.o
    0x08004b0c   0x08004b0c   0x00000008   Code   RO           22    i.INA219_setCalibration  ina219.o
    0x08004b14   0x08004b14   0x00000030   Code   RO           25    i.INA219_setCalibration_32V_2A  ina219.o
    0x08004b44   0x08004b44   0x00000008   Code   RO           26    i.INA219_setConfig  ina219.o
    0x08004b4c   0x08004b4c   0x00000050   Code   RO          485    i.MX_ADC1_Init      main.o
    0x08004b9c   0x08004b9c   0x00000080   Code   RO          486    i.MX_GPIO_Init      main.o
    0x08004c1c   0x08004c1c   0x00000068   Code   RO          487    i.MX_TIM2_Init      main.o
    0x08004c84   0x08004c84   0x00000002   Code   RO          556    i.MemManage_Handler  stm32f1xx_it.o
    0x08004c86   0x08004c86   0x00000002   Code   RO          557    i.NMI_Handler       stm32f1xx_it.o
    0x08004c88   0x08004c88   0x00000002   Code   RO          558    i.PendSV_Handler    stm32f1xx_it.o
    0x08004c8a   0x08004c8a   0x00000026   Code   RO           28    i.Read16            ina219.o
    0x08004cb0   0x08004cb0   0x00000088   Code   RO          319    i.SOC_Correction    soc.o
    0x08004d38   0x08004d38   0x0000000c   Code   RO          320    i.SOC_Get           soc.o
    0x08004d44   0x08004d44   0x00000058   Code   RO          321    i.SOC_GetFromVoltage  soc.o
    0x08004d9c   0x08004d9c   0x0000001c   Code   RO          322    i.SOC_Init          soc.o
    0x08004db8   0x08004db8   0x00000064   Code   RO          323    i.SOC_UpdateCC      soc.o
    0x08004e1c   0x08004e1c   0x00000010   Code   RO          324    i.SOC_UpdateOCV     soc.o
    0x08004e2c   0x08004e2c   0x0000000c   Code   RO          441    i.SOH_Get           soh.o
    0x08004e38   0x08004e38   0x00000018   Code   RO          442    i.SOH_Init          soh.o
    0x08004e50   0x08004e50   0x00000084   Code   RO          443    i.SOH_Update        soh.o
    0x08004ed4   0x08004ed4   0x00000002   Code   RO          559    i.SVC_Handler       stm32f1xx_it.o
    0x08004ed6   0x08004ed6   0x00000004   Code   RO          560    i.SysTick_Handler   stm32f1xx_it.o
    0x08004eda   0x08004eda   0x00000078   Code   RO          488    i.SystemClock_Config  main.o
    0x08004f52   0x08004f52   0x00000002   Code   RO         3776    i.SystemInit        system_stm32f1xx.o
    0x08004f54   0x08004f54   0x0000000c   Code   RO          561    i.TIM2_IRQHandler   stm32f1xx_it.o
    0x08004f60   0x08004f60   0x00000078   Code   RO         2534    i.TIM_Base_SetConfig  stm32f1xx_hal_tim.o
    0x08004fd8   0x08004fd8   0x00000014   Code   RO         2545    i.TIM_ETR_SetConfig  stm32f1xx_hal_tim.o
    0x08004fec   0x08004fec   0x00000010   Code   RO         2546    i.TIM_ITRx_SetConfig  stm32f1xx_hal_tim.o
    0x08004ffc   0x08004ffc   0x00000022   Code   RO         2552    i.TIM_TI1_ConfigInputStage  stm32f1xx_hal_tim.o
    0x0800501e   0x0800501e   0x00000024   Code   RO         2554    i.TIM_TI2_ConfigInputStage  stm32f1xx_hal_tim.o
    0x08005042   0x08005042   0x00000002   PAD
    0x08005044   0x08005044   0x0000000c   Code   RO          231    i.Temperature_Init  temperature.o
    0x08005050   0x08005050   0x000000c4   Code   RO          232    i.Temperature_Update  temperature.o
    0x08005114   0x08005114   0x00000010   Code   RO         3455    i.UART_DMAAbortOnError  stm32f1xx_hal_uart.o
    0x08005124   0x08005124   0x0000004e   Code   RO         3465    i.UART_EndRxTransfer  stm32f1xx_hal_uart.o
    0x08005172   0x08005172   0x000000c2   Code   RO         3467    i.UART_Receive_IT   stm32f1xx_hal_uart.o
    0x08005234   0x08005234   0x000000b8   Code   RO         3468    i.UART_SetConfig    stm32f1xx_hal_uart.o
    0x080052ec   0x080052ec   0x00000036   Code   RO         3470    i.UART_Start_Receive_IT  stm32f1xx_hal_uart.o
    0x08005322   0x08005322   0x00000072   Code   RO         3471    i.UART_WaitOnFlagUntilTimeout  stm32f1xx_hal_uart.o
    0x08005394   0x08005394   0x0000000c   Code   RO          562    i.USART1_IRQHandler  stm32f1xx_it.o
    0x080053a0   0x080053a0   0x00000002   Code   RO          563    i.UsageFault_Handler  stm32f1xx_it.o
    0x080053a2   0x080053a2   0x0000002a   Code   RO           29    i.Write16           ina219.o
    0x080053cc   0x080053cc   0x00000028   Code   RO         4059    i.__ARM_fpclassify  m_ws.l(fpclassify.o)
    0x080053f4   0x080053f4   0x00000020   Code   RO         1515    i.__NVIC_SetPriority  stm32f1xx_hal_cortex.o
    0x08005414   0x08005414   0x000000aa   Code   RO         3977    i.__kernel_poly     m_ws.l(poly.o)
    0x080054be   0x080054be   0x00000002   PAD
    0x080054c0   0x080054c0   0x00000010   Code   RO         3963    i.__mathlib_dbl_divzero  m_ws.l(dunder.o)
    0x080054d0   0x080054d0   0x00000006   Code   RO         3964    i.__mathlib_dbl_infnan  m_ws.l(dunder.o)
    0x080054d6   0x080054d6   0x0000000c   Code   RO         3966    i.__mathlib_dbl_invalid  m_ws.l(dunder.o)
    0x080054e2   0x080054e2   0x0000000e   Code   RO         3967    i.__mathlib_dbl_overflow  m_ws.l(dunder.o)
    0x080054f0   0x080054f0   0x00000010   Code   RO         3969    i.__mathlib_dbl_underflow  m_ws.l(dunder.o)
    0x08005500   0x08005500   0x00000010   Code   RO         4061    i.__mathlib_narrow  m_ws.l(narrow.o)
    0x08005510   0x08005510   0x000000bc   Code   RO         4062    i.__mathlib_tofloat  m_ws.l(narrow.o)
    0x080055cc   0x080055cc   0x00000016   Code   RO         4157    i.__support_ldexp   m_ws.l(ldexp.o)
    0x080055e2   0x080055e2   0x0000000e   Code   RO         3834    i._is_digit         c_w.l(__printf_wp.o)
    0x080055f0   0x080055f0   0x00000058   Code   RO         4138    i.frexp             m_ws.l(frexp.o)
    0x08005648   0x08005648   0x00000074   Code   RO         4158    i.ldexp             m_ws.l(ldexp.o)
    0x080056bc   0x080056bc   0x0000035c   Code   RO         3911    i.log               m_ws.l(log.o)
    0x08005a18   0x08005a18   0x000001c4   Code   RO          489    i.main              main.o
    0x08005bdc   0x08005bdc   0x0000002c   Code   RO         4041    locale$$code        c_w.l(lc_numeric_c.o)
    0x08005c08   0x08005c08   0x0000002c   Code   RO         4146    locale$$code        c_w.l(lc_ctype_c.o)
    0x08005c34   0x08005c34   0x00000062   Code   RO         3864    x$fpl$d2f           fz_ws.l(d2f.o)
    0x08005c96   0x08005c96   0x00000002   PAD
    0x08005c98   0x08005c98   0x00000150   Code   RO         3866    x$fpl$dadd          fz_ws.l(daddsub_clz.o)
    0x08005de8   0x08005de8   0x00000010   Code   RO         4043    x$fpl$dcheck1       fz_ws.l(dcheck1.o)
    0x08005df8   0x08005df8   0x00000018   Code   RO         4045    x$fpl$dcmpinf       fz_ws.l(dcmpi.o)
    0x08005e10   0x08005e10   0x000002b0   Code   RO         3873    x$fpl$ddiv          fz_ws.l(ddiv.o)
    0x080060c0   0x080060c0   0x00000078   Code   RO         3942    x$fpl$deqf          fz_ws.l(deqf.o)
    0x08006138   0x08006138   0x0000002e   Code   RO         3945    x$fpl$dflt          fz_ws.l(dflt_clz.o)
    0x08006166   0x08006166   0x00000002   PAD
    0x08006168   0x08006168   0x00000078   Code   RO         4150    x$fpl$dleqf         fz_ws.l(dleqf.o)
    0x080061e0   0x080061e0   0x00000154   Code   RO         3876    x$fpl$dmul          fz_ws.l(dmul.o)
    0x08006334   0x08006334   0x0000009c   Code   RO         3950    x$fpl$dnaninf       fz_ws.l(dnaninf.o)
    0x080063d0   0x080063d0   0x0000000c   Code   RO         3952    x$fpl$dretinf       fz_ws.l(dretinf.o)
    0x080063dc   0x080063dc   0x0000006c   Code   RO         4133    x$fpl$drleqf        fz_ws.l(drleqf.o)
    0x08006448   0x08006448   0x00000016   Code   RO         3867    x$fpl$drsb          fz_ws.l(daddsub_clz.o)
    0x0800645e   0x0800645e   0x00000002   PAD
    0x08006460   0x08006460   0x000001d4   Code   RO         3868    x$fpl$dsub          fz_ws.l(daddsub_clz.o)
    0x08006634   0x08006634   0x00000056   Code   RO         3878    x$fpl$f2d           fz_ws.l(f2d.o)
    0x0800668a   0x0800668a   0x00000002   PAD
    0x0800668c   0x0800668c   0x000000c4   Code   RO         3880    x$fpl$fadd          fz_ws.l(faddsub_clz.o)
    0x08006750   0x08006750   0x00000018   Code   RO         3954    x$fpl$fcmpinf       fz_ws.l(fcmpi.o)
    0x08006768   0x08006768   0x00000184   Code   RO         3887    x$fpl$fdiv          fz_ws.l(fdiv.o)
    0x080068ec   0x080068ec   0x0000003e   Code   RO         3890    x$fpl$ffixu         fz_ws.l(ffixu.o)
    0x0800692a   0x0800692a   0x00000002   PAD
    0x0800692c   0x0800692c   0x00000030   Code   RO         3895    x$fpl$fflt          fz_ws.l(fflt_clz.o)
    0x0800695c   0x0800695c   0x00000026   Code   RO         3894    x$fpl$ffltu         fz_ws.l(fflt_clz.o)
    0x08006982   0x08006982   0x00000002   PAD
    0x08006984   0x08006984   0x00000068   Code   RO         3900    x$fpl$fleqf         fz_ws.l(fleqf.o)
    0x080069ec   0x080069ec   0x00000102   Code   RO         3902    x$fpl$fmul          fz_ws.l(fmul.o)
    0x08006aee   0x08006aee   0x0000008c   Code   RO         3956    x$fpl$fnaninf       fz_ws.l(fnaninf.o)
    0x08006b7a   0x08006b7a   0x0000000a   Code   RO         3958    x$fpl$fretinf       fz_ws.l(fretinf.o)
    0x08006b84   0x08006b84   0x00000062   Code   RO         3904    x$fpl$frleqf        fz_ws.l(frleqf.o)
    0x08006be6   0x08006be6   0x00000002   PAD
    0x08006be8   0x08006be8   0x000000ea   Code   RO         3882    x$fpl$fsub          fz_ws.l(faddsub_clz.o)
    0x08006cd2   0x08006cd2   0x00000006   Code   RO         4051    x$fpl$ieeestatus    fz_ws.l(istatus.o)
    0x08006cd8   0x08006cd8   0x00000004   Code   RO         3906    x$fpl$printf1       fz_ws.l(printf1.o)
    0x08006cdc   0x08006cdc   0x00000064   Code   RO         4135    x$fpl$retnan        fz_ws.l(retnan.o)
    0x08006d40   0x08006d40   0x0000005c   Code   RO         3960    x$fpl$scalbn        fz_ws.l(scalbn.o)
    0x08006d9c   0x08006d9c   0x00000004   Code   RO         3908    x$fpl$scanf1        fz_ws.l(scanf1.o)
    0x08006da0   0x08006da0   0x00000008   Code   RO         4053    x$fpl$scanf2        fz_ws.l(scanf2.o)
    0x08006da8   0x08006da8   0x00000030   Code   RO         4154    x$fpl$trapveneer    fz_ws.l(trapv.o)
    0x08006dd8   0x08006dd8   0x00000000   Code   RO         3962    x$fpl$usenofp       fz_ws.l(usenofp.o)
    0x08006dd8   0x08006dd8   0x000000a8   Data   RO          326    .constdata          soc.o
    0x08006e80   0x08006e80   0x00000120   Data   RO          389    .constdata          batteryconfig.o
    0x08006fa0   0x08006fa0   0x00000012   Data   RO         1213    .constdata          stm32f1xx_hal_rcc.o
    0x08006fb2   0x08006fb2   0x00000012   Data   RO         1305    .constdata          stm32f1xx_hal_rcc_ex.o
    0x08006fc4   0x08006fc4   0x00000010   Data   RO         3777    .constdata          system_stm32f1xx.o
    0x08006fd4   0x08006fd4   0x00000008   Data   RO         3778    .constdata          system_stm32f1xx.o
    0x08006fdc   0x08006fdc   0x00000004   PAD
    0x08006fe0   0x08006fe0   0x00000038   Data   RO         3912    .constdata          m_ws.l(log.o)
    0x08007018   0x08007018   0x00000008   Data   RO         3979    .constdata          m_ws.l(qnan.o)
    0x08007020   0x08007020   0x00000094   Data   RO         4016    .constdata          c_w.l(bigflt0.o)
    0x080070b4   0x080070b4   0x000000af   Data   RO          390    .conststring        batteryconfig.o
    0x08007163   0x08007163   0x00000001   PAD
    0x08007164   0x08007164   0x00000102   Data   RO          491    .conststring        main.o
    0x08007266   0x08007266   0x00000002   PAD
    0x08007268   0x08007268   0x00000020   Data   RO         4241    Region$$Table       anon$$obj.o
    0x08007288   0x08007288   0x00000008   Data   RO         4047    c$$dinf             fz_ws.l(fpconst.o)
    0x08007290   0x08007290   0x00000008   Data   RO         4050    c$$dmax             fz_ws.l(fpconst.o)
    0x08007298   0x08007298   0x0000001c   Data   RO         4040    locale$$data        c_w.l(lc_numeric_c.o)
    0x080072b4   0x080072b4   0x00000110   Data   RO         4145    locale$$data        c_w.l(lc_ctype_c.o)


    Execution Region RW_IRAM1 (Exec base: 0x20000000, Load base: 0x080073c4, Size: 0x00000830, Max: 0x00005000, ABSOLUTE)

    Exec Addr    Load Addr    Size         Type   Attr      Idx    E Section Name        Object

    0x20000000   0x080073c4   0x00000008   Data   RW           30    .data               ina219.o
    0x20000008   0x080073cc   0x00000004   Data   RW          327    .data               soc.o
    0x2000000c   0x080073d0   0x0000000c   Data   RW          492    .data               main.o
    0x20000018   0x080073dc   0x0000000c   Data   RW         1050    .data               stm32f1xx_hal.o
    0x20000024   0x080073e8   0x00000004   Data   RW         3779    .data               system_stm32f1xx.o
    0x20000028        -       0x0000000c   Zero   RW          233    .bss                temperature.o
    0x20000034        -       0x00000018   Zero   RW          273    .bss                battery.o
    0x2000004c        -       0x0000000c   Zero   RW          325    .bss                soc.o
    0x20000058        -       0x00000024   Zero   RW          388    .bss                batteryconfig.o
    0x2000007c        -       0x0000000c   Zero   RW          444    .bss                soh.o
    0x20000088        -       0x00000146   Zero   RW          490    .bss                main.o
    0x200001ce   0x080073ec   0x00000002   PAD
    0x200001d0        -       0x00000060   Zero   RW         4068    .bss                c_w.l(libspace.o)
    0x20000230        -       0x00000200   Zero   RW            2    HEAP                startup_stm32f103xb.o
    0x20000430        -       0x00000400   Zero   RW            1    STACK               startup_stm32f103xb.o


==============================================================================

Image component sizes


      Code (inc. data)   RO Data    RW Data    ZI Data      Debug   Object Name

       220         30          0          0         24       4371   battery.o
       194         20        463          0         36       3333   batteryconfig.o
       306         20          0          8          0     457136   ina219.o
      1140        174        258         12        326       4828   main.o
       380         82        168          4         12       3998   soc.o
       168         50          0          0         12       1915   soh.o
        64         26        236          0       1536        772   startup_stm32f103xb.o
       164         28          0         12          0       5589   stm32f1xx_hal.o
      1312         54          0          0          0       6875   stm32f1xx_hal_adc.o
       198         14          0          0          0      28707   stm32f1xx_hal_cortex.o
       222          4          0          0          0       1651   stm32f1xx_hal_dma.o
       490         34          0          0          0       2772   stm32f1xx_hal_gpio.o
      2746         66          0          0          0      13930   stm32f1xx_hal_i2c.o
       440         50          0          0          0       3304   stm32f1xx_hal_msp.o
      1240         84         18          0          0       4876   stm32f1xx_hal_rcc.o
       400         28         18          0          0       2353   stm32f1xx_hal_rcc_ex.o
       850         12          0          0          0       9157   stm32f1xx_hal_tim.o
       108         12          0          0          0       2245   stm32f1xx_hal_tim_ex.o
      1554         10          0          0          0      10416   stm32f1xx_hal_uart.o
        44         12          0          0          0       4304   stm32f1xx_it.o
         2          0         24          4          0        999   system_stm32f1xx.o
       208         44          0          0         12       1939   temperature.o

    ----------------------------------------------------------------------
     12476        854       1224         40       1960     575470   Object Totals
         0          0         32          0          0          0   (incl. Generated)
        26          0          7          0          2          0   (incl. Padding)

    ----------------------------------------------------------------------

      Code (inc. data)   RO Data    RW Data    ZI Data      Debug   Library Member Name

        60          8          0          0          0         84   __0sscanf.o
         8          0          0          0          0         68   __main.o
       284          0          0          0          0        156   __printf_wp.o
         0          0          0          0          0          0   __rtentry.o
        12          0          0          0          0          0   __rtentry2.o
         6          0          0          0          0          0   __rtentry4.o
        52          8          0          0          0          0   __scatter.o
        26          0          0          0          0          0   __scatter_copy.o
        28          0          0          0          0          0   __scatter_zi.o
        28          0          0          0          0         68   _chval.o
        44          0          0          0          0        108   _printf_char.o
        48          6          0          0          0         96   _printf_char_common.o
         6          0          0          0          0          0   _printf_d.o
       120         16          0          0          0         92   _printf_dec.o
         6          0          0          0          0          0   _printf_f.o
      1054          0          0          0          0        216   _printf_fp_dec.o
       128         16          0          0          0         84   _printf_fp_infnan.o
       178          0          0          0          0         88   _printf_intcommon.o
         0          0          0          0          0          0   _printf_percent.o
         4          0          0          0          0          0   _printf_percent_end.o
         6          0          0          0          0          0   _printf_s.o
        82          0          0          0          0         80   _printf_str.o
        22          0          0          0          0        100   _rserrno.o
       884          6          0          0          0        100   _scanf.o
       332          0          0          0          0         96   _scanf_int.o
        64          0          0          0          0         84   _sgetc.o
        10          0          0          0          0         68   _sputc.o
       228          4        148          0          0         96   bigflt0.o
      2152        136          0          0          0        960   btod.o
        18          0          0          0          0         80   exit.o
         6          0          0          0          0        152   heapauxi.o
         0          0          0          0          0          0   indicate_semi.o
        18          0          0          0          0         76   isspace.o
        44         10        272          0          0         76   lc_ctype_c.o
        44         10         28          0          0         76   lc_numeric_c.o
         2          0          0          0          0          0   libinit.o
        30          0          0          0          0          0   libinit2.o
         2          0          0          0          0          0   libshutdown.o
         2          0          0          0          0          0   libshutdown2.o
         8          4          0          0         96         68   libspace.o
        38          0          0          0          0         68   llshl.o
       138          0          0          0          0         80   lludiv10.o
        40          6          0          0          0         84   noretval__2sprintf.o
        16          4          0          0          0         76   rt_ctype_table.o
         8          4          0          0          0         68   rt_errno_addr_intlibspace.o
         8          4          0          0          0         68   rt_locale_intlibspace.o
        78          0          0          0          0         80   rt_memclr_w.o
         2          0          0          0          0          0   rtexit.o
        10          0          0          0          0          0   rtexit2.o
        44          8          0          0          0         84   scanf_char.o
      1272         16          0          0          0        168   scanf_fp.o
       800         14          0          0          0        100   scanf_hexfp.o
       308         16          0          0          0        100   scanf_infnan.o
       128          0          0          0          0         68   strcmpv7m.o
        72          0          0          0          0         80   strcpy.o
        62          0          0          0          0         76   strlen.o
       150          0          0          0          0         80   strncmp.o
        12          4          0          0          0         68   sys_exit.o
        74          0          0          0          0         80   sys_stackheap_outer.o
         2          0          0          0          0         68   use_no_semi.o
        98          4          0          0          0         92   d2f.o
       826         16          0          0          0        348   daddsub_clz.o
        16          4          0          0          0         68   dcheck1.o
        24          0          0          0          0         68   dcmpi.o
       688        140          0          0          0        208   ddiv.o
       120          4          0          0          0         92   deqf.o
        46          0          0          0          0         68   dflt_clz.o
       120          4          0          0          0         92   dleqf.o
       340         12          0          0          0        104   dmul.o
       156          4          0          0          0         92   dnaninf.o
        12          0          0          0          0         68   dretinf.o
       108          0          0          0          0         80   drleqf.o
        86          4          0          0          0         84   f2d.o
       430          8          0          0          0        168   faddsub_clz.o
        24          0          0          0          0         68   fcmpi.o
       388         76          0          0          0         96   fdiv.o
        62          4          0          0          0         84   ffixu.o
        86          0          0          0          0        136   fflt_clz.o
       104          4          0          0          0         84   fleqf.o
       258          4          0          0          0         84   fmul.o
       140          4          0          0          0         84   fnaninf.o
         0          0         16          0          0          0   fpconst.o
        10          0          0          0          0         68   fretinf.o
        98          0          0          0          0         68   frleqf.o
         6          0          0          0          0         68   istatus.o
         4          0          0          0          0         68   printf1.o
       100          0          0          0          0         68   retnan.o
        92          0          0          0          0         68   scalbn.o
         4          0          0          0          0         68   scanf1.o
         8          0          0          0          0         84   scanf2.o
        48          0          0          0          0         68   trapv.o
         0          0          0          0          0          0   usenofp.o
        64         10          0          0          0        340   dunder.o
        40          0          0          0          0         68   fpclassify.o
        88          8          0          0          0         76   frexp.o
       138          0          0          0          0        160   ldexp.o
       860         52         56          0          0        256   log.o
       204          4          0          0          0        168   narrow.o
       170          0          0          0          0         96   poly.o
         0          0          8          0          0          0   qnan.o

    ----------------------------------------------------------------------
     15408        668        528          0         96       8728   Library Totals
        34          2          0          0          0          0   (incl. Padding)

    ----------------------------------------------------------------------

      Code (inc. data)   RO Data    RW Data    ZI Data      Debug   Library Name

      9308        300        448          0         96       4668   c_w.l
      4502        292         16          0          0       2896   fz_ws.l
      1564         74         64          0          0       1164   m_ws.l

    ----------------------------------------------------------------------
     15408        668        528          0         96       8728   Library Totals

    ----------------------------------------------------------------------

==============================================================================


      Code (inc. data)   RO Data    RW Data    ZI Data      Debug   

     27884       1522       1752         40       2056     573118   Grand Totals
     27884       1522       1752         40       2056     573118   ELF Image Totals
     27884       1522       1752         40          0          0   ROM Totals

==============================================================================

    Total RO  Size (Code + RO Data)                29636 (  28.94kB)
    Total RW  Size (RW Data + ZI Data)              2096 (   2.05kB)
    Total ROM Size (Code + RO Data + RW Data)      29676 (  28.98kB)

==============================================================================

